<?xml version="1.0" encoding="ISO-8859-1" ?>
<link_info>
   <banner>TI ARM Clang Linker Unix v3.2.1.LTS</banner>
   <copyright>Copyright (c) 1996-2018 Texas Instruments Incorporated</copyright>
   <link_time>0x66e9d346</link_time>
   <link_errors>0x0</link_errors>
   <output_file>/Users/victor/Desktop/CS350/M7/gpiointerrupt_CC3220S_LAUNCHXL_nortos_ticlang/MCU+Image/gpiointerrupt_CC3220S_LAUNCHXL_nortos_ticlang.out</output_file>
   <entry_point>
      <name>resetISR</name>
      <address>0x20012d1d</address>
   </entry_point>
   <input_file_list>
      <input_file id="fl-1">
         <path>/Users/victor/Desktop/CS350/M7/gpiointerrupt_CC3220S_LAUNCHXL_nortos_ticlang/MCU+Image/./</path>
         <kind>object</kind>
         <file>gpiointerrupt.o</file>
         <name>gpiointerrupt.o</name>
      </input_file>
      <input_file id="fl-2">
         <path>/Users/victor/Desktop/CS350/M7/gpiointerrupt_CC3220S_LAUNCHXL_nortos_ticlang/MCU+Image/./syscfg/</path>
         <kind>object</kind>
         <file>ti_drivers_config.o</file>
         <name>ti_drivers_config.o</name>
      </input_file>
      <input_file id="fl-3">
         <path>/Users/victor/Desktop/CS350/M7/gpiointerrupt_CC3220S_LAUNCHXL_nortos_ticlang/MCU+Image/./</path>
         <kind>object</kind>
         <file>main_nortos.o</file>
         <name>main_nortos.o</name>
      </input_file>
      <input_file id="fl-13">
         <path>/Users/victor/Desktop/CS350/M7/gpiointerrupt_CC3220S_LAUNCHXL_nortos_ticlang/MCU+Image/</path>
         <kind>object</kind>
         <file>&lt;internal&gt;</file>
         <name>&lt;internal&gt;</name>
      </input_file>
      <input_file id="fl-14">
         <path>/Users/victor/ti/simplelink_cc32xx_sdk_7_10_00_13/source/ti/drivers/lib/ticlang/m4/</path>
         <kind>archive</kind>
         <file>drivers_cc32xx.a</file>
         <name>GPIO.c.obj</name>
      </input_file>
      <input_file id="fl-15">
         <path>/Users/victor/ti/simplelink_cc32xx_sdk_7_10_00_13/source/ti/drivers/lib/ticlang/m4/</path>
         <kind>archive</kind>
         <file>drivers_cc32xx.a</file>
         <name>GPIOCC32XX.c.obj</name>
      </input_file>
      <input_file id="fl-16">
         <path>/Users/victor/ti/simplelink_cc32xx_sdk_7_10_00_13/source/ti/drivers/lib/ticlang/m4/</path>
         <kind>archive</kind>
         <file>drivers_cc32xx.a</file>
         <name>I2C.c.obj</name>
      </input_file>
      <input_file id="fl-17">
         <path>/Users/victor/ti/simplelink_cc32xx_sdk_7_10_00_13/source/ti/drivers/lib/ticlang/m4/</path>
         <kind>archive</kind>
         <file>drivers_cc32xx.a</file>
         <name>I2CCC32XX.c.obj</name>
      </input_file>
      <input_file id="fl-18">
         <path>/Users/victor/ti/simplelink_cc32xx_sdk_7_10_00_13/source/ti/drivers/lib/ticlang/m4/</path>
         <kind>archive</kind>
         <file>drivers_cc32xx.a</file>
         <name>PowerCC32XX.c.obj</name>
      </input_file>
      <input_file id="fl-19">
         <path>/Users/victor/ti/simplelink_cc32xx_sdk_7_10_00_13/source/ti/drivers/lib/ticlang/m4/</path>
         <kind>archive</kind>
         <file>drivers_cc32xx.a</file>
         <name>PowerCC32XX_ticlang.asm.obj</name>
      </input_file>
      <input_file id="fl-1a">
         <path>/Users/victor/ti/simplelink_cc32xx_sdk_7_10_00_13/source/ti/drivers/lib/ticlang/m4/</path>
         <kind>archive</kind>
         <file>drivers_cc32xx.a</file>
         <name>Timer.c.obj</name>
      </input_file>
      <input_file id="fl-1b">
         <path>/Users/victor/ti/simplelink_cc32xx_sdk_7_10_00_13/source/ti/drivers/lib/ticlang/m4/</path>
         <kind>archive</kind>
         <file>drivers_cc32xx.a</file>
         <name>TimerCC32XX.c.obj</name>
      </input_file>
      <input_file id="fl-1c">
         <path>/Users/victor/ti/simplelink_cc32xx_sdk_7_10_00_13/source/ti/drivers/lib/ticlang/m4/</path>
         <kind>archive</kind>
         <file>drivers_cc32xx.a</file>
         <name>UART2.c.obj</name>
      </input_file>
      <input_file id="fl-1d">
         <path>/Users/victor/ti/simplelink_cc32xx_sdk_7_10_00_13/source/ti/drivers/lib/ticlang/m4/</path>
         <kind>archive</kind>
         <file>drivers_cc32xx.a</file>
         <name>UART2CC32XX.c.obj</name>
      </input_file>
      <input_file id="fl-1e">
         <path>/Users/victor/ti/simplelink_cc32xx_sdk_7_10_00_13/source/ti/drivers/lib/ticlang/m4/</path>
         <kind>archive</kind>
         <file>drivers_cc32xx.a</file>
         <name>List.c.obj</name>
      </input_file>
      <input_file id="fl-1f">
         <path>/Users/victor/ti/simplelink_cc32xx_sdk_7_10_00_13/source/ti/drivers/lib/ticlang/m4/</path>
         <kind>archive</kind>
         <file>drivers_cc32xx.a</file>
         <name>RingBuf.c.obj</name>
      </input_file>
      <input_file id="fl-20">
         <path>/Users/victor/ti/simplelink_cc32xx_sdk_7_10_00_13/source/ti/drivers/lib/ticlang/m4/</path>
         <kind>archive</kind>
         <file>drivers_cc32xx.a</file>
         <name>UDMACC32XX.c.obj</name>
      </input_file>
      <input_file id="fl-21">
         <path>/Users/victor/ti/simplelink_cc32xx_sdk_7_10_00_13/kernel/nortos/lib/ticlang/m4/</path>
         <kind>archive</kind>
         <file>nortos_cc32xx.a</file>
         <name>NoRTOS.c.obj</name>
      </input_file>
      <input_file id="fl-22">
         <path>/Users/victor/ti/simplelink_cc32xx_sdk_7_10_00_13/kernel/nortos/lib/ticlang/m4/</path>
         <kind>archive</kind>
         <file>nortos_cc32xx.a</file>
         <name>SemaphoreP_nortos.c.obj</name>
      </input_file>
      <input_file id="fl-23">
         <path>/Users/victor/ti/simplelink_cc32xx_sdk_7_10_00_13/kernel/nortos/lib/ticlang/m4/</path>
         <kind>archive</kind>
         <file>nortos_cc32xx.a</file>
         <name>ClockPSysTick_nortos.c.obj</name>
      </input_file>
      <input_file id="fl-24">
         <path>/Users/victor/ti/simplelink_cc32xx_sdk_7_10_00_13/kernel/nortos/lib/ticlang/m4/</path>
         <kind>archive</kind>
         <file>nortos_cc32xx.a</file>
         <name>HwiPCC32XX_nortos.c.obj</name>
      </input_file>
      <input_file id="fl-25">
         <path>/Users/victor/ti/simplelink_cc32xx_sdk_7_10_00_13/kernel/nortos/lib/ticlang/m4/</path>
         <kind>archive</kind>
         <file>nortos_cc32xx.a</file>
         <name>PowerCC32XX_nortos.c.obj</name>
      </input_file>
      <input_file id="fl-26">
         <path>/Users/victor/ti/simplelink_cc32xx_sdk_7_10_00_13/kernel/nortos/lib/ticlang/m4/</path>
         <kind>archive</kind>
         <file>nortos_cc32xx.a</file>
         <name>startup_cc32xx_ticlang.c.obj</name>
      </input_file>
      <input_file id="fl-27">
         <path>/Users/victor/ti/simplelink_cc32xx_sdk_7_10_00_13/kernel/nortos/lib/ticlang/m4/</path>
         <kind>archive</kind>
         <file>nortos_cc32xx.a</file>
         <name>SwiP_nortos.c.obj</name>
      </input_file>
      <input_file id="fl-28">
         <path>/Users/victor/ti/simplelink_cc32xx_sdk_7_10_00_13/source/ti/devices/cc32xx/driverlib/ticlang/Release/</path>
         <kind>archive</kind>
         <file>driverlib.a</file>
         <name>cpu.obj</name>
      </input_file>
      <input_file id="fl-29">
         <path>/Users/victor/ti/simplelink_cc32xx_sdk_7_10_00_13/source/ti/devices/cc32xx/driverlib/ticlang/Release/</path>
         <kind>archive</kind>
         <file>driverlib.a</file>
         <name>gpio.obj</name>
      </input_file>
      <input_file id="fl-2a">
         <path>/Users/victor/ti/simplelink_cc32xx_sdk_7_10_00_13/source/ti/devices/cc32xx/driverlib/ticlang/Release/</path>
         <kind>archive</kind>
         <file>driverlib.a</file>
         <name>hwspinlock.obj</name>
      </input_file>
      <input_file id="fl-2b">
         <path>/Users/victor/ti/simplelink_cc32xx_sdk_7_10_00_13/source/ti/devices/cc32xx/driverlib/ticlang/Release/</path>
         <kind>archive</kind>
         <file>driverlib.a</file>
         <name>i2c.obj</name>
      </input_file>
      <input_file id="fl-2c">
         <path>/Users/victor/ti/simplelink_cc32xx_sdk_7_10_00_13/source/ti/devices/cc32xx/driverlib/ticlang/Release/</path>
         <kind>archive</kind>
         <file>driverlib.a</file>
         <name>interrupt.obj</name>
      </input_file>
      <input_file id="fl-2d">
         <path>/Users/victor/ti/simplelink_cc32xx_sdk_7_10_00_13/source/ti/devices/cc32xx/driverlib/ticlang/Release/</path>
         <kind>archive</kind>
         <file>driverlib.a</file>
         <name>pin.obj</name>
      </input_file>
      <input_file id="fl-2e">
         <path>/Users/victor/ti/simplelink_cc32xx_sdk_7_10_00_13/source/ti/devices/cc32xx/driverlib/ticlang/Release/</path>
         <kind>archive</kind>
         <file>driverlib.a</file>
         <name>prcm.obj</name>
      </input_file>
      <input_file id="fl-2f">
         <path>/Users/victor/ti/simplelink_cc32xx_sdk_7_10_00_13/source/ti/devices/cc32xx/driverlib/ticlang/Release/</path>
         <kind>archive</kind>
         <file>driverlib.a</file>
         <name>spi.obj</name>
      </input_file>
      <input_file id="fl-30">
         <path>/Users/victor/ti/simplelink_cc32xx_sdk_7_10_00_13/source/ti/devices/cc32xx/driverlib/ticlang/Release/</path>
         <kind>archive</kind>
         <file>driverlib.a</file>
         <name>systick.obj</name>
      </input_file>
      <input_file id="fl-31">
         <path>/Users/victor/ti/simplelink_cc32xx_sdk_7_10_00_13/source/ti/devices/cc32xx/driverlib/ticlang/Release/</path>
         <kind>archive</kind>
         <file>driverlib.a</file>
         <name>timer.obj</name>
      </input_file>
      <input_file id="fl-32">
         <path>/Users/victor/ti/simplelink_cc32xx_sdk_7_10_00_13/source/ti/devices/cc32xx/driverlib/ticlang/Release/</path>
         <kind>archive</kind>
         <file>driverlib.a</file>
         <name>uart.obj</name>
      </input_file>
      <input_file id="fl-33">
         <path>/Users/victor/ti/simplelink_cc32xx_sdk_7_10_00_13/source/ti/devices/cc32xx/driverlib/ticlang/Release/</path>
         <kind>archive</kind>
         <file>driverlib.a</file>
         <name>udma.obj</name>
      </input_file>
      <input_file id="fl-34">
         <path>/Users/victor/ti/simplelink_cc32xx_sdk_7_10_00_13/source/ti/devices/cc32xx/driverlib/ticlang/Release/</path>
         <kind>archive</kind>
         <file>driverlib.a</file>
         <name>utils.obj</name>
      </input_file>
      <input_file id="fl-35">
         <path>/Users/victor/ti/simplelink_cc32xx_sdk_7_10_00_13/source/ti/devices/cc32xx/driverlib/ticlang/Release/</path>
         <kind>archive</kind>
         <file>driverlib.a</file>
         <name>flash.obj</name>
      </input_file>
      <input_file id="fl-44">
         <path>/Applications/ti/ccs1280/ccs/tools/compiler/ti-cgt-armllvm_3.2.1.LTS/lib/armv7em-ti-none-eabi/c/</path>
         <kind>archive</kind>
         <file>libc.a</file>
         <name>printf.c.obj</name>
      </input_file>
      <input_file id="fl-45">
         <path>/Applications/ti/ccs1280/ccs/tools/compiler/ti-cgt-armllvm_3.2.1.LTS/lib/armv7em-ti-none-eabi/c/</path>
         <kind>archive</kind>
         <file>libc.a</file>
         <name>_printfi.c.obj</name>
      </input_file>
      <input_file id="fl-46">
         <path>/Applications/ti/ccs1280/ccs/tools/compiler/ti-cgt-armllvm_3.2.1.LTS/lib/armv7em-ti-none-eabi/c/</path>
         <kind>archive</kind>
         <file>libc.a</file>
         <name>vsnprintf.c.obj</name>
      </input_file>
      <input_file id="fl-47">
         <path>/Applications/ti/ccs1280/ccs/tools/compiler/ti-cgt-armllvm_3.2.1.LTS/lib/armv7em-ti-none-eabi/c/</path>
         <kind>archive</kind>
         <file>libc.a</file>
         <name>fputc.c.obj</name>
      </input_file>
      <input_file id="fl-48">
         <path>/Applications/ti/ccs1280/ccs/tools/compiler/ti-cgt-armllvm_3.2.1.LTS/lib/armv7em-ti-none-eabi/c/</path>
         <kind>archive</kind>
         <file>libc.a</file>
         <name>fputs.c.obj</name>
      </input_file>
      <input_file id="fl-49">
         <path>/Applications/ti/ccs1280/ccs/tools/compiler/ti-cgt-armllvm_3.2.1.LTS/lib/armv7em-ti-none-eabi/c/</path>
         <kind>archive</kind>
         <file>libc.a</file>
         <name>_io_perm.c.obj</name>
      </input_file>
      <input_file id="fl-4a">
         <path>/Applications/ti/ccs1280/ccs/tools/compiler/ti-cgt-armllvm_3.2.1.LTS/lib/armv7em-ti-none-eabi/c/</path>
         <kind>archive</kind>
         <file>libc.a</file>
         <name>setvbuf.c.obj</name>
      </input_file>
      <input_file id="fl-4b">
         <path>/Applications/ti/ccs1280/ccs/tools/compiler/ti-cgt-armllvm_3.2.1.LTS/lib/armv7em-ti-none-eabi/c/</path>
         <kind>archive</kind>
         <file>libc.a</file>
         <name>wcslen.c.obj</name>
      </input_file>
      <input_file id="fl-4c">
         <path>/Applications/ti/ccs1280/ccs/tools/compiler/ti-cgt-armllvm_3.2.1.LTS/lib/armv7em-ti-none-eabi/c/</path>
         <kind>archive</kind>
         <file>libc.a</file>
         <name>aeabi_portable.c.obj</name>
      </input_file>
      <input_file id="fl-4d">
         <path>/Applications/ti/ccs1280/ccs/tools/compiler/ti-cgt-armllvm_3.2.1.LTS/lib/armv7em-ti-none-eabi/c/</path>
         <kind>archive</kind>
         <file>libc.a</file>
         <name>exit.c.obj</name>
      </input_file>
      <input_file id="fl-4e">
         <path>/Applications/ti/ccs1280/ccs/tools/compiler/ti-cgt-armllvm_3.2.1.LTS/lib/armv7em-ti-none-eabi/c/</path>
         <kind>archive</kind>
         <file>libc.a</file>
         <name>_lock.c.obj</name>
      </input_file>
      <input_file id="fl-4f">
         <path>/Applications/ti/ccs1280/ccs/tools/compiler/ti-cgt-armllvm_3.2.1.LTS/lib/armv7em-ti-none-eabi/c/</path>
         <kind>archive</kind>
         <file>libc.a</file>
         <name>_ltoa.c.obj</name>
      </input_file>
      <input_file id="fl-50">
         <path>/Applications/ti/ccs1280/ccs/tools/compiler/ti-cgt-armllvm_3.2.1.LTS/lib/armv7em-ti-none-eabi/c/</path>
         <kind>archive</kind>
         <file>libc.a</file>
         <name>assert.c.obj</name>
      </input_file>
      <input_file id="fl-51">
         <path>/Applications/ti/ccs1280/ccs/tools/compiler/ti-cgt-armllvm_3.2.1.LTS/lib/armv7em-ti-none-eabi/c/</path>
         <kind>archive</kind>
         <file>libc.a</file>
         <name>atoi.c.obj</name>
      </input_file>
      <input_file id="fl-52">
         <path>/Applications/ti/ccs1280/ccs/tools/compiler/ti-cgt-armllvm_3.2.1.LTS/lib/armv7em-ti-none-eabi/c/</path>
         <kind>archive</kind>
         <file>libc.a</file>
         <name>defs.c.obj</name>
      </input_file>
      <input_file id="fl-53">
         <path>/Applications/ti/ccs1280/ccs/tools/compiler/ti-cgt-armllvm_3.2.1.LTS/lib/armv7em-ti-none-eabi/c/</path>
         <kind>archive</kind>
         <file>libc.a</file>
         <name>memccpy.c.obj</name>
      </input_file>
      <input_file id="fl-54">
         <path>/Applications/ti/ccs1280/ccs/tools/compiler/ti-cgt-armllvm_3.2.1.LTS/lib/armv7em-ti-none-eabi/c/</path>
         <kind>archive</kind>
         <file>libc.a</file>
         <name>memory.c.obj</name>
      </input_file>
      <input_file id="fl-55">
         <path>/Applications/ti/ccs1280/ccs/tools/compiler/ti-cgt-armllvm_3.2.1.LTS/lib/armv7em-ti-none-eabi/c/</path>
         <kind>archive</kind>
         <file>libc.a</file>
         <name>boot_cortex_m.c.obj</name>
      </input_file>
      <input_file id="fl-56">
         <path>/Applications/ti/ccs1280/ccs/tools/compiler/ti-cgt-armllvm_3.2.1.LTS/lib/armv7em-ti-none-eabi/c/</path>
         <kind>archive</kind>
         <file>libc.a</file>
         <name>mathacl_init.c.obj</name>
      </input_file>
      <input_file id="fl-57">
         <path>/Applications/ti/ccs1280/ccs/tools/compiler/ti-cgt-armllvm_3.2.1.LTS/lib/armv7em-ti-none-eabi/c/</path>
         <kind>archive</kind>
         <file>libc.a</file>
         <name>autoinit.c.obj</name>
      </input_file>
      <input_file id="fl-58">
         <path>/Applications/ti/ccs1280/ccs/tools/compiler/ti-cgt-armllvm_3.2.1.LTS/lib/armv7em-ti-none-eabi/c/</path>
         <kind>archive</kind>
         <file>libc.a</file>
         <name>pre_init.c.obj</name>
      </input_file>
      <input_file id="fl-59">
         <path>/Applications/ti/ccs1280/ccs/tools/compiler/ti-cgt-armllvm_3.2.1.LTS/lib/armv7em-ti-none-eabi/c/</path>
         <kind>archive</kind>
         <file>libc.a</file>
         <name>cpy_tbl.c.obj</name>
      </input_file>
      <input_file id="fl-5a">
         <path>/Applications/ti/ccs1280/ccs/tools/compiler/ti-cgt-armllvm_3.2.1.LTS/lib/armv7em-ti-none-eabi/c/</path>
         <kind>archive</kind>
         <file>libc.a</file>
         <name>copy_zero_init.c.obj</name>
      </input_file>
      <input_file id="fl-5b">
         <path>/Applications/ti/ccs1280/ccs/tools/compiler/ti-cgt-armllvm_3.2.1.LTS/lib/armv7em-ti-none-eabi/c/</path>
         <kind>archive</kind>
         <file>libc.a</file>
         <name>copy_decompress_none.c.obj</name>
      </input_file>
      <input_file id="fl-5c">
         <path>/Applications/ti/ccs1280/ccs/tools/compiler/ti-cgt-armllvm_3.2.1.LTS/lib/armv7em-ti-none-eabi/c/</path>
         <kind>archive</kind>
         <file>libc.a</file>
         <name>copy_decompress_lzss.c.obj</name>
      </input_file>
      <input_file id="fl-5d">
         <path>/Applications/ti/ccs1280/ccs/tools/compiler/ti-cgt-armllvm_3.2.1.LTS/lib/armv7em-ti-none-eabi/c/</path>
         <kind>archive</kind>
         <file>libc.a</file>
         <name>s_frexp.c.obj</name>
      </input_file>
      <input_file id="fl-5e">
         <path>/Applications/ti/ccs1280/ccs/tools/compiler/ti-cgt-armllvm_3.2.1.LTS/lib/armv7em-ti-none-eabi/c/</path>
         <kind>archive</kind>
         <file>libc.a</file>
         <name>s_scalbn.c.obj</name>
      </input_file>
      <input_file id="fl-5f">
         <path>/Applications/ti/ccs1280/ccs/tools/compiler/ti-cgt-armllvm_3.2.1.LTS/lib/armv7em-ti-none-eabi/c/</path>
         <kind>archive</kind>
         <file>libc.a</file>
         <name>sprintf.c.obj</name>
      </input_file>
      <input_file id="fl-60">
         <path>/Applications/ti/ccs1280/ccs/tools/compiler/ti-cgt-armllvm_3.2.1.LTS/lib/armv7em-ti-none-eabi/c/</path>
         <kind>archive</kind>
         <file>libc.a</file>
         <name>fflush.c.obj</name>
      </input_file>
      <input_file id="fl-61">
         <path>/Applications/ti/ccs1280/ccs/tools/compiler/ti-cgt-armllvm_3.2.1.LTS/lib/armv7em-ti-none-eabi/c/</path>
         <kind>archive</kind>
         <file>libc.a</file>
         <name>fopen.c.obj</name>
      </input_file>
      <input_file id="fl-62">
         <path>/Applications/ti/ccs1280/ccs/tools/compiler/ti-cgt-armllvm_3.2.1.LTS/lib/armv7em-ti-none-eabi/c/</path>
         <kind>archive</kind>
         <file>libc.a</file>
         <name>fseek.c.obj</name>
      </input_file>
      <input_file id="fl-63">
         <path>/Applications/ti/ccs1280/ccs/tools/compiler/ti-cgt-armllvm_3.2.1.LTS/lib/armv7em-ti-none-eabi/c/</path>
         <kind>archive</kind>
         <file>libc.a</file>
         <name>aeabi_ctype.S.obj</name>
      </input_file>
      <input_file id="fl-64">
         <path>/Applications/ti/ccs1280/ccs/tools/compiler/ti-cgt-armllvm_3.2.1.LTS/lib/armv7em-ti-none-eabi/c/</path>
         <kind>archive</kind>
         <file>libc.a</file>
         <name>args_main.c.obj</name>
      </input_file>
      <input_file id="fl-65">
         <path>/Applications/ti/ccs1280/ccs/tools/compiler/ti-cgt-armllvm_3.2.1.LTS/lib/armv7em-ti-none-eabi/c/</path>
         <kind>archive</kind>
         <file>libc.a</file>
         <name>fclose.c.obj</name>
      </input_file>
      <input_file id="fl-cb">
         <path>/Applications/ti/ccs1280/ccs/tools/compiler/ti-cgt-armllvm_3.2.1.LTS/lib/armv7em-ti-none-eabi/c/</path>
         <kind>archive</kind>
         <file>libsysbm.a</file>
         <name>write.c.obj</name>
      </input_file>
      <input_file id="fl-cc">
         <path>/Applications/ti/ccs1280/ccs/tools/compiler/ti-cgt-armllvm_3.2.1.LTS/lib/armv7em-ti-none-eabi/c/</path>
         <kind>archive</kind>
         <file>libsysbm.a</file>
         <name>host_device.c.obj</name>
      </input_file>
      <input_file id="fl-cd">
         <path>/Applications/ti/ccs1280/ccs/tools/compiler/ti-cgt-armllvm_3.2.1.LTS/lib/armv7em-ti-none-eabi/c/</path>
         <kind>archive</kind>
         <file>libsysbm.a</file>
         <name>remove.c.obj</name>
      </input_file>
      <input_file id="fl-ce">
         <path>/Applications/ti/ccs1280/ccs/tools/compiler/ti-cgt-armllvm_3.2.1.LTS/lib/armv7em-ti-none-eabi/c/</path>
         <kind>archive</kind>
         <file>libsysbm.a</file>
         <name>open.c.obj</name>
      </input_file>
      <input_file id="fl-cf">
         <path>/Applications/ti/ccs1280/ccs/tools/compiler/ti-cgt-armllvm_3.2.1.LTS/lib/armv7em-ti-none-eabi/c/</path>
         <kind>archive</kind>
         <file>libsysbm.a</file>
         <name>lseek.c.obj</name>
      </input_file>
      <input_file id="fl-d0">
         <path>/Applications/ti/ccs1280/ccs/tools/compiler/ti-cgt-armllvm_3.2.1.LTS/lib/armv7em-ti-none-eabi/c/</path>
         <kind>archive</kind>
         <file>libsysbm.a</file>
         <name>close.c.obj</name>
      </input_file>
      <input_file id="fl-d1">
         <path>/Applications/ti/ccs1280/ccs/tools/compiler/ti-cgt-armllvm_3.2.1.LTS/lib/armv7em-ti-none-eabi/c/</path>
         <kind>archive</kind>
         <file>libsysbm.a</file>
         <name>unlink.c.obj</name>
      </input_file>
      <input_file id="fl-d2">
         <path>/Applications/ti/ccs1280/ccs/tools/compiler/ti-cgt-armllvm_3.2.1.LTS/lib/armv7em-ti-none-eabi/c/</path>
         <kind>archive</kind>
         <file>libsysbm.a</file>
         <name>hostclose.c.obj</name>
      </input_file>
      <input_file id="fl-d3">
         <path>/Applications/ti/ccs1280/ccs/tools/compiler/ti-cgt-armllvm_3.2.1.LTS/lib/armv7em-ti-none-eabi/c/</path>
         <kind>archive</kind>
         <file>libsysbm.a</file>
         <name>hostlseek.c.obj</name>
      </input_file>
      <input_file id="fl-d4">
         <path>/Applications/ti/ccs1280/ccs/tools/compiler/ti-cgt-armllvm_3.2.1.LTS/lib/armv7em-ti-none-eabi/c/</path>
         <kind>archive</kind>
         <file>libsysbm.a</file>
         <name>hostopen.c.obj</name>
      </input_file>
      <input_file id="fl-d5">
         <path>/Applications/ti/ccs1280/ccs/tools/compiler/ti-cgt-armllvm_3.2.1.LTS/lib/armv7em-ti-none-eabi/c/</path>
         <kind>archive</kind>
         <file>libsysbm.a</file>
         <name>hostread.c.obj</name>
      </input_file>
      <input_file id="fl-d6">
         <path>/Applications/ti/ccs1280/ccs/tools/compiler/ti-cgt-armllvm_3.2.1.LTS/lib/armv7em-ti-none-eabi/c/</path>
         <kind>archive</kind>
         <file>libsysbm.a</file>
         <name>hostrename.c.obj</name>
      </input_file>
      <input_file id="fl-d7">
         <path>/Applications/ti/ccs1280/ccs/tools/compiler/ti-cgt-armllvm_3.2.1.LTS/lib/armv7em-ti-none-eabi/c/</path>
         <kind>archive</kind>
         <file>libsysbm.a</file>
         <name>hostunlink.c.obj</name>
      </input_file>
      <input_file id="fl-d8">
         <path>/Applications/ti/ccs1280/ccs/tools/compiler/ti-cgt-armllvm_3.2.1.LTS/lib/armv7em-ti-none-eabi/c/</path>
         <kind>archive</kind>
         <file>libsysbm.a</file>
         <name>hostwrite.c.obj</name>
      </input_file>
      <input_file id="fl-d9">
         <path>/Applications/ti/ccs1280/ccs/tools/compiler/ti-cgt-armllvm_3.2.1.LTS/lib/armv7em-ti-none-eabi/c/</path>
         <kind>archive</kind>
         <file>libsysbm.a</file>
         <name>trgmsg.c.obj</name>
      </input_file>
      <input_file id="fl-da">
         <path>/Applications/ti/ccs1280/ccs/tools/compiler/ti-cgt-armllvm_3.2.1.LTS/lib/clang/15.0.7/lib/armv7em-ti-none-eabi/</path>
         <kind>archive</kind>
         <file>libclang_rt.builtins.a</file>
         <name>adddf3.S.obj</name>
      </input_file>
      <input_file id="fl-db">
         <path>/Applications/ti/ccs1280/ccs/tools/compiler/ti-cgt-armllvm_3.2.1.LTS/lib/clang/15.0.7/lib/armv7em-ti-none-eabi/</path>
         <kind>archive</kind>
         <file>libclang_rt.builtins.a</file>
         <name>muldf3.S.obj</name>
      </input_file>
      <input_file id="fl-dc">
         <path>/Applications/ti/ccs1280/ccs/tools/compiler/ti-cgt-armllvm_3.2.1.LTS/lib/clang/15.0.7/lib/armv7em-ti-none-eabi/</path>
         <kind>archive</kind>
         <file>libclang_rt.builtins.a</file>
         <name>divdf3.S.obj</name>
      </input_file>
      <input_file id="fl-dd">
         <path>/Applications/ti/ccs1280/ccs/tools/compiler/ti-cgt-armllvm_3.2.1.LTS/lib/clang/15.0.7/lib/armv7em-ti-none-eabi/</path>
         <kind>archive</kind>
         <file>libclang_rt.builtins.a</file>
         <name>fixdfsi.S.obj</name>
      </input_file>
      <input_file id="fl-de">
         <path>/Applications/ti/ccs1280/ccs/tools/compiler/ti-cgt-armllvm_3.2.1.LTS/lib/clang/15.0.7/lib/armv7em-ti-none-eabi/</path>
         <kind>archive</kind>
         <file>libclang_rt.builtins.a</file>
         <name>floatsidf.S.obj</name>
      </input_file>
      <input_file id="fl-df">
         <path>/Applications/ti/ccs1280/ccs/tools/compiler/ti-cgt-armllvm_3.2.1.LTS/lib/clang/15.0.7/lib/armv7em-ti-none-eabi/</path>
         <kind>archive</kind>
         <file>libclang_rt.builtins.a</file>
         <name>aeabi_dcmp.S.obj</name>
      </input_file>
      <input_file id="fl-e0">
         <path>/Applications/ti/ccs1280/ccs/tools/compiler/ti-cgt-armllvm_3.2.1.LTS/lib/clang/15.0.7/lib/armv7em-ti-none-eabi/</path>
         <kind>archive</kind>
         <file>libclang_rt.builtins.a</file>
         <name>aeabi_memcpy.S.obj</name>
      </input_file>
      <input_file id="fl-e1">
         <path>/Applications/ti/ccs1280/ccs/tools/compiler/ti-cgt-armllvm_3.2.1.LTS/lib/clang/15.0.7/lib/armv7em-ti-none-eabi/</path>
         <kind>archive</kind>
         <file>libclang_rt.builtins.a</file>
         <name>aeabi_memset.S.obj</name>
      </input_file>
      <input_file id="fl-e2">
         <path>/Applications/ti/ccs1280/ccs/tools/compiler/ti-cgt-armllvm_3.2.1.LTS/lib/clang/15.0.7/lib/armv7em-ti-none-eabi/</path>
         <kind>archive</kind>
         <file>libclang_rt.builtins.a</file>
         <name>aeabi_uldivmod.S.obj</name>
      </input_file>
      <input_file id="fl-e3">
         <path>/Applications/ti/ccs1280/ccs/tools/compiler/ti-cgt-armllvm_3.2.1.LTS/lib/clang/15.0.7/lib/armv7em-ti-none-eabi/</path>
         <kind>archive</kind>
         <file>libclang_rt.builtins.a</file>
         <name>udivmoddi4.S.obj</name>
      </input_file>
      <input_file id="fl-e4">
         <path>/Applications/ti/ccs1280/ccs/tools/compiler/ti-cgt-armllvm_3.2.1.LTS/lib/clang/15.0.7/lib/armv7em-ti-none-eabi/</path>
         <kind>archive</kind>
         <file>libclang_rt.builtins.a</file>
         <name>comparedf2.c.obj</name>
      </input_file>
      <input_file id="fl-e5">
         <path>/Applications/ti/ccs1280/ccs/tools/compiler/ti-cgt-armllvm_3.2.1.LTS/lib/clang/15.0.7/lib/armv7em-ti-none-eabi/</path>
         <kind>archive</kind>
         <file>libclang_rt.builtins.a</file>
         <name>aeabi_div0.c.obj</name>
      </input_file>
      <input_file id="fl-e6">
         <path>/Applications/ti/ccs1280/ccs/tools/compiler/ti-cgt-armllvm_3.2.1.LTS/lib/armv7em-ti-none-eabi/c/</path>
         <kind>archive</kind>
         <file>libc.a</file>
         <name>getdevice.c.obj</name>
      </input_file>
      <input_file id="fl-e7">
         <path>/Applications/ti/ccs1280/ccs/tools/compiler/ti-cgt-armllvm_3.2.1.LTS/lib/armv7em-ti-none-eabi/c/</path>
         <kind>archive</kind>
         <file>libc.a</file>
         <name>memcpy_t2.S.obj</name>
      </input_file>
      <input_file id="fl-e8">
         <path>/Applications/ti/ccs1280/ccs/tools/compiler/ti-cgt-armllvm_3.2.1.LTS/lib/armv7em-ti-none-eabi/c/</path>
         <kind>archive</kind>
         <file>libc.a</file>
         <name>memset_t2.S.obj</name>
      </input_file>
      <input_file id="fl-e9">
         <path>/Applications/ti/ccs1280/ccs/tools/compiler/ti-cgt-armllvm_3.2.1.LTS/lib/armv7em-ti-none-eabi/c/</path>
         <kind>archive</kind>
         <file>libc.a</file>
         <name>strcmp_t2.S.obj</name>
      </input_file>
   </input_file_list>
   <object_component_list>
      <object_component id="oc-2dd">
         <name>.text:__TI_printfi</name>
         <load_address>0x2000c040</load_address>
         <readonly>true</readonly>
         <executable>true</executable>
         <run_address>0x2000c040</run_address>
         <size>0x9d8</size>
         <alignment>0x4</alignment>
         <input_file_ref idref="fl-45"/>
      </object_component>
      <object_component id="oc-d2">
         <name>.text.PRCMCC3200MCUInit</name>
         <load_address>0x2000ca18</load_address>
         <readonly>true</readonly>
         <executable>true</executable>
         <run_address>0x2000ca18</run_address>
         <size>0x4b8</size>
         <alignment>0x2</alignment>
         <input_file_ref idref="fl-2e"/>
      </object_component>
      <object_component id="oc-24a">
         <name>.text.Power_sleep</name>
         <load_address>0x2000ced0</load_address>
         <readonly>true</readonly>
         <executable>true</executable>
         <run_address>0x2000ced0</run_address>
         <size>0x3e4</size>
         <alignment>0x4</alignment>
         <input_file_ref idref="fl-18"/>
      </object_component>
      <object_component id="oc-304">
         <name>.text.CPUwfi</name>
         <load_address>0x2000d2b4</load_address>
         <readonly>true</readonly>
         <executable>true</executable>
         <run_address>0x2000d2b4</run_address>
         <size>0xc</size>
         <alignment>0x2</alignment>
         <input_file_ref idref="fl-28"/>
      </object_component>
      <object_component id="oc-44a">
         <name>.text:strcmp</name>
         <load_address>0x2000d2c0</load_address>
         <readonly>true</readonly>
         <executable>true</executable>
         <run_address>0x2000d2c0</run_address>
         <size>0x2dc</size>
         <alignment>0x20</alignment>
         <input_file_ref idref="fl-e9"/>
      </object_component>
      <object_component id="oc-35c">
         <name>.text._pconv_a</name>
         <load_address>0x2000d59c</load_address>
         <readonly>true</readonly>
         <executable>true</executable>
         <run_address>0x2000d59c</run_address>
         <size>0x228</size>
         <alignment>0x4</alignment>
         <input_file_ref idref="fl-45"/>
      </object_component>
      <object_component id="oc-1f3">
         <name>.text.UART2CC32XX_hwiIntFxn</name>
         <load_address>0x2000d7c4</load_address>
         <readonly>true</readonly>
         <executable>true</executable>
         <run_address>0x2000d7c4</run_address>
         <size>0x222</size>
         <alignment>0x2</alignment>
         <input_file_ref idref="fl-1d"/>
      </object_component>
      <object_component id="oc-e2">
         <name>.text.Board_initHook</name>
         <load_address>0x2000d9e6</load_address>
         <readonly>true</readonly>
         <executable>true</executable>
         <run_address>0x2000d9e6</run_address>
         <size>0x2</size>
         <alignment>0x2</alignment>
         <input_file_ref idref="fl-2"/>
      </object_component>
      <object_component id="oc-35f">
         <name>.text._pconv_g</name>
         <load_address>0x2000d9e8</load_address>
         <readonly>true</readonly>
         <executable>true</executable>
         <run_address>0x2000d9e8</run_address>
         <size>0x1e8</size>
         <alignment>0x4</alignment>
         <input_file_ref idref="fl-45"/>
      </object_component>
      <object_component id="oc-141">
         <name>.text.UART2_open</name>
         <load_address>0x2000dbd0</load_address>
         <readonly>true</readonly>
         <executable>true</executable>
         <run_address>0x2000dbd0</run_address>
         <size>0x1cc</size>
         <alignment>0x4</alignment>
         <input_file_ref idref="fl-1d"/>
      </object_component>
      <object_component id="oc-3b5">
         <name>.text.adddf3_subdf3</name>
         <load_address>0x2000dd9c</load_address>
         <readonly>true</readonly>
         <executable>true</executable>
         <run_address>0x2000dd9c</run_address>
         <size>0x1b6</size>
         <alignment>0x4</alignment>
         <input_file_ref idref="fl-da"/>
      </object_component>
      <object_component id="oc-2e5">
         <name>.text.UART2_writeTimeoutBlocking</name>
         <load_address>0x2000df52</load_address>
         <readonly>true</readonly>
         <executable>true</executable>
         <run_address>0x2000df52</run_address>
         <size>0x174</size>
         <alignment>0x2</alignment>
         <input_file_ref idref="fl-1c"/>
      </object_component>
      <object_component id="oc-148">
         <name>.text.I2C_init</name>
         <load_address>0x2000e0c6</load_address>
         <readonly>true</readonly>
         <executable>true</executable>
         <run_address>0x2000e0c6</run_address>
         <size>0x2</size>
         <alignment>0x2</alignment>
         <input_file_ref idref="fl-16"/>
      </object_component>
      <object_component id="oc-1ba">
         <name>.text.PowerCC32XX_sleepPolicy</name>
         <load_address>0x2000e0c8</load_address>
         <readonly>true</readonly>
         <executable>true</executable>
         <run_address>0x2000e0c8</run_address>
         <size>0x150</size>
         <alignment>0x4</alignment>
         <input_file_ref idref="fl-25"/>
      </object_component>
      <object_component id="oc-15c">
         <name>.text.Timer_open</name>
         <load_address>0x2000e218</load_address>
         <readonly>true</readonly>
         <executable>true</executable>
         <run_address>0x2000e218</run_address>
         <size>0x148</size>
         <alignment>0x4</alignment>
         <input_file_ref idref="fl-1b"/>
      </object_component>
      <object_component id="oc-fa">
         <name>.text.GPIO_setConfig</name>
         <load_address>0x2000e360</load_address>
         <readonly>true</readonly>
         <executable>true</executable>
         <run_address>0x2000e360</run_address>
         <size>0x140</size>
         <alignment>0x4</alignment>
         <input_file_ref idref="fl-15"/>
      </object_component>
      <object_component id="oc-3c3">
         <name>.text.fcvt</name>
         <load_address>0x2000e4a0</load_address>
         <readonly>true</readonly>
         <executable>true</executable>
         <run_address>0x2000e4a0</run_address>
         <size>0x13c</size>
         <alignment>0x4</alignment>
         <input_file_ref idref="fl-45"/>
      </object_component>
      <object_component id="oc-203">
         <name>.text.I2CCC32XX_hwiFxn</name>
         <load_address>0x2000e5dc</load_address>
         <readonly>true</readonly>
         <executable>true</executable>
         <run_address>0x2000e5dc</run_address>
         <size>0x138</size>
         <alignment>0x2</alignment>
         <input_file_ref idref="fl-17"/>
      </object_component>
      <object_component id="oc-3bf">
         <name>.text.__divdf3</name>
         <load_address>0x2000e714</load_address>
         <readonly>true</readonly>
         <executable>true</executable>
         <run_address>0x2000e714</run_address>
         <size>0x136</size>
         <alignment>0x4</alignment>
         <input_file_ref idref="fl-dc"/>
      </object_component>
      <object_component id="oc-21f">
         <name>.text.I2C_transferTimeout</name>
         <load_address>0x2000e84a</load_address>
         <readonly>true</readonly>
         <executable>true</executable>
         <run_address>0x2000e84a</run_address>
         <size>0x126</size>
         <alignment>0x2</alignment>
         <input_file_ref idref="fl-16"/>
      </object_component>
      <object_component id="oc-2e6">
         <name>.text.aligned_alloc</name>
         <load_address>0x2000e970</load_address>
         <readonly>true</readonly>
         <executable>true</executable>
         <run_address>0x2000e970</run_address>
         <size>0x120</size>
         <alignment>0x4</alignment>
         <input_file_ref idref="fl-54"/>
      </object_component>
      <object_component id="oc-2e4">
         <name>.text.UART2_writeTimeoutNonblocking</name>
         <load_address>0x2000ea90</load_address>
         <readonly>true</readonly>
         <executable>true</executable>
         <run_address>0x2000ea90</run_address>
         <size>0x11a</size>
         <alignment>0x2</alignment>
         <input_file_ref idref="fl-1c"/>
      </object_component>
      <object_component id="oc-1b5">
         <name>.text.PowerCC32XX_initPolicy</name>
         <load_address>0x2000ebaa</load_address>
         <readonly>true</readonly>
         <executable>true</executable>
         <run_address>0x2000ebaa</run_address>
         <size>0x2</size>
         <alignment>0x2</alignment>
         <input_file_ref idref="fl-25"/>
      </object_component>
      <object_component id="oc-35d">
         <name>.text._pconv_e</name>
         <load_address>0x2000ebac</load_address>
         <readonly>true</readonly>
         <executable>true</executable>
         <run_address>0x2000ebac</run_address>
         <size>0x118</size>
         <alignment>0x4</alignment>
         <input_file_ref idref="fl-45"/>
      </object_component>
      <object_component id="oc-31f">
         <name>.text.uDMAChannelTransferSet</name>
         <load_address>0x2000ecc4</load_address>
         <readonly>true</readonly>
         <executable>true</executable>
         <run_address>0x2000ecc4</run_address>
         <size>0x112</size>
         <alignment>0x2</alignment>
         <input_file_ref idref="fl-33"/>
      </object_component>
      <object_component id="oc-285">
         <name>.text.SemaphoreP_destruct</name>
         <load_address>0x2000edd6</load_address>
         <readonly>true</readonly>
         <executable>true</executable>
         <run_address>0x2000edd6</run_address>
         <size>0x2</size>
         <alignment>0x2</alignment>
         <input_file_ref idref="fl-22"/>
      </object_component>
      <object_component id="oc-186">
         <name>.text.__muldf3</name>
         <load_address>0x2000edd8</load_address>
         <readonly>true</readonly>
         <executable>true</executable>
         <run_address>0x2000edd8</run_address>
         <size>0xfc</size>
         <alignment>0x4</alignment>
         <input_file_ref idref="fl-db"/>
      </object_component>
      <object_component id="oc-219">
         <name>.text.fputs</name>
         <load_address>0x2000eed4</load_address>
         <readonly>true</readonly>
         <executable>true</executable>
         <run_address>0x2000eed4</run_address>
         <size>0xf0</size>
         <alignment>0x4</alignment>
         <input_file_ref idref="fl-48"/>
      </object_component>
      <object_component id="oc-1c1">
         <name>.text.free</name>
         <load_address>0x2000efc4</load_address>
         <readonly>true</readonly>
         <executable>true</executable>
         <run_address>0x2000efc4</run_address>
         <size>0xf0</size>
         <alignment>0x4</alignment>
         <input_file_ref idref="fl-54"/>
      </object_component>
      <object_component id="oc-14e">
         <name>.text.I2C_open</name>
         <load_address>0x2000f0b4</load_address>
         <readonly>true</readonly>
         <executable>true</executable>
         <run_address>0x2000f0b4</run_address>
         <size>0xe8</size>
         <alignment>0x4</alignment>
         <input_file_ref idref="fl-17"/>
      </object_component>
      <object_component id="oc-1ee">
         <name>.text.UART2_close</name>
         <load_address>0x2000f19c</load_address>
         <readonly>true</readonly>
         <executable>true</executable>
         <run_address>0x2000f19c</run_address>
         <size>0xe8</size>
         <alignment>0x4</alignment>
         <input_file_ref idref="fl-1d"/>
      </object_component>
      <object_component id="oc-332">
         <name>.text.setvbuf</name>
         <load_address>0x2000f284</load_address>
         <readonly>true</readonly>
         <executable>true</executable>
         <run_address>0x2000f284</run_address>
         <size>0xd8</size>
         <alignment>0x4</alignment>
         <input_file_ref idref="fl-4a"/>
      </object_component>
      <object_component id="oc-293">
         <name>.text.UART2Support_dmaStartRx</name>
         <load_address>0x2000f35c</load_address>
         <readonly>true</readonly>
         <executable>true</executable>
         <run_address>0x2000f35c</run_address>
         <size>0xcc</size>
         <alignment>0x4</alignment>
         <input_file_ref idref="fl-1d"/>
      </object_component>
      <object_component id="oc-312">
         <name>.text.IntDisable</name>
         <load_address>0x2000f428</load_address>
         <readonly>true</readonly>
         <executable>true</executable>
         <run_address>0x2000f428</run_address>
         <size>0xc8</size>
         <alignment>0x2</alignment>
         <input_file_ref idref="fl-2c"/>
      </object_component>
      <object_component id="oc-27c">
         <name>.text.IntEnable</name>
         <load_address>0x2000f4f0</load_address>
         <readonly>true</readonly>
         <executable>true</executable>
         <run_address>0x2000f4f0</run_address>
         <size>0xc8</size>
         <alignment>0x2</alignment>
         <input_file_ref idref="fl-2c"/>
      </object_component>
      <object_component id="oc-1ea">
         <name>.text.UART2CC32XX_initHw</name>
         <load_address>0x2000f5b8</load_address>
         <readonly>true</readonly>
         <executable>true</executable>
         <run_address>0x2000f5b8</run_address>
         <size>0xc4</size>
         <alignment>0x4</alignment>
         <input_file_ref idref="fl-1d"/>
      </object_component>
      <object_component id="oc-3ad">
         <name>.text.scalbn</name>
         <load_address>0x2000f67c</load_address>
         <readonly>true</readonly>
         <executable>true</executable>
         <run_address>0x2000f67c</run_address>
         <size>0xc4</size>
         <alignment>0x4</alignment>
         <input_file_ref idref="fl-5e"/>
      </object_component>
      <object_component id="oc-296">
         <name>.text.UART2Support_dmaStartTx</name>
         <load_address>0x2000f740</load_address>
         <readonly>true</readonly>
         <executable>true</executable>
         <run_address>0x2000f740</run_address>
         <size>0xb8</size>
         <alignment>0x4</alignment>
         <input_file_ref idref="fl-1d"/>
      </object_component>
      <object_component id="oc-2ed">
         <name>.text</name>
         <load_address>0x2000f7f8</load_address>
         <readonly>true</readonly>
         <executable>true</executable>
         <run_address>0x2000f7f8</run_address>
         <size>0xb0</size>
         <alignment>0x4</alignment>
         <input_file_ref idref="fl-e3"/>
      </object_component>
      <object_component id="oc-22f">
         <name>.text.GPIOIntTypeSet</name>
         <load_address>0x2000f8a8</load_address>
         <readonly>true</readonly>
         <executable>true</executable>
         <run_address>0x2000f8a8</run_address>
         <size>0xac</size>
         <alignment>0x2</alignment>
         <input_file_ref idref="fl-29"/>
      </object_component>
      <object_component id="oc-b0">
         <name>.text.mainThread</name>
         <load_address>0x2000f954</load_address>
         <readonly>true</readonly>
         <executable>true</executable>
         <run_address>0x2000f954</run_address>
         <size>0xac</size>
         <alignment>0x4</alignment>
         <input_file_ref idref="fl-1"/>
      </object_component>
      <object_component id="oc-37b">
         <name>.text.IntPendSet</name>
         <load_address>0x2000fa00</load_address>
         <readonly>true</readonly>
         <executable>true</executable>
         <run_address>0x2000fa00</run_address>
         <size>0xa4</size>
         <alignment>0x2</alignment>
         <input_file_ref idref="fl-2c"/>
      </object_component>
      <object_component id="oc-197">
         <name>.text.PinConfigSet</name>
         <load_address>0x2000faa4</load_address>
         <readonly>true</readonly>
         <executable>true</executable>
         <run_address>0x2000faa4</run_address>
         <size>0xa2</size>
         <alignment>0x2</alignment>
         <input_file_ref idref="fl-2d"/>
      </object_component>
      <object_component id="oc-2a9">
         <name>.text.I2CCC32XX_completeTransfer</name>
         <load_address>0x2000fb46</load_address>
         <readonly>true</readonly>
         <executable>true</executable>
         <run_address>0x2000fb46</run_address>
         <size>0x9c</size>
         <alignment>0x2</alignment>
         <input_file_ref idref="fl-17"/>
      </object_component>
      <object_component id="oc-29a">
         <name>.text.I2CMasterInitExpClk</name>
         <load_address>0x2000fbe2</load_address>
         <readonly>true</readonly>
         <executable>true</executable>
         <run_address>0x2000fbe2</run_address>
         <size>0x98</size>
         <alignment>0x2</alignment>
         <input_file_ref idref="fl-2b"/>
      </object_component>
      <object_component id="oc-155">
         <name>.text.Timer_init</name>
         <load_address>0x2000fc7a</load_address>
         <readonly>true</readonly>
         <executable>true</executable>
         <run_address>0x2000fc7a</run_address>
         <size>0x2</size>
         <alignment>0x2</alignment>
         <input_file_ref idref="fl-1a"/>
      </object_component>
      <object_component id="oc-12e">
         <name>.text.SemaphoreP_pend</name>
         <load_address>0x2000fc7c</load_address>
         <readonly>true</readonly>
         <executable>true</executable>
         <run_address>0x2000fc7c</run_address>
         <size>0x98</size>
         <alignment>0x4</alignment>
         <input_file_ref idref="fl-22"/>
      </object_component>
      <object_component id="oc-202">
         <name>.text.I2CCC32XX_postNotify</name>
         <load_address>0x2000fd14</load_address>
         <readonly>true</readonly>
         <executable>true</executable>
         <run_address>0x2000fd14</run_address>
         <size>0xc</size>
         <alignment>0x2</alignment>
         <input_file_ref idref="fl-17"/>
      </object_component>
      <object_component id="oc-2f9">
         <name>.text</name>
         <load_address>0x2000fd20</load_address>
         <readonly>true</readonly>
         <executable>true</executable>
         <run_address>0x2000fd20</run_address>
         <size>0x96</size>
         <alignment>0x10</alignment>
         <input_file_ref idref="fl-19"/>
      </object_component>
      <object_component id="oc-275">
         <name>.text.uDMAChannelAttributeDisable</name>
         <load_address>0x2000fdb6</load_address>
         <readonly>true</readonly>
         <executable>true</executable>
         <run_address>0x2000fdb6</run_address>
         <size>0x92</size>
         <alignment>0x2</alignment>
         <input_file_ref idref="fl-33"/>
      </object_component>
      <object_component id="oc-dc">
         <name>.text.GPIO_init</name>
         <load_address>0x2000fe48</load_address>
         <readonly>true</readonly>
         <executable>true</executable>
         <run_address>0x2000fe48</run_address>
         <size>0x90</size>
         <alignment>0x4</alignment>
         <input_file_ref idref="fl-15"/>
      </object_component>
      <object_component id="oc-10d">
         <name>.text.PRCMSysResetCauseGet</name>
         <load_address>0x2000fed8</load_address>
         <readonly>true</readonly>
         <executable>true</executable>
         <run_address>0x2000fed8</run_address>
         <size>0x8e</size>
         <alignment>0x2</alignment>
         <input_file_ref idref="fl-2e"/>
      </object_component>
      <object_component id="oc-1f1">
         <name>.text.UART2CC32XX_eventCallback</name>
         <load_address>0x2000ff66</load_address>
         <readonly>true</readonly>
         <executable>true</executable>
         <run_address>0x2000ff66</run_address>
         <size>0x2</size>
         <alignment>0x2</alignment>
         <input_file_ref idref="fl-1d"/>
      </object_component>
      <object_component id="oc-11f">
         <name>.text.PowerCC32XX_configureWakeup</name>
         <load_address>0x2000ff68</load_address>
         <readonly>true</readonly>
         <executable>true</executable>
         <run_address>0x2000ff68</run_address>
         <size>0x88</size>
         <alignment>0x4</alignment>
         <input_file_ref idref="fl-18"/>
      </object_component>
      <object_component id="oc-2de">
         <name>.text.fputc</name>
         <load_address>0x2000fff0</load_address>
         <readonly>true</readonly>
         <executable>true</executable>
         <run_address>0x2000fff0</run_address>
         <size>0x88</size>
         <alignment>0x4</alignment>
         <input_file_ref idref="fl-47"/>
      </object_component>
      <object_component id="oc-2a6">
         <name>.text.I2CCC32XX_primeReadBurst</name>
         <load_address>0x20010078</load_address>
         <readonly>true</readonly>
         <executable>true</executable>
         <run_address>0x20010078</run_address>
         <size>0x7a</size>
         <alignment>0x2</alignment>
         <input_file_ref idref="fl-17"/>
      </object_component>
      <object_component id="oc-36a">
         <name>.text.__aeabi_ldiv0</name>
         <load_address>0x200100f2</load_address>
         <readonly>true</readonly>
         <executable>true</executable>
         <run_address>0x200100f2</run_address>
         <size>0x2</size>
         <alignment>0x2</alignment>
         <input_file_ref idref="fl-e5"/>
      </object_component>
      <object_component id="oc-d7">
         <name>.text.Power_init</name>
         <load_address>0x200100f4</load_address>
         <readonly>true</readonly>
         <executable>true</executable>
         <run_address>0x200100f4</run_address>
         <size>0x78</size>
         <alignment>0x4</alignment>
         <input_file_ref idref="fl-18"/>
      </object_component>
      <object_component id="oc-1ec">
         <name>.text.HwiP_construct</name>
         <load_address>0x2001016c</load_address>
         <readonly>true</readonly>
         <executable>true</executable>
         <run_address>0x2001016c</run_address>
         <size>0x74</size>
         <alignment>0x4</alignment>
         <input_file_ref idref="fl-24"/>
      </object_component>
      <object_component id="oc-1b2">
         <name>.text.PRCMHibernateWakeUpGPIOSelect</name>
         <load_address>0x200101e0</load_address>
         <readonly>true</readonly>
         <executable>true</executable>
         <run_address>0x200101e0</run_address>
         <size>0x74</size>
         <alignment>0x2</alignment>
         <input_file_ref idref="fl-2e"/>
      </object_component>
      <object_component id="oc-26a">
         <name>.text.UARTConfigSetExpClk</name>
         <load_address>0x20010254</load_address>
         <readonly>true</readonly>
         <executable>true</executable>
         <run_address>0x20010254</run_address>
         <size>0x74</size>
         <alignment>0x2</alignment>
         <input_file_ref idref="fl-32"/>
      </object_component>
      <object_component id="oc-3d2">
         <name>.text.__TI_closefile</name>
         <load_address>0x200102c8</load_address>
         <readonly>true</readonly>
         <executable>true</executable>
         <run_address>0x200102c8</run_address>
         <size>0x74</size>
         <alignment>0x4</alignment>
         <input_file_ref idref="fl-65"/>
      </object_component>
      <object_component id="oc-18">
         <name>.text:decompress:lzss</name>
         <load_address>0x2001033c</load_address>
         <readonly>true</readonly>
         <executable>true</executable>
         <run_address>0x2001033c</run_address>
         <size>0x70</size>
         <alignment>0x2</alignment>
         <input_file_ref idref="fl-5c"/>
      </object_component>
      <object_component id="oc-3a7">
         <name>.text.__gedf2</name>
         <load_address>0x200103ac</load_address>
         <readonly>true</readonly>
         <executable>true</executable>
         <run_address>0x200103ac</run_address>
         <size>0x6e</size>
         <alignment>0x4</alignment>
         <input_file_ref idref="fl-e4"/>
      </object_component>
      <object_component id="oc-1a0">
         <name>.text._nop</name>
         <load_address>0x2001041a</load_address>
         <readonly>true</readonly>
         <executable>true</executable>
         <run_address>0x2001041a</run_address>
         <size>0x2</size>
         <alignment>0x2</alignment>
         <input_file_ref idref="fl-4e"/>
      </object_component>
      <object_component id="oc-3a1">
         <name>.text.__ledf2</name>
         <load_address>0x2001041c</load_address>
         <readonly>true</readonly>
         <executable>true</executable>
         <run_address>0x2001041c</run_address>
         <size>0x6e</size>
         <alignment>0x4</alignment>
         <input_file_ref idref="fl-e4"/>
      </object_component>
      <object_component id="oc-2f7">
         <name>.text.PinLockLevelSet</name>
         <load_address>0x2001048a</load_address>
         <readonly>true</readonly>
         <executable>true</executable>
         <run_address>0x2001048a</run_address>
         <size>0x6c</size>
         <alignment>0x2</alignment>
         <input_file_ref idref="fl-2d"/>
      </object_component>
      <object_component id="oc-57">
         <name>.text.busFaultHandler</name>
         <load_address>0x200104f6</load_address>
         <readonly>true</readonly>
         <executable>true</executable>
         <run_address>0x200104f6</run_address>
         <size>0x2</size>
         <alignment>0x2</alignment>
         <input_file_ref idref="fl-26"/>
      </object_component>
      <object_component id="oc-198">
         <name>.text.Power_setDependency</name>
         <load_address>0x200104f8</load_address>
         <readonly>true</readonly>
         <executable>true</executable>
         <run_address>0x200104f8</run_address>
         <size>0x6c</size>
         <alignment>0x4</alignment>
         <input_file_ref idref="fl-18"/>
      </object_component>
      <object_component id="oc-1e8">
         <name>.text.UDMACC32XX_open</name>
         <load_address>0x20010564</load_address>
         <readonly>true</readonly>
         <executable>true</executable>
         <run_address>0x20010564</run_address>
         <size>0x6c</size>
         <alignment>0x4</alignment>
         <input_file_ref idref="fl-20"/>
      </object_component>
      <object_component id="oc-3bd">
         <name>.text._mcpy</name>
         <load_address>0x200105d0</load_address>
         <readonly>true</readonly>
         <executable>true</executable>
         <run_address>0x200105d0</run_address>
         <size>0x6c</size>
         <alignment>0x2</alignment>
         <input_file_ref idref="fl-45"/>
      </object_component>
      <object_component id="oc-135">
         <name>.text.powerNotifyFxn</name>
         <load_address>0x2001063c</load_address>
         <readonly>true</readonly>
         <executable>true</executable>
         <run_address>0x2001063c</run_address>
         <size>0x6c</size>
         <alignment>0x4</alignment>
         <input_file_ref idref="fl-15"/>
      </object_component>
      <object_component id="oc-367">
         <name>.text.split</name>
         <load_address>0x200106a8</load_address>
         <readonly>true</readonly>
         <executable>true</executable>
         <run_address>0x200106a8</run_address>
         <size>0x6c</size>
         <alignment>0x4</alignment>
         <input_file_ref idref="fl-54"/>
      </object_component>
      <object_component id="oc-115">
         <name>.text.PRCMPeripheralReset</name>
         <load_address>0x20010714</load_address>
         <readonly>true</readonly>
         <executable>true</executable>
         <run_address>0x20010714</run_address>
         <size>0x6a</size>
         <alignment>0x2</alignment>
         <input_file_ref idref="fl-2e"/>
      </object_component>
      <object_component id="oc-1c8">
         <name>.text.clkFxn</name>
         <load_address>0x2001077e</load_address>
         <readonly>true</readonly>
         <executable>true</executable>
         <run_address>0x2001077e</run_address>
         <size>0x2</size>
         <alignment>0x2</alignment>
         <input_file_ref idref="fl-22"/>
      </object_component>
      <object_component id="oc-1fe">
         <name>.text.I2CCC32XX_initHw</name>
         <load_address>0x20010780</load_address>
         <readonly>true</readonly>
         <executable>true</executable>
         <run_address>0x20010780</run_address>
         <size>0x68</size>
         <alignment>0x4</alignment>
         <input_file_ref idref="fl-17"/>
      </object_component>
      <object_component id="oc-279">
         <name>.text.IntPendClear</name>
         <load_address>0x200107e8</load_address>
         <readonly>true</readonly>
         <executable>true</executable>
         <run_address>0x200107e8</run_address>
         <size>0x68</size>
         <alignment>0x2</alignment>
         <input_file_ref idref="fl-2c"/>
      </object_component>
      <object_component id="oc-381">
         <name>.text.fseeko</name>
         <load_address>0x20010850</load_address>
         <readonly>true</readonly>
         <executable>true</executable>
         <run_address>0x20010850</run_address>
         <size>0x68</size>
         <alignment>0x4</alignment>
         <input_file_ref idref="fl-62"/>
      </object_component>
      <object_component id="oc-43e">
         <name>.text.getdevice</name>
         <load_address>0x200108b8</load_address>
         <readonly>true</readonly>
         <executable>true</executable>
         <run_address>0x200108b8</run_address>
         <size>0x68</size>
         <alignment>0x4</alignment>
         <input_file_ref idref="fl-e6"/>
      </object_component>
      <object_component id="oc-f6">
         <name>.text.scanI2CAddresses</name>
         <load_address>0x20010920</load_address>
         <readonly>true</readonly>
         <executable>true</executable>
         <run_address>0x20010920</run_address>
         <size>0x68</size>
         <alignment>0x4</alignment>
         <input_file_ref idref="fl-1"/>
      </object_component>
      <object_component id="oc-2a7">
         <name>.text.I2CCC32XX_primeWriteBurst</name>
         <load_address>0x20010988</load_address>
         <readonly>true</readonly>
         <executable>true</executable>
         <run_address>0x20010988</run_address>
         <size>0x66</size>
         <alignment>0x2</alignment>
         <input_file_ref idref="fl-17"/>
      </object_component>
      <object_component id="oc-56">
         <name>.text.defaultHandler</name>
         <load_address>0x200109ee</load_address>
         <readonly>true</readonly>
         <executable>true</executable>
         <run_address>0x200109ee</run_address>
         <size>0x2</size>
         <alignment>0x2</alignment>
         <input_file_ref idref="fl-26"/>
      </object_component>
      <object_component id="oc-3f3">
         <name>.text.HOSTrename</name>
         <load_address>0x200109f0</load_address>
         <readonly>true</readonly>
         <executable>true</executable>
         <run_address>0x200109f0</run_address>
         <size>0x64</size>
         <alignment>0x4</alignment>
         <input_file_ref idref="fl-d6"/>
      </object_component>
      <object_component id="oc-358">
         <name>.text.__aeabi_dcmp</name>
         <load_address>0x20010a54</load_address>
         <readonly>true</readonly>
         <executable>true</executable>
         <run_address>0x20010a54</run_address>
         <size>0x62</size>
         <alignment>0x4</alignment>
         <input_file_ref idref="fl-df"/>
      </object_component>
      <object_component id="oc-55">
         <name>.text.faultISR</name>
         <load_address>0x20010ab6</load_address>
         <readonly>true</readonly>
         <executable>true</executable>
         <run_address>0x20010ab6</run_address>
         <size>0x2</size>
         <alignment>0x2</alignment>
         <input_file_ref idref="fl-26"/>
      </object_component>
      <object_component id="oc-f8">
         <name>.text.GPIO_write</name>
         <load_address>0x20010ab8</load_address>
         <readonly>true</readonly>
         <executable>true</executable>
         <run_address>0x20010ab8</run_address>
         <size>0x60</size>
         <alignment>0x4</alignment>
         <input_file_ref idref="fl-15"/>
      </object_component>
      <object_component id="oc-295">
         <name>.text.UART2Support_dmaStopTx</name>
         <load_address>0x20010b18</load_address>
         <readonly>true</readonly>
         <executable>true</executable>
         <run_address>0x20010b18</run_address>
         <size>0x60</size>
         <alignment>0x2</alignment>
         <input_file_ref idref="fl-1d"/>
      </object_component>
      <object_component id="oc-2bd">
         <name>.text.__TI_wrt_ok</name>
         <load_address>0x20010b78</load_address>
         <readonly>true</readonly>
         <executable>true</executable>
         <run_address>0x20010b78</run_address>
         <size>0x60</size>
         <alignment>0x2</alignment>
         <input_file_ref idref="fl-49"/>
      </object_component>
      <object_component id="oc-409">
         <name>.text.close</name>
         <load_address>0x20010bd8</load_address>
         <readonly>true</readonly>
         <executable>true</executable>
         <run_address>0x20010bd8</run_address>
         <size>0x60</size>
         <alignment>0x4</alignment>
         <input_file_ref idref="fl-d0"/>
      </object_component>
      <object_component id="oc-176">
         <name>.text.printf</name>
         <load_address>0x20010c38</load_address>
         <readonly>true</readonly>
         <executable>true</executable>
         <run_address>0x20010c38</run_address>
         <size>0x60</size>
         <alignment>0x4</alignment>
         <input_file_ref idref="fl-44"/>
      </object_component>
      <object_component id="oc-376">
         <name>.text.FlashDisable</name>
         <load_address>0x20010c98</load_address>
         <readonly>true</readonly>
         <executable>true</executable>
         <run_address>0x20010c98</run_address>
         <size>0x5c</size>
         <alignment>0x2</alignment>
         <input_file_ref idref="fl-35"/>
      </object_component>
      <object_component id="oc-2d2">
         <name>.text.I2CSupport_primeTransfer</name>
         <load_address>0x20010cf4</load_address>
         <readonly>true</readonly>
         <executable>true</executable>
         <run_address>0x20010cf4</run_address>
         <size>0x5c</size>
         <alignment>0x2</alignment>
         <input_file_ref idref="fl-17"/>
      </object_component>
      <object_component id="oc-1b4">
         <name>.text.PRCMHibernateWakeupSourceDisable</name>
         <load_address>0x20010d50</load_address>
         <readonly>true</readonly>
         <executable>true</executable>
         <run_address>0x20010d50</run_address>
         <size>0x5c</size>
         <alignment>0x2</alignment>
         <input_file_ref idref="fl-2e"/>
      </object_component>
      <object_component id="oc-20a">
         <name>.text.TimerCC32XX_allocateTimerResource</name>
         <load_address>0x20010dac</load_address>
         <readonly>true</readonly>
         <executable>true</executable>
         <run_address>0x20010dac</run_address>
         <size>0x5c</size>
         <alignment>0x4</alignment>
         <input_file_ref idref="fl-1b"/>
      </object_component>
      <object_component id="oc-35e">
         <name>.text._pconv_f</name>
         <load_address>0x20010e08</load_address>
         <readonly>true</readonly>
         <executable>true</executable>
         <run_address>0x20010e08</run_address>
         <size>0x5c</size>
         <alignment>0x2</alignment>
         <input_file_ref idref="fl-45"/>
      </object_component>
      <object_component id="oc-114">
         <name>.text.PRCMPeripheralClkEnable</name>
         <load_address>0x20010e64</load_address>
         <readonly>true</readonly>
         <executable>true</executable>
         <run_address>0x20010e64</run_address>
         <size>0x5a</size>
         <alignment>0x2</alignment>
         <input_file_ref idref="fl-2e"/>
      </object_component>
      <object_component id="oc-54">
         <name>.text.nmiISR</name>
         <load_address>0x20010ebe</load_address>
         <readonly>true</readonly>
         <executable>true</executable>
         <run_address>0x20010ebe</run_address>
         <size>0x2</size>
         <alignment>0x2</alignment>
         <input_file_ref idref="fl-26"/>
      </object_component>
      <object_component id="oc-2eb">
         <name>.text.ClockP_startup</name>
         <load_address>0x20010ec0</load_address>
         <readonly>true</readonly>
         <executable>true</executable>
         <run_address>0x20010ec0</run_address>
         <size>0x58</size>
         <alignment>0x4</alignment>
         <input_file_ref idref="fl-23"/>
      </object_component>
      <object_component id="oc-3eb">
         <name>.text.HOSTlseek</name>
         <load_address>0x20010f18</load_address>
         <readonly>true</readonly>
         <executable>true</executable>
         <run_address>0x20010f18</run_address>
         <size>0x58</size>
         <alignment>0x4</alignment>
         <input_file_ref idref="fl-d3"/>
      </object_component>
      <object_component id="oc-3db">
         <name>.text.HOSTopen</name>
         <load_address>0x20010f70</load_address>
         <readonly>true</readonly>
         <executable>true</executable>
         <run_address>0x20010f70</run_address>
         <size>0x58</size>
         <alignment>0x4</alignment>
         <input_file_ref idref="fl-d4"/>
      </object_component>
      <object_component id="oc-27b">
         <name>.text.IntPrioritySet</name>
         <load_address>0x20010fc8</load_address>
         <readonly>true</readonly>
         <executable>true</executable>
         <run_address>0x20010fc8</run_address>
         <size>0x58</size>
         <alignment>0x2</alignment>
         <input_file_ref idref="fl-2c"/>
      </object_component>
      <object_component id="oc-303">
         <name>.text.PRCMLPDSEnter</name>
         <load_address>0x20011020</load_address>
         <readonly>true</readonly>
         <executable>true</executable>
         <run_address>0x20011020</run_address>
         <size>0x56</size>
         <alignment>0x2</alignment>
         <input_file_ref idref="fl-2e"/>
      </object_component>
      <object_component id="oc-3b1">
         <name>.text.__TI_ltoa</name>
         <load_address>0x20011076</load_address>
         <readonly>true</readonly>
         <executable>true</executable>
         <run_address>0x20011076</run_address>
         <size>0x56</size>
         <alignment>0x2</alignment>
         <input_file_ref idref="fl-4f"/>
      </object_component>
      <object_component id="oc-3e3">
         <name>.text.HOSTread</name>
         <load_address>0x200110cc</load_address>
         <readonly>true</readonly>
         <executable>true</executable>
         <run_address>0x200110cc</run_address>
         <size>0x54</size>
         <alignment>0x4</alignment>
         <input_file_ref idref="fl-d5"/>
      </object_component>
      <object_component id="oc-3e7">
         <name>.text.HOSTwrite</name>
         <load_address>0x20011120</load_address>
         <readonly>true</readonly>
         <executable>true</executable>
         <run_address>0x20011120</run_address>
         <size>0x54</size>
         <alignment>0x4</alignment>
         <input_file_ref idref="fl-d8"/>
      </object_component>
      <object_component id="oc-1d4">
         <name>.text.PowerCC32XX_setParkState</name>
         <load_address>0x20011174</load_address>
         <readonly>true</readonly>
         <executable>true</executable>
         <run_address>0x20011174</run_address>
         <size>0x54</size>
         <alignment>0x4</alignment>
         <input_file_ref idref="fl-18"/>
      </object_component>
      <object_component id="oc-288">
         <name>.text.Power_releaseDependency</name>
         <load_address>0x200111c8</load_address>
         <readonly>true</readonly>
         <executable>true</executable>
         <run_address>0x200111c8</run_address>
         <size>0x54</size>
         <alignment>0x4</alignment>
         <input_file_ref idref="fl-18"/>
      </object_component>
      <object_component id="oc-3a9">
         <name>.text.frexp</name>
         <load_address>0x2001121c</load_address>
         <readonly>true</readonly>
         <executable>true</executable>
         <run_address>0x2001121c</run_address>
         <size>0x54</size>
         <alignment>0x4</alignment>
         <input_file_ref idref="fl-5d"/>
      </object_component>
      <object_component id="oc-f9">
         <name>.text.uartPrint</name>
         <load_address>0x20011270</load_address>
         <readonly>true</readonly>
         <executable>true</executable>
         <run_address>0x20011270</run_address>
         <size>0x54</size>
         <alignment>0x4</alignment>
         <input_file_ref idref="fl-1"/>
      </object_component>
      <object_component id="oc-19f">
         <name>.text.GPIO_hwiIntFxn</name>
         <load_address>0x200112c4</load_address>
         <readonly>true</readonly>
         <executable>true</executable>
         <run_address>0x200112c4</run_address>
         <size>0x50</size>
         <alignment>0x4</alignment>
         <input_file_ref idref="fl-15"/>
      </object_component>
      <object_component id="oc-1b3">
         <name>.text.PRCMHibernateWakeupSourceEnable</name>
         <load_address>0x20011314</load_address>
         <readonly>true</readonly>
         <executable>true</executable>
         <run_address>0x20011314</run_address>
         <size>0x50</size>
         <alignment>0x2</alignment>
         <input_file_ref idref="fl-2e"/>
      </object_component>
      <object_component id="oc-253">
         <name>.text.SemaphoreP_construct</name>
         <load_address>0x20011364</load_address>
         <readonly>true</readonly>
         <executable>true</executable>
         <run_address>0x20011364</run_address>
         <size>0x50</size>
         <alignment>0x4</alignment>
         <input_file_ref idref="fl-22"/>
      </object_component>
      <object_component id="oc-2c7">
         <name>.text.__TI_doflush</name>
         <load_address>0x200113b4</load_address>
         <readonly>true</readonly>
         <executable>true</executable>
         <run_address>0x200113b4</run_address>
         <size>0x50</size>
         <alignment>0x2</alignment>
         <input_file_ref idref="fl-60"/>
      </object_component>
      <object_component id="oc-f7">
         <name>.text.readTemp</name>
         <load_address>0x20011404</load_address>
         <readonly>true</readonly>
         <executable>true</executable>
         <run_address>0x20011404</run_address>
         <size>0x50</size>
         <alignment>0x4</alignment>
         <input_file_ref idref="fl-1"/>
      </object_component>
      <object_component id="oc-3bb">
         <name>.text._ecpy</name>
         <load_address>0x20011454</load_address>
         <readonly>true</readonly>
         <executable>true</executable>
         <run_address>0x20011454</run_address>
         <size>0x4e</size>
         <alignment>0x2</alignment>
         <input_file_ref idref="fl-45"/>
      </object_component>
      <object_component id="oc-274">
         <name>.text.uDMAChannelAssign</name>
         <load_address>0x200114a2</load_address>
         <readonly>true</readonly>
         <executable>true</executable>
         <run_address>0x200114a2</run_address>
         <size>0x4e</size>
         <alignment>0x2</alignment>
         <input_file_ref idref="fl-33"/>
      </object_component>
      <object_component id="oc-19c">
         <name>.text.GPIO_setInterruptConfig</name>
         <load_address>0x200114f0</load_address>
         <readonly>true</readonly>
         <executable>true</executable>
         <run_address>0x200114f0</run_address>
         <size>0x4c</size>
         <alignment>0x4</alignment>
         <input_file_ref idref="fl-15"/>
      </object_component>
      <object_component id="oc-374">
         <name>.text.PRCMLPDSRestoreInfoSet</name>
         <load_address>0x2001153c</load_address>
         <readonly>true</readonly>
         <executable>true</executable>
         <run_address>0x2001153c</run_address>
         <size>0x4c</size>
         <alignment>0x2</alignment>
         <input_file_ref idref="fl-2e"/>
      </object_component>
      <object_component id="oc-20e">
         <name>.text.initHw</name>
         <load_address>0x20011588</load_address>
         <readonly>true</readonly>
         <executable>true</executable>
         <run_address>0x20011588</run_address>
         <size>0x4c</size>
         <alignment>0x2</alignment>
         <input_file_ref idref="fl-1b"/>
      </object_component>
      <object_component id="oc-291">
         <name>.text.UART2Support_dmaStopRx</name>
         <load_address>0x200115d4</load_address>
         <readonly>true</readonly>
         <executable>true</executable>
         <run_address>0x200115d4</run_address>
         <size>0x4a</size>
         <alignment>0x2</alignment>
         <input_file_ref idref="fl-1d"/>
      </object_component>
      <object_component id="oc-20d">
         <name>.text.getPrescaler</name>
         <load_address>0x2001161e</load_address>
         <readonly>true</readonly>
         <executable>true</executable>
         <run_address>0x2001161e</run_address>
         <size>0x4a</size>
         <alignment>0x2</alignment>
         <input_file_ref idref="fl-1b"/>
      </object_component>
      <object_component id="oc-319">
         <name>.text.uDMAChannelSizeGet</name>
         <load_address>0x20011668</load_address>
         <readonly>true</readonly>
         <executable>true</executable>
         <run_address>0x20011668</run_address>
         <size>0x4a</size>
         <alignment>0x2</alignment>
         <input_file_ref idref="fl-33"/>
      </object_component>
      <object_component id="oc-58">
         <name>.text.ClockP_sysTickHandler</name>
         <load_address>0x200116b4</load_address>
         <readonly>true</readonly>
         <executable>true</executable>
         <run_address>0x200116b4</run_address>
         <size>0x48</size>
         <alignment>0x4</alignment>
         <input_file_ref idref="fl-23"/>
      </object_component>
      <object_component id="oc-2fd">
         <name>.text.PRCMIntEnable</name>
         <load_address>0x200116fc</load_address>
         <readonly>true</readonly>
         <executable>true</executable>
         <run_address>0x200116fc</run_address>
         <size>0x48</size>
         <alignment>0x2</alignment>
         <input_file_ref idref="fl-2e"/>
      </object_component>
      <object_component id="oc-22d">
         <name>.text.PRCMPeripheralStatusGet</name>
         <load_address>0x20011744</load_address>
         <readonly>true</readonly>
         <executable>true</executable>
         <run_address>0x20011744</run_address>
         <size>0x48</size>
         <alignment>0x2</alignment>
         <input_file_ref idref="fl-2e"/>
      </object_component>
      <object_component id="oc-371">
         <name>.text.PinConfigGet</name>
         <load_address>0x2001178c</load_address>
         <readonly>true</readonly>
         <executable>true</executable>
         <run_address>0x2001178c</run_address>
         <size>0x48</size>
         <alignment>0x2</alignment>
         <input_file_ref idref="fl-2d"/>
      </object_component>
      <object_component id="oc-18a">
         <name>.text.__fixdfsi</name>
         <load_address>0x200117d4</load_address>
         <readonly>true</readonly>
         <executable>true</executable>
         <run_address>0x200117d4</run_address>
         <size>0x48</size>
         <alignment>0x4</alignment>
         <input_file_ref idref="fl-dd"/>
      </object_component>
      <object_component id="oc-2a5">
         <name>.text.I2CCC32XX_fillTransmitFifo</name>
         <load_address>0x2001181c</load_address>
         <readonly>true</readonly>
         <executable>true</executable>
         <run_address>0x2001181c</run_address>
         <size>0x46</size>
         <alignment>0x2</alignment>
         <input_file_ref idref="fl-17"/>
      </object_component>
      <object_component id="oc-302">
         <name>.text.PRCMLPDSEnterKeepDebugIf</name>
         <load_address>0x20011862</load_address>
         <readonly>true</readonly>
         <executable>true</executable>
         <run_address>0x20011862</run_address>
         <size>0x46</size>
         <alignment>0x2</alignment>
         <input_file_ref idref="fl-2e"/>
      </object_component>
      <object_component id="oc-317">
         <name>.text.RingBuf_put</name>
         <load_address>0x200118a8</load_address>
         <readonly>true</readonly>
         <executable>true</executable>
         <run_address>0x200118a8</run_address>
         <size>0x46</size>
         <alignment>0x2</alignment>
         <input_file_ref idref="fl-1f"/>
      </object_component>
      <object_component id="oc-19b">
         <name>.text.GPIODirModeSet</name>
         <load_address>0x200118ee</load_address>
         <readonly>true</readonly>
         <executable>true</executable>
         <run_address>0x200118ee</run_address>
         <size>0x44</size>
         <alignment>0x2</alignment>
         <input_file_ref idref="fl-29"/>
      </object_component>
      <object_component id="oc-230">
         <name>.text.GPIO_disableInt</name>
         <load_address>0x20011934</load_address>
         <readonly>true</readonly>
         <executable>true</executable>
         <run_address>0x20011934</run_address>
         <size>0x44</size>
         <alignment>0x4</alignment>
         <input_file_ref idref="fl-15"/>
      </object_component>
      <object_component id="oc-f5">
         <name>.text.GPIO_enableInt</name>
         <load_address>0x20011978</load_address>
         <readonly>true</readonly>
         <executable>true</executable>
         <run_address>0x20011978</run_address>
         <size>0x44</size>
         <alignment>0x4</alignment>
         <input_file_ref idref="fl-15"/>
      </object_component>
      <object_component id="oc-3ef">
         <name>.text.HOSTunlink</name>
         <load_address>0x200119bc</load_address>
         <readonly>true</readonly>
         <executable>true</executable>
         <run_address>0x200119bc</run_address>
         <size>0x44</size>
         <alignment>0x4</alignment>
         <input_file_ref idref="fl-d7"/>
      </object_component>
      <object_component id="oc-294">
         <name>.text.Power_releaseConstraint</name>
         <load_address>0x20011a00</load_address>
         <readonly>true</readonly>
         <executable>true</executable>
         <run_address>0x20011a00</run_address>
         <size>0x44</size>
         <alignment>0x4</alignment>
         <input_file_ref idref="fl-18"/>
      </object_component>
      <object_component id="oc-162">
         <name>.text.Timer_start</name>
         <load_address>0x20011a44</load_address>
         <readonly>true</readonly>
         <executable>true</executable>
         <run_address>0x20011a44</run_address>
         <size>0x44</size>
[...]
         <object_component_ref idref="oc-320"/>
      </symbol>
      <symbol id="sm-72a">
         <name>uDMAChannelIsEnabled</name>
         <value>0x20012c71</value>
         <object_component_ref idref="oc-290"/>
      </symbol>
      <symbol id="sm-72b">
         <name>uDMAChannelSizeGet</name>
         <value>0x20011669</value>
         <object_component_ref idref="oc-319"/>
      </symbol>
      <symbol id="sm-72c">
         <name>uDMAChannelTransferSet</name>
         <value>0x2000ecc5</value>
         <object_component_ref idref="oc-31f"/>
      </symbol>
      <symbol id="sm-72d">
         <name>uDMAControlBaseSet</name>
         <value>0x20013019</value>
         <object_component_ref idref="oc-267"/>
      </symbol>
      <symbol id="sm-72e">
         <name>uDMAEnable</name>
         <value>0x200132c1</value>
         <object_component_ref idref="oc-262"/>
      </symbol>
      <symbol id="sm-72f">
         <name>uDMAErrorStatusClear</name>
         <value>0x200132cf</value>
         <object_component_ref idref="oc-3cd"/>
      </symbol>
      <symbol id="sm-730">
         <name>uDMAErrorStatusGet</name>
         <value>0x20013389</value>
         <object_component_ref idref="oc-3cc"/>
      </symbol>
      <symbol id="sm-731">
         <name>uDMAIntClear</name>
         <value>0x2001302d</value>
         <object_component_ref idref="oc-31a"/>
      </symbol>
      <symbol id="sm-73c">
         <name>UtilsDelay</name>
         <value>0x20013419</value>
         <object_component_ref idref="oc-10e"/>
      </symbol>
      <symbol id="sm-769">
         <name>FlashDisable</name>
         <value>0x20010c99</value>
         <object_component_ref idref="oc-376"/>
      </symbol>
      <symbol id="sm-77a">
         <name>printf</name>
         <value>0x20010c39</value>
         <object_component_ref idref="oc-176"/>
      </symbol>
      <symbol id="sm-7c1">
         <name>__TI_printfi</name>
         <value>0x2000c041</value>
         <object_component_ref idref="oc-2dd"/>
      </symbol>
      <symbol id="sm-7d2">
         <name>vsnprintf</name>
         <value>0x20011e0d</value>
         <object_component_ref idref="oc-18f"/>
      </symbol>
      <symbol id="sm-7dd">
         <name>fputc</name>
         <value>0x2000fff1</value>
         <object_component_ref idref="oc-2de"/>
      </symbol>
      <symbol id="sm-7ec">
         <name>puts</name>
         <value>0x20012a0d</value>
         <object_component_ref idref="oc-16e"/>
      </symbol>
      <symbol id="sm-7ed">
         <name>fputs</name>
         <value>0x2000eed5</value>
         <object_component_ref idref="oc-219"/>
      </symbol>
      <symbol id="sm-7f7">
         <name>__TI_wrt_ok</name>
         <value>0x20010b79</value>
         <object_component_ref idref="oc-2bd"/>
      </symbol>
      <symbol id="sm-801">
         <name>setvbuf</name>
         <value>0x2000f285</value>
         <object_component_ref idref="oc-332"/>
      </symbol>
      <symbol id="sm-80a">
         <name>wcslen</name>
         <value>0x2001324d</value>
         <object_component_ref idref="oc-34e"/>
      </symbol>
      <symbol id="sm-815">
         <name>__aeabi_errno_addr</name>
         <value>0x20013421</value>
         <object_component_ref idref="oc-352"/>
      </symbol>
      <symbol id="sm-816">
         <name>__aeabi_errno</name>
         <value>0x20014bec</value>
         <object_component_ref idref="oc-39d"/>
      </symbol>
      <symbol id="sm-824">
         <name>abort</name>
         <value>0x2001348d</value>
         <object_component_ref idref="oc-b8"/>
      </symbol>
      <symbol id="sm-825">
         <name>C$$EXIT</name>
         <value>0x2001348c</value>
         <object_component_ref idref="oc-b8"/>
      </symbol>
      <symbol id="sm-826">
         <name>__TI_cleanup_ptr</name>
         <value>0x20014bd4</value>
         <object_component_ref idref="oc-105"/>
      </symbol>
      <symbol id="sm-827">
         <name>__TI_dtors_ptr</name>
         <value>0x20014bd8</value>
         <object_component_ref idref="oc-105"/>
      </symbol>
      <symbol id="sm-828">
         <name>exit</name>
         <value>0x20012435</value>
         <object_component_ref idref="oc-bd"/>
      </symbol>
      <symbol id="sm-831">
         <name>_nop</name>
         <value>0x2001041b</value>
         <object_component_ref idref="oc-1a0"/>
      </symbol>
      <symbol id="sm-832">
         <name>_lock</name>
         <value>0x20014bf0</value>
         <object_component_ref idref="oc-103"/>
      </symbol>
      <symbol id="sm-833">
         <name>_unlock</name>
         <value>0x20014bf4</value>
         <object_component_ref idref="oc-106"/>
      </symbol>
      <symbol id="sm-83c">
         <name>__TI_ltoa</name>
         <value>0x20011077</value>
         <object_component_ref idref="oc-3b1"/>
      </symbol>
      <symbol id="sm-847">
         <name>atoi</name>
         <value>0x20011c99</value>
         <object_component_ref idref="oc-34a"/>
      </symbol>
      <symbol id="sm-84c">
         <name>_ftable</name>
         <value>0x20014910</value>
         <object_component_ref idref="oc-21a"/>
      </symbol>
      <symbol id="sm-84d">
         <name>__TI_ft_end</name>
         <value>0x20014be8</value>
         <object_component_ref idref="oc-3d8"/>
      </symbol>
      <symbol id="sm-84e">
         <name>__TI_tmpnams</name>
         <value>0x200140c0</value>
         <object_component_ref idref="oc-411"/>
      </symbol>
      <symbol id="sm-857">
         <name>memccpy</name>
         <value>0x20012c17</value>
         <object_component_ref idref="oc-343"/>
      </symbol>
      <symbol id="sm-877">
         <name>malloc</name>
         <value>0x20013431</value>
         <object_component_ref idref="oc-22e"/>
      </symbol>
      <symbol id="sm-878">
         <name>aligned_alloc</name>
         <value>0x2000e971</value>
         <object_component_ref idref="oc-2e6"/>
      </symbol>
      <symbol id="sm-879">
         <name>free</name>
         <value>0x2000efc5</value>
         <object_component_ref idref="oc-1c1"/>
      </symbol>
      <symbol id="sm-87a">
         <name>_sys_memory</name>
         <value>0x20004040</value>
         <object_component_ref idref="oc-31"/>
      </symbol>
      <symbol id="sm-87b">
         <name>memalign</name>
         <value>0x2000e971</value>
         <object_component_ref idref="oc-2e6"/>
      </symbol>
      <symbol id="sm-886">
         <name>_c_int00_noargs</name>
         <value>0x20012a31</value>
         <object_component_ref idref="oc-76"/>
      </symbol>
      <symbol id="sm-887">
         <name>__stack</name>
         <value>0x20003000</value>
         <object_component_ref idref="oc-16"/>
      </symbol>
      <symbol id="sm-893">
         <name>__TI_auto_init_nobinit_nopinit</name>
         <value>0x20011f9d</value>
         <object_component_ref idref="oc-bf"/>
      </symbol>
      <symbol id="sm-89b">
         <name>_system_pre_init</name>
         <value>0x20013481</value>
         <object_component_ref idref="oc-8b"/>
      </symbol>
      <symbol id="sm-8a6">
         <name>__TI_zero_init</name>
         <value>0x2001325d</value>
         <object_component_ref idref="oc-49"/>
      </symbol>
      <symbol id="sm-8af">
         <name>__TI_decompress_none</name>
         <value>0x200132eb</value>
         <object_component_ref idref="oc-1c"/>
      </symbol>
      <symbol id="sm-8b9">
         <name>__TI_decompress_lzss</name>
         <value>0x2001033d</value>
         <object_component_ref idref="oc-18"/>
      </symbol>
      <symbol id="sm-8c3">
         <name>frexp</name>
         <value>0x2001121d</value>
         <object_component_ref idref="oc-3a9"/>
      </symbol>
      <symbol id="sm-8c4">
         <name>frexpl</name>
         <value>0x2001121d</value>
         <object_component_ref idref="oc-3a9"/>
      </symbol>
      <symbol id="sm-8ce">
         <name>scalbn</name>
         <value>0x2000f67d</value>
         <object_component_ref idref="oc-3ad"/>
      </symbol>
      <symbol id="sm-8cf">
         <name>ldexp</name>
         <value>0x2000f67d</value>
         <object_component_ref idref="oc-3ad"/>
      </symbol>
      <symbol id="sm-8d0">
         <name>scalbnl</name>
         <value>0x2000f67d</value>
         <object_component_ref idref="oc-3ad"/>
      </symbol>
      <symbol id="sm-8d1">
         <name>ldexpl</name>
         <value>0x2000f67d</value>
         <object_component_ref idref="oc-3ad"/>
      </symbol>
      <symbol id="sm-8dc">
         <name>__TI_doflush</name>
         <value>0x200113b5</value>
         <object_component_ref idref="oc-2c7"/>
      </symbol>
      <symbol id="sm-8e7">
         <name>__TI_cleanup</name>
         <value>0x200121e5</value>
         <object_component_ref idref="oc-385"/>
      </symbol>
      <symbol id="sm-8f4">
         <name>fseek</name>
         <value>0x20013485</value>
         <object_component_ref idref="oc-32d"/>
      </symbol>
      <symbol id="sm-8f5">
         <name>fseeko</name>
         <value>0x20010851</value>
         <object_component_ref idref="oc-381"/>
      </symbol>
      <symbol id="sm-8f6">
         <name>__aeabi_ctype_table_</name>
         <value>0x20014c00</value>
         <object_component_ref idref="oc-396"/>
      </symbol>
      <symbol id="sm-8f7">
         <name>__aeabi_ctype_table_C</name>
         <value>0x20014c00</value>
         <object_component_ref idref="oc-396"/>
      </symbol>
      <symbol id="sm-903">
         <name>__TI_closefile</name>
         <value>0x200102c9</value>
         <object_component_ref idref="oc-3d2"/>
      </symbol>
      <symbol id="sm-90d">
         <name>write</name>
         <value>0x200126b1</value>
         <object_component_ref idref="oc-2c3"/>
      </symbol>
      <symbol id="sm-912">
         <name>_device</name>
         <value>0x20014a84</value>
         <object_component_ref idref="oc-38e"/>
      </symbol>
      <symbol id="sm-913">
         <name>_stream</name>
         <value>0x20014afc</value>
         <object_component_ref idref="oc-338"/>
      </symbol>
      <symbol id="sm-91b">
         <name>remove</name>
         <value>0x20013489</value>
         <object_component_ref idref="oc-40d"/>
      </symbol>
      <symbol id="sm-926">
         <name>lseek</name>
         <value>0x20012659</value>
         <object_component_ref idref="oc-3ce"/>
      </symbol>
      <symbol id="sm-930">
         <name>close</name>
         <value>0x20010bd9</value>
         <object_component_ref idref="oc-409"/>
      </symbol>
      <symbol id="sm-93a">
         <name>unlink</name>
         <value>0x20012685</value>
         <object_component_ref idref="oc-435"/>
      </symbol>
      <symbol id="sm-944">
         <name>HOSTclose</name>
         <value>0x20011d95</value>
         <object_component_ref idref="oc-3df"/>
      </symbol>
      <symbol id="sm-94e">
         <name>HOSTlseek</name>
         <value>0x20010f19</value>
         <object_component_ref idref="oc-3eb"/>
      </symbol>
      <symbol id="sm-958">
         <name>HOSTopen</name>
         <value>0x20010f71</value>
         <object_component_ref idref="oc-3db"/>
      </symbol>
      <symbol id="sm-959">
         <name>parmbuf</name>
         <value>0x20014370</value>
         <object_component_ref idref="oc-41b"/>
      </symbol>
      <symbol id="sm-963">
         <name>HOSTread</name>
         <value>0x200110cd</value>
         <object_component_ref idref="oc-3e3"/>
      </symbol>
      <symbol id="sm-974">
         <name>HOSTrename</name>
         <value>0x200109f1</value>
         <object_component_ref idref="oc-3f3"/>
      </symbol>
      <symbol id="sm-97e">
         <name>HOSTunlink</name>
         <value>0x200119bd</value>
         <object_component_ref idref="oc-3ef"/>
      </symbol>
      <symbol id="sm-988">
         <name>HOSTwrite</name>
         <value>0x20011121</value>
         <object_component_ref idref="oc-3e7"/>
      </symbol>
      <symbol id="sm-996">
         <name>C$$IO$$</name>
         <value>0x20012243</value>
         <object_component_ref idref="oc-414"/>
      </symbol>
      <symbol id="sm-997">
         <name>__TI_writemsg</name>
         <value>0x20012219</value>
         <object_component_ref idref="oc-414"/>
      </symbol>
      <symbol id="sm-998">
         <name>__CIOBUF_</name>
         <value>0x20013ea4</value>
         <object_component_ref idref="oc-43b"/>
      </symbol>
      <symbol id="sm-999">
         <name>__TI_readmsg</name>
         <value>0x200123d5</value>
         <object_component_ref idref="oc-41a"/>
      </symbol>
      <symbol id="sm-99a">
         <name>_CIOBUF_</name>
         <value>0x20013ea4</value>
         <object_component_ref idref="oc-43b"/>
      </symbol>
      <symbol id="sm-9a0">
         <name>__aeabi_dadd</name>
         <value>0x2000dda7</value>
         <object_component_ref idref="oc-3b5"/>
      </symbol>
      <symbol id="sm-9a1">
         <name>__adddf3</name>
         <value>0x2000dda7</value>
         <object_component_ref idref="oc-3b5"/>
      </symbol>
      <symbol id="sm-9a2">
         <name>__aeabi_dsub</name>
         <value>0x2000dd9d</value>
         <object_component_ref idref="oc-3b5"/>
      </symbol>
      <symbol id="sm-9a3">
         <name>__subdf3</name>
         <value>0x2000dd9d</value>
         <object_component_ref idref="oc-3b5"/>
      </symbol>
      <symbol id="sm-9a9">
         <name>__aeabi_dmul</name>
         <value>0x2000edd9</value>
         <object_component_ref idref="oc-186"/>
      </symbol>
      <symbol id="sm-9aa">
         <name>__muldf3</name>
         <value>0x2000edd9</value>
         <object_component_ref idref="oc-186"/>
      </symbol>
      <symbol id="sm-9b0">
         <name>__aeabi_ddiv</name>
         <value>0x2000e715</value>
         <object_component_ref idref="oc-3bf"/>
      </symbol>
      <symbol id="sm-9b1">
         <name>__divdf3</name>
         <value>0x2000e715</value>
         <object_component_ref idref="oc-3bf"/>
      </symbol>
      <symbol id="sm-9b7">
         <name>__aeabi_d2iz</name>
         <value>0x200117d5</value>
         <object_component_ref idref="oc-18a"/>
      </symbol>
      <symbol id="sm-9b8">
         <name>__fixdfsi</name>
         <value>0x200117d5</value>
         <object_component_ref idref="oc-18a"/>
      </symbol>
      <symbol id="sm-9be">
         <name>__aeabi_i2d</name>
         <value>0x2001254d</value>
         <object_component_ref idref="oc-182"/>
      </symbol>
      <symbol id="sm-9bf">
         <name>__floatsidf</name>
         <value>0x2001254d</value>
         <object_component_ref idref="oc-182"/>
      </symbol>
      <symbol id="sm-9c5">
         <name>__aeabi_dcmpeq</name>
         <value>0x20010a55</value>
         <object_component_ref idref="oc-358"/>
      </symbol>
      <symbol id="sm-9c6">
         <name>__aeabi_dcmplt</name>
         <value>0x20010a69</value>
         <object_component_ref idref="oc-358"/>
      </symbol>
      <symbol id="sm-9c7">
         <name>__aeabi_dcmple</name>
         <value>0x20010a7d</value>
         <object_component_ref idref="oc-358"/>
      </symbol>
      <symbol id="sm-9c8">
         <name>__aeabi_dcmpge</name>
         <value>0x20010a91</value>
         <object_component_ref idref="oc-358"/>
      </symbol>
      <symbol id="sm-9c9">
         <name>__aeabi_dcmpgt</name>
         <value>0x20010aa5</value>
         <object_component_ref idref="oc-358"/>
      </symbol>
      <symbol id="sm-9cf">
         <name>__aeabi_memcpy</name>
         <value>0x20013475</value>
         <object_component_ref idref="oc-3c"/>
      </symbol>
      <symbol id="sm-9d0">
         <name>__aeabi_memcpy4</name>
         <value>0x20013475</value>
         <object_component_ref idref="oc-3c"/>
      </symbol>
      <symbol id="sm-9d1">
         <name>__aeabi_memcpy8</name>
         <value>0x20013475</value>
         <object_component_ref idref="oc-3c"/>
      </symbol>
      <symbol id="sm-9da">
         <name>__aeabi_memset</name>
         <value>0x200133dd</value>
         <object_component_ref idref="oc-342"/>
      </symbol>
      <symbol id="sm-9db">
         <name>__aeabi_memset4</name>
         <value>0x200133dd</value>
         <object_component_ref idref="oc-342"/>
      </symbol>
      <symbol id="sm-9dc">
         <name>__aeabi_memset8</name>
         <value>0x200133dd</value>
         <object_component_ref idref="oc-342"/>
      </symbol>
      <symbol id="sm-9dd">
         <name>__aeabi_memclr</name>
         <value>0x20013429</value>
         <object_component_ref idref="oc-67"/>
      </symbol>
      <symbol id="sm-9de">
         <name>__aeabi_memclr4</name>
         <value>0x20013429</value>
         <object_component_ref idref="oc-67"/>
      </symbol>
      <symbol id="sm-9df">
         <name>__aeabi_memclr8</name>
         <value>0x20013429</value>
         <object_component_ref idref="oc-67"/>
      </symbol>
      <symbol id="sm-9e5">
         <name>__aeabi_uldivmod</name>
         <value>0x20013005</value>
         <object_component_ref idref="oc-240"/>
      </symbol>
      <symbol id="sm-9eb">
         <name>__udivmoddi4</name>
         <value>0x2000f7f9</value>
         <object_component_ref idref="oc-2ed"/>
      </symbol>
      <symbol id="sm-9f7">
         <name>__ledf2</name>
         <value>0x2001041d</value>
         <object_component_ref idref="oc-3a1"/>
      </symbol>
      <symbol id="sm-9f8">
         <name>__gedf2</name>
         <value>0x200103ad</value>
         <object_component_ref idref="oc-3a7"/>
      </symbol>
      <symbol id="sm-9f9">
         <name>__cmpdf2</name>
         <value>0x2001041d</value>
         <object_component_ref idref="oc-3a1"/>
      </symbol>
      <symbol id="sm-9fa">
         <name>__eqdf2</name>
         <value>0x2001041d</value>
         <object_component_ref idref="oc-3a1"/>
      </symbol>
      <symbol id="sm-9fb">
         <name>__ltdf2</name>
         <value>0x2001041d</value>
         <object_component_ref idref="oc-3a1"/>
      </symbol>
      <symbol id="sm-9fc">
         <name>__nedf2</name>
         <value>0x2001041d</value>
         <object_component_ref idref="oc-3a1"/>
      </symbol>
      <symbol id="sm-9fd">
         <name>__gtdf2</name>
         <value>0x200103ad</value>
         <object_component_ref idref="oc-3a7"/>
      </symbol>
      <symbol id="sm-a07">
         <name>__aeabi_ldiv0</name>
         <value>0x200100f3</value>
         <object_component_ref idref="oc-36a"/>
      </symbol>
      <symbol id="sm-a15">
         <name>finddevice</name>
         <value>0x200125d5</value>
         <object_component_ref idref="oc-447"/>
      </symbol>
      <symbol id="sm-a16">
         <name>getdevice</name>
         <value>0x200108b9</value>
         <object_component_ref idref="oc-43e"/>
      </symbol>
      <symbol id="sm-a1e">
         <name>TI_memcpy_small</name>
         <value>0x20013119</value>
         <object_component_ref idref="oc-81"/>
      </symbol>
      <symbol id="sm-a26">
         <name>TI_memset_small</name>
         <value>0x200132dd</value>
         <object_component_ref idref="oc-9e"/>
      </symbol>
      <symbol id="sm-a2d">
         <name>strcmp</name>
         <value>0x2000d2c9</value>
         <object_component_ref idref="oc-44a"/>
      </symbol>
      <symbol id="sm-a2e">
         <name>__TI_static_base__</name>
         <value>0x20013490</value>
      </symbol>
      <symbol id="sm-a31">
         <name>ITM_flush</name>
         <value>0x0</value>
      </symbol>
      <symbol id="sm-a32">
         <name>ITM_restore</name>
         <value>0x0</value>
      </symbol>
      <symbol id="sm-a33">
         <name>__mpu_init</name>
         <value>0x0</value>
      </symbol>
      <symbol id="sm-a34">
         <name>_system_post_cinit</name>
         <value>0x0</value>
      </symbol>
   </symbol_table>
   <title>Link successful</title>
</link_info>
