<?xml version="1.0" encoding="ISO-8859-1" ?>
<link_info>
   <banner>TI ARM Clang Linker Unix v3.2.1.LTS</banner>
   <copyright>Copyright (c) 1996-2018 Texas Instruments Incorporated</copyright>
   <link_time>0x66dce11e</link_time>
   <link_errors>0x0</link_errors>
   <output_file>/Users/victor/workspace_v12/pwmled2_CC3220S_LAUNCHXL_nortos_ticlang/MCU+Image/pwmled2_CC3220S_LAUNCHXL_nortos_ticlang.out</output_file>
   <entry_point>
      <name>resetISR</name>
      <address>0x2000ef39</address>
   </entry_point>
   <input_file_list>
      <input_file id="fl-1">
         <path>/Users/victor/workspace_v12/pwmled2_CC3220S_LAUNCHXL_nortos_ticlang/MCU+Image/./</path>
         <kind>object</kind>
         <file>main_nortos.o</file>
         <name>main_nortos.o</name>
      </input_file>
      <input_file id="fl-2">
         <path>/Users/victor/workspace_v12/pwmled2_CC3220S_LAUNCHXL_nortos_ticlang/MCU+Image/./</path>
         <kind>object</kind>
         <file>pwmled2.o</file>
         <name>pwmled2.o</name>
      </input_file>
      <input_file id="fl-3">
         <path>/Users/victor/workspace_v12/pwmled2_CC3220S_LAUNCHXL_nortos_ticlang/MCU+Image/./syscfg/</path>
         <kind>object</kind>
         <file>ti_drivers_config.o</file>
         <name>ti_drivers_config.o</name>
      </input_file>
      <input_file id="fl-13">
         <path>/Users/victor/workspace_v12/pwmled2_CC3220S_LAUNCHXL_nortos_ticlang/MCU+Image/</path>
         <kind>object</kind>
         <file>&lt;internal&gt;</file>
         <name>&lt;internal&gt;</name>
      </input_file>
      <input_file id="fl-14">
         <path>/Users/victor/ti/simplelink_cc32xx_sdk_7_10_00_13/source/ti/drivers/lib/ticlang/m4/</path>
         <kind>archive</kind>
         <file>drivers_cc32xx.a</file>
         <name>GPIOCC32XX.c.obj</name>
      </input_file>
      <input_file id="fl-15">
         <path>/Users/victor/ti/simplelink_cc32xx_sdk_7_10_00_13/source/ti/drivers/lib/ticlang/m4/</path>
         <kind>archive</kind>
         <file>drivers_cc32xx.a</file>
         <name>PowerCC32XX.c.obj</name>
      </input_file>
      <input_file id="fl-16">
         <path>/Users/victor/ti/simplelink_cc32xx_sdk_7_10_00_13/source/ti/drivers/lib/ticlang/m4/</path>
         <kind>archive</kind>
         <file>drivers_cc32xx.a</file>
         <name>PowerCC32XX_ticlang.asm.obj</name>
      </input_file>
      <input_file id="fl-17">
         <path>/Users/victor/ti/simplelink_cc32xx_sdk_7_10_00_13/source/ti/drivers/lib/ticlang/m4/</path>
         <kind>archive</kind>
         <file>drivers_cc32xx.a</file>
         <name>PWM.c.obj</name>
      </input_file>
      <input_file id="fl-18">
         <path>/Users/victor/ti/simplelink_cc32xx_sdk_7_10_00_13/source/ti/drivers/lib/ticlang/m4/</path>
         <kind>archive</kind>
         <file>drivers_cc32xx.a</file>
         <name>PWMTimerCC32XX.c.obj</name>
      </input_file>
      <input_file id="fl-19">
         <path>/Users/victor/ti/simplelink_cc32xx_sdk_7_10_00_13/source/ti/drivers/lib/ticlang/m4/</path>
         <kind>archive</kind>
         <file>drivers_cc32xx.a</file>
         <name>TimerCC32XX.c.obj</name>
      </input_file>
      <input_file id="fl-1a">
         <path>/Users/victor/ti/simplelink_cc32xx_sdk_7_10_00_13/source/ti/drivers/lib/ticlang/m4/</path>
         <kind>archive</kind>
         <file>drivers_cc32xx.a</file>
         <name>List.c.obj</name>
      </input_file>
      <input_file id="fl-1b">
         <path>/Users/victor/ti/simplelink_cc32xx_sdk_7_10_00_13/source/ti/drivers/lib/ticlang/m4/</path>
         <kind>archive</kind>
         <file>drivers_cc32xx.a</file>
         <name>Timer.c.obj</name>
      </input_file>
      <input_file id="fl-1c">
         <path>/Users/victor/ti/simplelink_cc32xx_sdk_7_10_00_13/kernel/nortos/lib/ticlang/m4/</path>
         <kind>archive</kind>
         <file>nortos_cc32xx.a</file>
         <name>NoRTOS.c.obj</name>
      </input_file>
      <input_file id="fl-1d">
         <path>/Users/victor/ti/simplelink_cc32xx_sdk_7_10_00_13/kernel/nortos/lib/ticlang/m4/</path>
         <kind>archive</kind>
         <file>nortos_cc32xx.a</file>
         <name>posix_sleep.c.obj</name>
      </input_file>
      <input_file id="fl-1e">
         <path>/Users/victor/ti/simplelink_cc32xx_sdk_7_10_00_13/kernel/nortos/lib/ticlang/m4/</path>
         <kind>archive</kind>
         <file>nortos_cc32xx.a</file>
         <name>SemaphoreP_nortos.c.obj</name>
      </input_file>
      <input_file id="fl-1f">
         <path>/Users/victor/ti/simplelink_cc32xx_sdk_7_10_00_13/kernel/nortos/lib/ticlang/m4/</path>
         <kind>archive</kind>
         <file>nortos_cc32xx.a</file>
         <name>ClockPSysTick_nortos.c.obj</name>
      </input_file>
      <input_file id="fl-20">
         <path>/Users/victor/ti/simplelink_cc32xx_sdk_7_10_00_13/kernel/nortos/lib/ticlang/m4/</path>
         <kind>archive</kind>
         <file>nortos_cc32xx.a</file>
         <name>HwiPCC32XX_nortos.c.obj</name>
      </input_file>
      <input_file id="fl-21">
         <path>/Users/victor/ti/simplelink_cc32xx_sdk_7_10_00_13/kernel/nortos/lib/ticlang/m4/</path>
         <kind>archive</kind>
         <file>nortos_cc32xx.a</file>
         <name>PowerCC32XX_nortos.c.obj</name>
      </input_file>
      <input_file id="fl-22">
         <path>/Users/victor/ti/simplelink_cc32xx_sdk_7_10_00_13/kernel/nortos/lib/ticlang/m4/</path>
         <kind>archive</kind>
         <file>nortos_cc32xx.a</file>
         <name>startup_cc32xx_ticlang.c.obj</name>
      </input_file>
      <input_file id="fl-23">
         <path>/Users/victor/ti/simplelink_cc32xx_sdk_7_10_00_13/kernel/nortos/lib/ticlang/m4/</path>
         <kind>archive</kind>
         <file>nortos_cc32xx.a</file>
         <name>SwiP_nortos.c.obj</name>
      </input_file>
      <input_file id="fl-24">
         <path>/Users/victor/ti/simplelink_cc32xx_sdk_7_10_00_13/source/ti/devices/cc32xx/driverlib/ticlang/Release/</path>
         <kind>archive</kind>
         <file>driverlib.a</file>
         <name>cpu.obj</name>
      </input_file>
      <input_file id="fl-25">
         <path>/Users/victor/ti/simplelink_cc32xx_sdk_7_10_00_13/source/ti/devices/cc32xx/driverlib/ticlang/Release/</path>
         <kind>archive</kind>
         <file>driverlib.a</file>
         <name>gpio.obj</name>
      </input_file>
      <input_file id="fl-26">
         <path>/Users/victor/ti/simplelink_cc32xx_sdk_7_10_00_13/source/ti/devices/cc32xx/driverlib/ticlang/Release/</path>
         <kind>archive</kind>
         <file>driverlib.a</file>
         <name>hwspinlock.obj</name>
      </input_file>
      <input_file id="fl-27">
         <path>/Users/victor/ti/simplelink_cc32xx_sdk_7_10_00_13/source/ti/devices/cc32xx/driverlib/ticlang/Release/</path>
         <kind>archive</kind>
         <file>driverlib.a</file>
         <name>interrupt.obj</name>
      </input_file>
      <input_file id="fl-28">
         <path>/Users/victor/ti/simplelink_cc32xx_sdk_7_10_00_13/source/ti/devices/cc32xx/driverlib/ticlang/Release/</path>
         <kind>archive</kind>
         <file>driverlib.a</file>
         <name>pin.obj</name>
      </input_file>
      <input_file id="fl-29">
         <path>/Users/victor/ti/simplelink_cc32xx_sdk_7_10_00_13/source/ti/devices/cc32xx/driverlib/ticlang/Release/</path>
         <kind>archive</kind>
         <file>driverlib.a</file>
         <name>prcm.obj</name>
      </input_file>
      <input_file id="fl-2a">
         <path>/Users/victor/ti/simplelink_cc32xx_sdk_7_10_00_13/source/ti/devices/cc32xx/driverlib/ticlang/Release/</path>
         <kind>archive</kind>
         <file>driverlib.a</file>
         <name>spi.obj</name>
      </input_file>
      <input_file id="fl-2b">
         <path>/Users/victor/ti/simplelink_cc32xx_sdk_7_10_00_13/source/ti/devices/cc32xx/driverlib/ticlang/Release/</path>
         <kind>archive</kind>
         <file>driverlib.a</file>
         <name>systick.obj</name>
      </input_file>
      <input_file id="fl-2c">
         <path>/Users/victor/ti/simplelink_cc32xx_sdk_7_10_00_13/source/ti/devices/cc32xx/driverlib/ticlang/Release/</path>
         <kind>archive</kind>
         <file>driverlib.a</file>
         <name>timer.obj</name>
      </input_file>
      <input_file id="fl-2d">
         <path>/Users/victor/ti/simplelink_cc32xx_sdk_7_10_00_13/source/ti/devices/cc32xx/driverlib/ticlang/Release/</path>
         <kind>archive</kind>
         <file>driverlib.a</file>
         <name>utils.obj</name>
      </input_file>
      <input_file id="fl-2e">
         <path>/Users/victor/ti/simplelink_cc32xx_sdk_7_10_00_13/source/ti/devices/cc32xx/driverlib/ticlang/Release/</path>
         <kind>archive</kind>
         <file>driverlib.a</file>
         <name>flash.obj</name>
      </input_file>
      <input_file id="fl-3d">
         <path>/Applications/ti/ccs1280/ccs/tools/compiler/ti-cgt-armllvm_3.2.1.LTS/lib/armv7em-ti-none-eabi/c/</path>
         <kind>archive</kind>
         <file>libc.a</file>
         <name>memory.c.obj</name>
      </input_file>
      <input_file id="fl-3e">
         <path>/Applications/ti/ccs1280/ccs/tools/compiler/ti-cgt-armllvm_3.2.1.LTS/lib/armv7em-ti-none-eabi/c/</path>
         <kind>archive</kind>
         <file>libc.a</file>
         <name>boot_cortex_m.c.obj</name>
      </input_file>
      <input_file id="fl-3f">
         <path>/Applications/ti/ccs1280/ccs/tools/compiler/ti-cgt-armllvm_3.2.1.LTS/lib/armv7em-ti-none-eabi/c/</path>
         <kind>archive</kind>
         <file>libc.a</file>
         <name>mathacl_init.c.obj</name>
      </input_file>
      <input_file id="fl-40">
         <path>/Applications/ti/ccs1280/ccs/tools/compiler/ti-cgt-armllvm_3.2.1.LTS/lib/armv7em-ti-none-eabi/c/</path>
         <kind>archive</kind>
         <file>libc.a</file>
         <name>autoinit.c.obj</name>
      </input_file>
      <input_file id="fl-41">
         <path>/Applications/ti/ccs1280/ccs/tools/compiler/ti-cgt-armllvm_3.2.1.LTS/lib/armv7em-ti-none-eabi/c/</path>
         <kind>archive</kind>
         <file>libc.a</file>
         <name>pre_init.c.obj</name>
      </input_file>
      <input_file id="fl-42">
         <path>/Applications/ti/ccs1280/ccs/tools/compiler/ti-cgt-armllvm_3.2.1.LTS/lib/armv7em-ti-none-eabi/c/</path>
         <kind>archive</kind>
         <file>libc.a</file>
         <name>cpy_tbl.c.obj</name>
      </input_file>
      <input_file id="fl-43">
         <path>/Applications/ti/ccs1280/ccs/tools/compiler/ti-cgt-armllvm_3.2.1.LTS/lib/armv7em-ti-none-eabi/c/</path>
         <kind>archive</kind>
         <file>libc.a</file>
         <name>copy_zero_init.c.obj</name>
      </input_file>
      <input_file id="fl-44">
         <path>/Applications/ti/ccs1280/ccs/tools/compiler/ti-cgt-armllvm_3.2.1.LTS/lib/armv7em-ti-none-eabi/c/</path>
         <kind>archive</kind>
         <file>libc.a</file>
         <name>copy_decompress_none.c.obj</name>
      </input_file>
      <input_file id="fl-45">
         <path>/Applications/ti/ccs1280/ccs/tools/compiler/ti-cgt-armllvm_3.2.1.LTS/lib/armv7em-ti-none-eabi/c/</path>
         <kind>archive</kind>
         <file>libc.a</file>
         <name>copy_decompress_lzss.c.obj</name>
      </input_file>
      <input_file id="fl-46">
         <path>/Applications/ti/ccs1280/ccs/tools/compiler/ti-cgt-armllvm_3.2.1.LTS/lib/armv7em-ti-none-eabi/c/</path>
         <kind>archive</kind>
         <file>libc.a</file>
         <name>exit.c.obj</name>
      </input_file>
      <input_file id="fl-47">
         <path>/Applications/ti/ccs1280/ccs/tools/compiler/ti-cgt-armllvm_3.2.1.LTS/lib/armv7em-ti-none-eabi/c/</path>
         <kind>archive</kind>
         <file>libc.a</file>
         <name>_lock.c.obj</name>
      </input_file>
      <input_file id="fl-48">
         <path>/Applications/ti/ccs1280/ccs/tools/compiler/ti-cgt-armllvm_3.2.1.LTS/lib/armv7em-ti-none-eabi/c/</path>
         <kind>archive</kind>
         <file>libc.a</file>
         <name>args_main.c.obj</name>
      </input_file>
      <input_file id="fl-ae">
         <path>/Applications/ti/ccs1280/ccs/tools/compiler/ti-cgt-armllvm_3.2.1.LTS/lib/clang/15.0.7/lib/armv7em-ti-none-eabi/</path>
         <kind>archive</kind>
         <file>libclang_rt.builtins.a</file>
         <name>aeabi_memcpy.S.obj</name>
      </input_file>
      <input_file id="fl-af">
         <path>/Applications/ti/ccs1280/ccs/tools/compiler/ti-cgt-armllvm_3.2.1.LTS/lib/clang/15.0.7/lib/armv7em-ti-none-eabi/</path>
         <kind>archive</kind>
         <file>libclang_rt.builtins.a</file>
         <name>aeabi_memset.S.obj</name>
      </input_file>
      <input_file id="fl-b0">
         <path>/Applications/ti/ccs1280/ccs/tools/compiler/ti-cgt-armllvm_3.2.1.LTS/lib/clang/15.0.7/lib/armv7em-ti-none-eabi/</path>
         <kind>archive</kind>
         <file>libclang_rt.builtins.a</file>
         <name>aeabi_uldivmod.S.obj</name>
      </input_file>
      <input_file id="fl-b1">
         <path>/Applications/ti/ccs1280/ccs/tools/compiler/ti-cgt-armllvm_3.2.1.LTS/lib/clang/15.0.7/lib/armv7em-ti-none-eabi/</path>
         <kind>archive</kind>
         <file>libclang_rt.builtins.a</file>
         <name>udivmoddi4.S.obj</name>
      </input_file>
      <input_file id="fl-b2">
         <path>/Applications/ti/ccs1280/ccs/tools/compiler/ti-cgt-armllvm_3.2.1.LTS/lib/clang/15.0.7/lib/armv7em-ti-none-eabi/</path>
         <kind>archive</kind>
         <file>libclang_rt.builtins.a</file>
         <name>aeabi_div0.c.obj</name>
      </input_file>
      <input_file id="fl-b3">
         <path>/Applications/ti/ccs1280/ccs/tools/compiler/ti-cgt-armllvm_3.2.1.LTS/lib/armv7em-ti-none-eabi/c/</path>
         <kind>archive</kind>
         <file>libc.a</file>
         <name>memcpy_t2.S.obj</name>
      </input_file>
      <input_file id="fl-b4">
         <path>/Applications/ti/ccs1280/ccs/tools/compiler/ti-cgt-armllvm_3.2.1.LTS/lib/armv7em-ti-none-eabi/c/</path>
         <kind>archive</kind>
         <file>libc.a</file>
         <name>memset_t2.S.obj</name>
      </input_file>
   </input_file_list>
   <object_component_list>
      <object_component id="oc-d0">
         <name>.text.PRCMCC3200MCUInit</name>
         <load_address>0x2000c040</load_address>
         <readonly>true</readonly>
         <executable>true</executable>
         <run_address>0x2000c040</run_address>
         <size>0x4b8</size>
         <alignment>0x2</alignment>
         <input_file_ref idref="fl-29"/>
      </object_component>
      <object_component id="oc-1a8">
         <name>.text.Power_sleep</name>
         <load_address>0x2000c4f8</load_address>
         <readonly>true</readonly>
         <executable>true</executable>
         <run_address>0x2000c4f8</run_address>
         <size>0x3e4</size>
         <alignment>0x4</alignment>
         <input_file_ref idref="fl-15"/>
      </object_component>
      <object_component id="oc-15c">
         <name>.text.PowerCC32XX_sleepPolicy</name>
         <load_address>0x2000c8dc</load_address>
         <readonly>true</readonly>
         <executable>true</executable>
         <run_address>0x2000c8dc</run_address>
         <size>0x150</size>
         <alignment>0x4</alignment>
         <input_file_ref idref="fl-21"/>
      </object_component>
      <object_component id="oc-12b">
         <name>.text.GPIO_setConfig</name>
         <load_address>0x2000ca2c</load_address>
         <readonly>true</readonly>
         <executable>true</executable>
         <run_address>0x2000ca2c</run_address>
         <size>0x140</size>
         <alignment>0x4</alignment>
         <input_file_ref idref="fl-14"/>
      </object_component>
      <object_component id="oc-1f2">
         <name>.text.aligned_alloc</name>
         <load_address>0x2000cb6c</load_address>
         <readonly>true</readonly>
         <executable>true</executable>
         <run_address>0x2000cb6c</run_address>
         <size>0x120</size>
         <alignment>0x4</alignment>
         <input_file_ref idref="fl-3d"/>
      </object_component>
      <object_component id="oc-163">
         <name>.text.free</name>
         <load_address>0x2000cc8c</load_address>
         <readonly>true</readonly>
         <executable>true</executable>
         <run_address>0x2000cc8c</run_address>
         <size>0xf0</size>
         <alignment>0x4</alignment>
         <input_file_ref idref="fl-3d"/>
      </object_component>
      <object_component id="oc-1c8">
         <name>.text.PWMTimerCC32XX_open</name>
         <load_address>0x2000cd7c</load_address>
         <readonly>true</readonly>
         <executable>true</executable>
         <run_address>0x2000cd7c</run_address>
         <size>0xe4</size>
         <alignment>0x4</alignment>
         <input_file_ref idref="fl-18"/>
      </object_component>
      <object_component id="oc-1cb">
         <name>.text.PWMTimerCC32XX_setDutyAndPeriod</name>
         <load_address>0x2000ce60</load_address>
         <readonly>true</readonly>
         <executable>true</executable>
         <run_address>0x2000ce60</run_address>
         <size>0xdc</size>
         <alignment>0x4</alignment>
         <input_file_ref idref="fl-18"/>
      </object_component>
      <object_component id="oc-1f6">
         <name>.text.IntEnable</name>
         <load_address>0x2000cf3c</load_address>
         <readonly>true</readonly>
         <executable>true</executable>
         <run_address>0x2000cf3c</run_address>
         <size>0xc8</size>
         <alignment>0x2</alignment>
         <input_file_ref idref="fl-27"/>
      </object_component>
      <object_component id="oc-1d7">
         <name>.text</name>
         <load_address>0x2000d004</load_address>
         <readonly>true</readonly>
         <executable>true</executable>
         <run_address>0x2000d004</run_address>
         <size>0xb0</size>
         <alignment>0x4</alignment>
         <input_file_ref idref="fl-b1"/>
      </object_component>
      <object_component id="oc-1ba">
         <name>.text.GPIOIntTypeSet</name>
         <load_address>0x2000d0b4</load_address>
         <readonly>true</readonly>
         <executable>true</executable>
         <run_address>0x2000d0b4</run_address>
         <size>0xac</size>
         <alignment>0x2</alignment>
         <input_file_ref idref="fl-25"/>
      </object_component>
      <object_component id="oc-1cd">
         <name>.text.PWMTimerCC32XX_stop</name>
         <load_address>0x2000d160</load_address>
         <readonly>true</readonly>
         <executable>true</executable>
         <run_address>0x2000d160</run_address>
         <size>0xa8</size>
         <alignment>0x4</alignment>
         <input_file_ref idref="fl-18"/>
      </object_component>
      <object_component id="oc-22e">
         <name>.text.IntPendSet</name>
         <load_address>0x2000d208</load_address>
         <readonly>true</readonly>
         <executable>true</executable>
         <run_address>0x2000d208</run_address>
         <size>0xa4</size>
         <alignment>0x2</alignment>
         <input_file_ref idref="fl-27"/>
      </object_component>
      <object_component id="oc-16b">
         <name>.text.PinConfigSet</name>
         <load_address>0x2000d2ac</load_address>
         <readonly>true</readonly>
         <executable>true</executable>
         <run_address>0x2000d2ac</run_address>
         <size>0xa2</size>
         <alignment>0x2</alignment>
         <input_file_ref idref="fl-28"/>
      </object_component>
      <object_component id="oc-e0">
         <name>.text.Board_initHook</name>
         <load_address>0x2000d34e</load_address>
         <readonly>true</readonly>
         <executable>true</executable>
         <run_address>0x2000d34e</run_address>
         <size>0x2</size>
         <alignment>0x2</alignment>
         <input_file_ref idref="fl-3"/>
      </object_component>
      <object_component id="oc-1c9">
         <name>.text.PWMTimerCC32XX_setDuty</name>
         <load_address>0x2000d350</load_address>
         <readonly>true</readonly>
         <executable>true</executable>
         <run_address>0x2000d350</run_address>
         <size>0xa0</size>
         <alignment>0x4</alignment>
         <input_file_ref idref="fl-18"/>
      </object_component>
      <object_component id="oc-12a">
         <name>.text.SemaphoreP_pend</name>
         <load_address>0x2000d3f0</load_address>
         <readonly>true</readonly>
         <executable>true</executable>
         <run_address>0x2000d3f0</run_address>
         <size>0x98</size>
         <alignment>0x4</alignment>
         <input_file_ref idref="fl-1e"/>
      </object_component>
      <object_component id="oc-127">
         <name>.text.HwiP_disable</name>
         <load_address>0x2000d488</load_address>
         <readonly>true</readonly>
         <executable>true</executable>
         <run_address>0x2000d488</run_address>
         <size>0x8</size>
         <alignment>0x2</alignment>
         <input_file_ref idref="fl-20"/>
      </object_component>
      <object_component id="oc-1e4">
         <name>.text</name>
         <load_address>0x2000d490</load_address>
         <readonly>true</readonly>
         <executable>true</executable>
         <run_address>0x2000d490</run_address>
         <size>0x96</size>
         <alignment>0x10</alignment>
         <input_file_ref idref="fl-16"/>
      </object_component>
      <object_component id="oc-1c7">
         <name>.text.PWMTimerCC32XX_init</name>
         <load_address>0x2000d526</load_address>
         <readonly>true</readonly>
         <executable>true</executable>
         <run_address>0x2000d526</run_address>
         <size>0x2</size>
         <alignment>0x2</alignment>
         <input_file_ref idref="fl-18"/>
      </object_component>
      <object_component id="oc-da">
         <name>.text.GPIO_init</name>
         <load_address>0x2000d528</load_address>
         <readonly>true</readonly>
         <executable>true</executable>
         <run_address>0x2000d528</run_address>
         <size>0x90</size>
         <alignment>0x4</alignment>
         <input_file_ref idref="fl-14"/>
      </object_component>
      <object_component id="oc-109">
         <name>.text.PRCMSysResetCauseGet</name>
         <load_address>0x2000d5b8</load_address>
         <readonly>true</readonly>
         <executable>true</executable>
         <run_address>0x2000d5b8</run_address>
         <size>0x8e</size>
         <alignment>0x2</alignment>
         <input_file_ref idref="fl-29"/>
      </object_component>
      <object_component id="oc-157">
         <name>.text.PowerCC32XX_initPolicy</name>
         <load_address>0x2000d646</load_address>
         <readonly>true</readonly>
         <executable>true</executable>
         <run_address>0x2000d646</run_address>
         <size>0x2</size>
         <alignment>0x2</alignment>
         <input_file_ref idref="fl-21"/>
      </object_component>
      <object_component id="oc-11b">
         <name>.text.PowerCC32XX_configureWakeup</name>
         <load_address>0x2000d648</load_address>
         <readonly>true</readonly>
         <executable>true</executable>
         <run_address>0x2000d648</run_address>
         <size>0x88</size>
         <alignment>0x4</alignment>
         <input_file_ref idref="fl-15"/>
      </object_component>
      <object_component id="oc-1c1">
         <name>.text.PWMTimerCC32XX_close</name>
         <load_address>0x2000d6d0</load_address>
         <readonly>true</readonly>
         <executable>true</executable>
         <run_address>0x2000d6d0</run_address>
         <size>0x84</size>
         <alignment>0x4</alignment>
         <input_file_ref idref="fl-18"/>
      </object_component>
      <object_component id="oc-1ca">
         <name>.text.PWMTimerCC32XX_setPeriod</name>
         <load_address>0x2000d754</load_address>
         <readonly>true</readonly>
         <executable>true</executable>
         <run_address>0x2000d754</run_address>
         <size>0x84</size>
         <alignment>0x4</alignment>
         <input_file_ref idref="fl-18"/>
      </object_component>
      <object_component id="oc-205">
         <name>.text.initHw</name>
         <load_address>0x2000d7d8</load_address>
         <readonly>true</readonly>
         <executable>true</executable>
         <run_address>0x2000d7d8</run_address>
         <size>0x84</size>
         <alignment>0x4</alignment>
         <input_file_ref idref="fl-18"/>
      </object_component>
      <object_component id="oc-b0">
         <name>.text.mainThread</name>
         <load_address>0x2000d85c</load_address>
         <readonly>true</readonly>
         <executable>true</executable>
         <run_address>0x2000d85c</run_address>
         <size>0x7c</size>
         <alignment>0x4</alignment>
         <input_file_ref idref="fl-2"/>
      </object_component>
      <object_component id="oc-d5">
         <name>.text.Power_init</name>
         <load_address>0x2000d8d8</load_address>
         <readonly>true</readonly>
         <executable>true</executable>
         <run_address>0x2000d8d8</run_address>
         <size>0x78</size>
         <alignment>0x4</alignment>
         <input_file_ref idref="fl-15"/>
      </object_component>
      <object_component id="oc-1b7">
         <name>.text.HwiP_construct</name>
         <load_address>0x2000d950</load_address>
         <readonly>true</readonly>
         <executable>true</executable>
         <run_address>0x2000d950</run_address>
         <size>0x74</size>
         <alignment>0x4</alignment>
         <input_file_ref idref="fl-20"/>
      </object_component>
      <object_component id="oc-154">
         <name>.text.PRCMHibernateWakeUpGPIOSelect</name>
         <load_address>0x2000d9c4</load_address>
         <readonly>true</readonly>
         <executable>true</executable>
         <run_address>0x2000d9c4</run_address>
         <size>0x74</size>
         <alignment>0x2</alignment>
         <input_file_ref idref="fl-29"/>
      </object_component>
      <object_component id="oc-18">
         <name>.text:decompress:lzss</name>
         <load_address>0x2000da38</load_address>
         <readonly>true</readonly>
         <executable>true</executable>
         <run_address>0x2000da38</run_address>
         <size>0x70</size>
         <alignment>0x2</alignment>
         <input_file_ref idref="fl-45"/>
      </object_component>
      <object_component id="oc-1e1">
         <name>.text.PinLockLevelSet</name>
         <load_address>0x2000daa8</load_address>
         <readonly>true</readonly>
         <executable>true</executable>
         <run_address>0x2000daa8</run_address>
         <size>0x6c</size>
         <alignment>0x2</alignment>
         <input_file_ref idref="fl-28"/>
      </object_component>
      <object_component id="oc-16c">
         <name>.text.Power_setDependency</name>
         <load_address>0x2000db14</load_address>
         <readonly>true</readonly>
         <executable>true</executable>
         <run_address>0x2000db14</run_address>
         <size>0x6c</size>
         <alignment>0x4</alignment>
         <input_file_ref idref="fl-15"/>
      </object_component>
      <object_component id="oc-132">
         <name>.text.powerNotifyFxn</name>
         <load_address>0x2000db80</load_address>
         <readonly>true</readonly>
         <executable>true</executable>
         <run_address>0x2000db80</run_address>
         <size>0x6c</size>
         <alignment>0x4</alignment>
         <input_file_ref idref="fl-14"/>
      </object_component>
      <object_component id="oc-22f">
         <name>.text.split</name>
         <load_address>0x2000dbec</load_address>
         <readonly>true</readonly>
         <executable>true</executable>
         <run_address>0x2000dbec</run_address>
         <size>0x6c</size>
         <alignment>0x4</alignment>
         <input_file_ref idref="fl-3d"/>
      </object_component>
      <object_component id="oc-111">
         <name>.text.PRCMPeripheralReset</name>
         <load_address>0x2000dc58</load_address>
         <readonly>true</readonly>
         <executable>true</executable>
         <run_address>0x2000dc58</run_address>
         <size>0x6a</size>
         <alignment>0x2</alignment>
         <input_file_ref idref="fl-29"/>
      </object_component>
      <object_component id="oc-229">
         <name>.text.FlashDisable</name>
         <load_address>0x2000dcc2</load_address>
         <readonly>true</readonly>
         <executable>true</executable>
         <run_address>0x2000dcc2</run_address>
         <size>0x5c</size>
         <alignment>0x2</alignment>
         <input_file_ref idref="fl-2e"/>
      </object_component>
      <object_component id="oc-156">
         <name>.text.PRCMHibernateWakeupSourceDisable</name>
         <load_address>0x2000dd1e</load_address>
         <readonly>true</readonly>
         <executable>true</executable>
         <run_address>0x2000dd1e</run_address>
         <size>0x5c</size>
         <alignment>0x2</alignment>
         <input_file_ref idref="fl-29"/>
      </object_component>
      <object_component id="oc-1d2">
         <name>.text.SemaphoreP_destruct</name>
         <load_address>0x2000dd7a</load_address>
         <readonly>true</readonly>
         <executable>true</executable>
         <run_address>0x2000dd7a</run_address>
         <size>0x2</size>
         <alignment>0x2</alignment>
         <input_file_ref idref="fl-1e"/>
      </object_component>
      <object_component id="oc-204">
         <name>.text.TimerCC32XX_allocateTimerResource</name>
         <load_address>0x2000dd7c</load_address>
         <readonly>true</readonly>
         <executable>true</executable>
         <run_address>0x2000dd7c</run_address>
         <size>0x5c</size>
         <alignment>0x4</alignment>
         <input_file_ref idref="fl-19"/>
      </object_component>
      <object_component id="oc-110">
         <name>.text.PRCMPeripheralClkEnable</name>
         <load_address>0x2000ddd8</load_address>
         <readonly>true</readonly>
         <executable>true</executable>
         <run_address>0x2000ddd8</run_address>
         <size>0x5a</size>
         <alignment>0x2</alignment>
         <input_file_ref idref="fl-29"/>
      </object_component>
      <object_component id="oc-21d">
         <name>.text.__aeabi_ldiv0</name>
         <load_address>0x2000de32</load_address>
         <readonly>true</readonly>
         <executable>true</executable>
         <run_address>0x2000de32</run_address>
         <size>0x2</size>
         <alignment>0x2</alignment>
         <input_file_ref idref="fl-b2"/>
      </object_component>
      <object_component id="oc-18c">
         <name>.text.ClockP_startup</name>
         <load_address>0x2000de34</load_address>
         <readonly>true</readonly>
         <executable>true</executable>
         <run_address>0x2000de34</run_address>
         <size>0x58</size>
         <alignment>0x4</alignment>
         <input_file_ref idref="fl-1f"/>
      </object_component>
      <object_component id="oc-1f5">
         <name>.text.IntPrioritySet</name>
         <load_address>0x2000de8c</load_address>
         <readonly>true</readonly>
         <executable>true</executable>
         <run_address>0x2000de8c</run_address>
         <size>0x58</size>
         <alignment>0x2</alignment>
         <input_file_ref idref="fl-27"/>
      </object_component>
      <object_component id="oc-1cc">
         <name>.text.PWMTimerCC32XX_start</name>
         <load_address>0x2000dee4</load_address>
         <readonly>true</readonly>
         <executable>true</executable>
         <run_address>0x2000dee4</run_address>
         <size>0x58</size>
         <alignment>0x4</alignment>
         <input_file_ref idref="fl-18"/>
      </object_component>
      <object_component id="oc-1ee">
         <name>.text.PRCMLPDSEnter</name>
         <load_address>0x2000df3c</load_address>
         <readonly>true</readonly>
         <executable>true</executable>
         <run_address>0x2000df3c</run_address>
         <size>0x56</size>
         <alignment>0x2</alignment>
         <input_file_ref idref="fl-29"/>
      </object_component>
      <object_component id="oc-142">
         <name>.text._nop</name>
         <load_address>0x2000df92</load_address>
         <readonly>true</readonly>
         <executable>true</executable>
         <run_address>0x2000df92</run_address>
         <size>0x2</size>
         <alignment>0x2</alignment>
         <input_file_ref idref="fl-47"/>
      </object_component>
      <object_component id="oc-186">
         <name>.text.PowerCC32XX_setParkState</name>
         <load_address>0x2000df94</load_address>
         <readonly>true</readonly>
         <executable>true</executable>
         <run_address>0x2000df94</run_address>
         <size>0x54</size>
         <alignment>0x4</alignment>
         <input_file_ref idref="fl-15"/>
      </object_component>
      <object_component id="oc-201">
         <name>.text.Power_releaseDependency</name>
         <load_address>0x2000dfe8</load_address>
         <readonly>true</readonly>
         <executable>true</executable>
         <run_address>0x2000dfe8</run_address>
         <size>0x54</size>
         <alignment>0x4</alignment>
         <input_file_ref idref="fl-15"/>
      </object_component>
      <object_component id="oc-17a">
         <name>.text.GPIO_hwiIntFxn</name>
         <load_address>0x2000e03c</load_address>
         <readonly>true</readonly>
         <executable>true</executable>
         <run_address>0x2000e03c</run_address>
         <size>0x50</size>
         <alignment>0x4</alignment>
         <input_file_ref idref="fl-14"/>
      </object_component>
      <object_component id="oc-155">
         <name>.text.PRCMHibernateWakeupSourceEnable</name>
         <load_address>0x2000e08c</load_address>
         <readonly>true</readonly>
         <executable>true</executable>
         <run_address>0x2000e08c</run_address>
         <size>0x50</size>
         <alignment>0x2</alignment>
         <input_file_ref idref="fl-29"/>
      </object_component>
      <object_component id="oc-1b1">
         <name>.text.SemaphoreP_construct</name>
         <load_address>0x2000e0dc</load_address>
         <readonly>true</readonly>
         <executable>true</executable>
         <run_address>0x2000e0dc</run_address>
         <size>0x50</size>
         <alignment>0x4</alignment>
         <input_file_ref idref="fl-1e"/>
      </object_component>
      <object_component id="oc-175">
         <name>.text.GPIO_setInterruptConfig</name>
         <load_address>0x2000e12c</load_address>
         <readonly>true</readonly>
         <executable>true</executable>
         <run_address>0x2000e12c</run_address>
         <size>0x4c</size>
         <alignment>0x4</alignment>
         <input_file_ref idref="fl-14"/>
      </object_component>
      <object_component id="oc-227">
         <name>.text.PRCMLPDSRestoreInfoSet</name>
         <load_address>0x2000e178</load_address>
         <readonly>true</readonly>
         <executable>true</executable>
         <run_address>0x2000e178</run_address>
         <size>0x4c</size>
         <alignment>0x2</alignment>
         <input_file_ref idref="fl-29"/>
      </object_component>
      <object_component id="oc-58">
         <name>.text.ClockP_sysTickHandler</name>
         <load_address>0x2000e1c4</load_address>
         <readonly>true</readonly>
         <executable>true</executable>
         <run_address>0x2000e1c4</run_address>
         <size>0x48</size>
         <alignment>0x4</alignment>
         <input_file_ref idref="fl-1f"/>
      </object_component>
      <object_component id="oc-1e8">
         <name>.text.PRCMIntEnable</name>
         <load_address>0x2000e20c</load_address>
         <readonly>true</readonly>
         <executable>true</executable>
         <run_address>0x2000e20c</run_address>
         <size>0x48</size>
         <alignment>0x2</alignment>
         <input_file_ref idref="fl-29"/>
      </object_component>
      <object_component id="oc-1b6">
         <name>.text.PRCMPeripheralStatusGet</name>
         <load_address>0x2000e254</load_address>
         <readonly>true</readonly>
         <executable>true</executable>
         <run_address>0x2000e254</run_address>
         <size>0x48</size>
         <alignment>0x2</alignment>
         <input_file_ref idref="fl-29"/>
      </object_component>
      <object_component id="oc-224">
         <name>.text.PinConfigGet</name>
         <load_address>0x2000e29c</load_address>
         <readonly>true</readonly>
         <executable>true</executable>
         <run_address>0x2000e29c</run_address>
         <size>0x48</size>
         <alignment>0x2</alignment>
         <input_file_ref idref="fl-28"/>
      </object_component>
      <object_component id="oc-207">
         <name>.text.getDutyCounts</name>
         <load_address>0x2000e2e4</load_address>
         <readonly>true</readonly>
         <executable>true</executable>
         <run_address>0x2000e2e4</run_address>
         <size>0x48</size>
         <alignment>0x4</alignment>
         <input_file_ref idref="fl-18"/>
      </object_component>
      <object_component id="oc-200">
         <name>.text.getPowerMgrId</name>
         <load_address>0x2000e32c</load_address>
         <readonly>true</readonly>
         <executable>true</executable>
         <run_address>0x2000e32c</run_address>
         <size>0x48</size>
         <alignment>0x4</alignment>
         <input_file_ref idref="fl-18"/>
      </object_component>
      <object_component id="oc-18d">
         <name>.text.getTimeUsec</name>
         <load_address>0x2000e374</load_address>
         <readonly>true</readonly>
         <executable>true</executable>
         <run_address>0x2000e374</run_address>
         <size>0x48</size>
         <alignment>0x4</alignment>
         <input_file_ref idref="fl-1f"/>
      </object_component>
      <object_component id="oc-1ed">
         <name>.text.PRCMLPDSEnterKeepDebugIf</name>
         <load_address>0x2000e3bc</load_address>
         <readonly>true</readonly>
         <executable>true</executable>
         <run_address>0x2000e3bc</run_address>
         <size>0x46</size>
         <alignment>0x2</alignment>
         <input_file_ref idref="fl-29"/>
      </object_component>
      <object_component id="oc-16f">
         <name>.text.GPIODirModeSet</name>
         <load_address>0x2000e402</load_address>
         <readonly>true</readonly>
         <executable>true</executable>
         <run_address>0x2000e402</run_address>
         <size>0x44</size>
         <alignment>0x2</alignment>
         <input_file_ref idref="fl-25"/>
      </object_component>
      <object_component id="oc-57">
         <name>.text.busFaultHandler</name>
         <load_address>0x2000e446</load_address>
         <readonly>true</readonly>
         <executable>true</executable>
         <run_address>0x2000e446</run_address>
         <size>0x2</size>
         <alignment>0x2</alignment>
         <input_file_ref idref="fl-22"/>
      </object_component>
      <object_component id="oc-1bb">
         <name>.text.GPIO_disableInt</name>
         <load_address>0x2000e448</load_address>
         <readonly>true</readonly>
         <executable>true</executable>
         <run_address>0x2000e448</run_address>
         <size>0x44</size>
         <alignment>0x4</alignment>
         <input_file_ref idref="fl-14"/>
      </object_component>
      <object_component id="oc-176">
         <name>.text.GPIO_enableInt</name>
         <load_address>0x2000e48c</load_address>
         <readonly>true</readonly>
         <executable>true</executable>
         <run_address>0x2000e48c</run_address>
         <size>0x44</size>
         <alignment>0x4</alignment>
         <input_file_ref idref="fl-14"/>
      </object_component>
      <object_component id="oc-eb">
         <name>.text.PWM_init</name>
         <load_address>0x2000e4d0</load_address>
         <readonly>true</readonly>
         <executable>true</executable>
         <run_address>0x2000e4d0</run_address>
         <size>0x44</size>
         <alignment>0x4</alignment>
         <input_file_ref idref="fl-17"/>
      </object_component>
      <object_component id="oc-21a">
         <name>.text.Power_releaseConstraint</name>
         <load_address>0x2000e514</load_address>
         <readonly>true</readonly>
         <executable>true</executable>
         <run_address>0x2000e514</run_address>
         <size>0x44</size>
         <alignment>0x4</alignment>
         <input_file_ref idref="fl-15"/>
      </object_component>
      <object_component id="oc-7d">
         <name>.text.addToList</name>
         <load_address>0x2000e558</load_address>
         <readonly>true</readonly>
         <executable>true</executable>
         <run_address>0x2000e558</run_address>
         <size>0x44</size>
         <alignment>0x4</alignment>
         <input_file_ref idref="fl-1f"/>
      </object_component>
      <object_component id="oc-20f">
         <name>.text.getPeriodCounts</name>
         <load_address>0x2000e59c</load_address>
         <readonly>true</readonly>
         <executable>true</executable>
         <run_address>0x2000e59c</run_address>
         <size>0x44</size>
         <alignment>0x4</alignment>
         <input_file_ref idref="fl-18"/>
      </object_component>
      <object_component id="oc-118">
         <name>.text.PinModeSet</name>
         <load_address>0x2000e5e0</load_address>
         <readonly>true</readonly>
         <executable>true</executable>
         <run_address>0x2000e5e0</run_address>
         <size>0x42</size>
         <alignment>0x2</alignment>
         <input_file_ref idref="fl-28"/>
      </object_component>
      <object_component id="oc-238">
         <name>.text.TimerControlLevel</name>
         <load_address>0x2000e622</load_address>
         <readonly>true</readonly>
         <executable>true</executable>
         <run_address>0x2000e622</run_address>
         <size>0x42</size>
         <alignment>0x2</alignment>
         <input_file_ref idref="fl-2c"/>
      </object_component>
      <object_component id="oc-19d">
         <name>.text.getCountsRTC</name>
         <load_address>0x2000e664</load_address>
         <readonly>true</readonly>
         <executable>true</executable>
         <run_address>0x2000e664</run_address>
         <size>0x42</size>
         <alignment>0x2</alignment>
         <input_file_ref idref="fl-21"/>
      </object_component>
      <object_component id="oc-16a">
         <name>.text.clkFxn</name>
         <load_address>0x2000e6a6</load_address>
         <readonly>true</readonly>
         <executable>true</executable>
         <run_address>0x2000e6a6</run_address>
         <size>0x2</size>
         <alignment>0x2</alignment>
         <input_file_ref idref="fl-1e"/>
      </object_component>
      <object_component id="oc-f2">
         <name>.text.PWM_open</name>
         <load_address>0x2000e6a8</load_address>
         <readonly>true</readonly>
         <executable>true</executable>
         <run_address>0x2000e6a8</run_address>
         <size>0x40</size>
         <alignment>0x4</alignment>
         <input_file_ref idref="fl-17"/>
      </object_component>
      <object_component id="oc-12d">
         <name>.text.SemaphoreP_post</name>
         <load_address>0x2000e6e8</load_address>
         <readonly>true</readonly>
         <executable>true</executable>
         <run_address>0x2000e6e8</run_address>
         <size>0x40</size>
         <alignment>0x4</alignment>
         <input_file_ref idref="fl-1e"/>
      </object_component>
      <object_component id="oc-226">
         <name>.text.PinDirModeSet</name>
         <load_address>0x2000e728</load_address>
         <readonly>true</readonly>
         <executable>true</executable>
         <run_address>0x2000e728</run_address>
         <size>0x3e</size>
         <alignment>0x2</alignment>
         <input_file_ref idref="fl-28"/>
      </object_component>
      <object_component id="oc-56">
         <name>.text.defaultHandler</name>
         <load_address>0x2000e766</load_address>
         <readonly>true</readonly>
         <executable>true</executable>
         <run_address>0x2000e766</run_address>
         <size>0x2</size>
         <alignment>0x2</alignment>
         <input_file_ref idref="fl-22"/>
      </object_component>
      <object_component id="oc-1b5">
         <name>.text.ClockP_stop</name>
         <load_address>0x2000e768</load_address>
         <readonly>true</readonly>
         <executable>true</executable>
         <run_address>0x2000e768</run_address>
         <size>0x3c</size>
         <alignment>0x4</alignment>
         <input_file_ref idref="fl-1f"/>
      </object_component>
      <object_component id="oc-21b">
         <name>.text.PinTypeGPIO</name>
         <load_address>0x2000e7a4</load_address>
         <readonly>true</readonly>
         <executable>true</executable>
         <run_address>0x2000e7a4</run_address>
         <size>0x3c</size>
         <alignment>0x2</alignment>
         <input_file_ref idref="fl-28"/>
      </object_component>
      <object_component id="oc-169">
         <name>.text.ClockP_destruct</name>
         <load_address>0x2000e7e0</load_address>
         <readonly>true</readonly>
         <executable>true</executable>
         <run_address>0x2000e7e0</run_address>
         <size>0x38</size>
         <alignment>0x4</alignment>
         <input_file_ref idref="fl-1f"/>
      </object_component>
      <object_component id="oc-218">
         <name>.text.Power_setConstraint</name>
         <load_address>0x2000e818</load_address>
         <readonly>true</readonly>
         <executable>true</executable>
         <run_address>0x2000e818</run_address>
         <size>0x38</size>
         <alignment>0x4</alignment>
         <input_file_ref idref="fl-15"/>
      </object_component>
      <object_component id="oc-1ae">
         <name>.text.SwiP_restore</name>
         <load_address>0x2000e850</load_address>
         <readonly>true</readonly>
         <executable>true</executable>
         <run_address>0x2000e850</run_address>
         <size>0x38</size>
         <alignment>0x4</alignment>
         <input_file_ref idref="fl-23"/>
      </object_component>
      <object_component id="oc-bd">
         <name>.text:__TI_auto_init_nobinit_nopinit</name>
         <load_address>0x2000e888</load_address>
         <readonly>true</readonly>
         <executable>true</executable>
         <run_address>0x2000e888</run_address>
         <size>0x38</size>
         <alignment>0x4</alignment>
         <input_file_ref idref="fl-40"/>
      </object_component>
      <object_component id="oc-1e3">
         <name>.text.PinLock</name>
         <load_address>0x2000e8c0</load_address>
         <readonly>true</readonly>
         <executable>true</executable>
         <run_address>0x2000e8c0</run_address>
         <size>0x36</size>
         <alignment>0x2</alignment>
         <input_file_ref idref="fl-28"/>
      </object_component>
      <object_component id="oc-55">
         <name>.text.faultISR</name>
         <load_address>0x2000e8f6</load_address>
         <readonly>true</readonly>
         <executable>true</executable>
         <run_address>0x2000e8f6</run_address>
         <size>0x2</size>
         <alignment>0x2</alignment>
         <input_file_ref idref="fl-22"/>
      </object_component>
      <object_component id="oc-166">
         <name>.text.ClockP_start</name>
         <load_address>0x2000e8f8</load_address>
         <readonly>true</readonly>
         <executable>true</executable>
         <run_address>0x2000e8f8</run_address>
         <size>0x34</size>
         <alignment>0x4</alignment>
         <input_file_ref idref="fl-1f"/>
      </object_component>
      <object_component id="oc-13f">
         <name>.text.ClockP_usleep</name>
         <load_address>0x2000e92c</load_address>
         <readonly>true</readonly>
         <executable>true</executable>
         <run_address>0x2000e92c</run_address>
         <size>0x34</size>
         <alignment>0x4</alignment>
         <input_file_ref idref="fl-1f"/>
      </object_component>
      <object_component id="oc-225">
         <name>.text.PinDirModeGet</name>
         <load_address>0x2000e960</load_address>
         <readonly>true</readonly>
         <executable>true</executable>
         <run_address>0x2000e960</run_address>
         <size>0x34</size>
         <alignment>0x2</alignment>
         <input_file_ref idref="fl-28"/>
      </object_component>
      <object_component id="oc-113">
         <name>.text.PinModeGet</name>
         <load_address>0x2000e994</load_address>
         <readonly>true</readonly>
         <executable>true</executable>
         <run_address>0x2000e994</run_address>
         <size>0x34</size>
         <alignment>0x2</alignment>
         <input_file_ref idref="fl-28"/>
      </object_component>
      <object_component id="oc-1e0">
         <name>.text.PowerCC32XX_parkPin</name>
         <load_address>0x2000e9c8</load_address>
         <readonly>true</readonly>
         <executable>true</executable>
         <run_address>0x2000e9c8</run_address>
         <size>0x34</size>
         <alignment>0x2</alignment>
         <input_file_ref idref="fl-15"/>
      </object_component>
      <object_component id="oc-1fa">
         <name>.text.TimerCC32XX_freeTimerResource</name>
         <load_address>0x2000e9fc</load_address>
         <readonly>true</readonly>
         <executable>true</executable>
         <run_address>0x2000e9fc</run_address>
         <size>0x34</size>
         <alignment>0x4</alignment>
         <input_file_ref idref="fl-19"/>
      </object_component>
      <object_component id="oc-4f">
         <name>.text.initVectors</name>
         <load_address>0x2000ea30</load_address>
         <readonly>true</readonly>
         <executable>true</executable>
         <run_address>0x2000ea30</run_address>
         <size>0x34</size>
         <alignment>0x4</alignment>
         <input_file_ref idref="fl-22"/>
      </object_component>
      <object_component id="oc-19a">
         <name>.text.ClockP_getTicksUntilInterrupt</name>
         <load_address>0x2000ea64</load_address>
         <readonly>true</readonly>
         <executable>true</executable>
         <run_address>0x2000ea64</run_address>
         <size>0x30</size>
         <alignment>0x4</alignment>
         <input_file_ref idref="fl-1f"/>
      </object_component>
      <object_component id="oc-1a7">
         <name>.text.PRCMLPDSIntervalSet</name>
         <load_address>0x2000ea94</load_address>
         <readonly>true</readonly>
         <executable>true</executable>
         <run_address>0x2000ea94</run_address>
         <size>0x30</size>
         <alignment>0x2</alignment>
         <input_file_ref idref="fl-29"/>
      </object_component>
      <object_component id="oc-1d6">
         <name>.text.PRCMSlowClkCtrFastGet</name>
         <load_address>0x2000eac4</load_address>
         <readonly>true</readonly>
         <executable>true</executable>
         <run_address>0x2000eac4</run_address>
         <size>0x30</size>
         <alignment>0x2</alignment>
         <input_file_ref idref="fl-29"/>
      </object_component>
      <object_component id="oc-211">
         <name>.text.TimerLoadSet</name>
         <load_address>0x2000eaf4</load_address>
         <readonly>true</readonly>
         <executable>true</executable>
         <run_address>0x2000eaf4</run_address>
         <size>0x30</size>
         <alignment>0x2</alignment>
         <input_file_ref idref="fl-2c"/>
      </object_component>
      <object_component id="oc-20d">
         <name>.text.TimerMatchSet</name>
         <load_address>0x2000eb24</load_address>
         <readonly>true</readonly>
         <executable>true</executable>
         <run_address>0x2000eb24</run_address>
         <size>0x30</size>
         <alignment>0x2</alignment>
         <input_file_ref idref="fl-2c"/>
      </object_component>
      <object_component id="oc-208">
         <name>.text.TimerPrescaleMatchSet</name>
         <load_address>0x2000eb54</load_address>
         <readonly>true</readonly>
         <executable>true</executable>
         <run_address>0x2000eb54</run_address>
         <size>0x30</size>
         <alignment>0x2</alignment>
         <input_file_ref idref="fl-2c"/>
      </object_component>
      <object_component id="oc-210">
         <name>.text.TimerPrescaleSet</name>
         <load_address>0x2000eb84</load_address>
         <readonly>true</readonly>
         <executable>true</executable>
         <run_address>0x2000eb84</run_address>
         <size>0x30</size>
         <alignment>0x2</alignment>
         <input_file_ref idref="fl-2c"/>
      </object_component>
      <object_component id="oc-1de">
         <name>.text.notify</name>
         <load_address>0x2000ebb4</load_address>
         <readonly>true</readonly>
         <executable>true</executable>
         <run_address>0x2000ebb4</run_address>
         <size>0x30</size>
         <alignment>0x4</alignment>
         <input_file_ref idref="fl-15"/>
      </object_component>
      <object_component id="oc-1be">
         <name>.text.GPIOIntStatus</name>
         <load_address>0x2000ebe4</load_address>
         <readonly>true</readonly>
         <executable>true</executable>
         <run_address>0x2000ebe4</run_address>
         <size>0x2e</size>
         <alignment>0x2</alignment>
         <input_file_ref idref="fl-25"/>
      </object_component>
      <object_component id="oc-16e">
         <name>.text.HwiP_create</name>
         <load_address>0x2000ec12</load_address>
         <readonly>true</readonly>
         <executable>true</executable>
         <run_address>0x2000ec12</run_address>
         <size>0x2a</size>
         <alignment>0x2</alignment>
         <input_file_ref idref="fl-20"/>
      </object_component>
      <object_component id="oc-153">
         <name>.text.PRCMLPDSWakeUpGPIOSelect</name>
         <load_address>0x2000ec3c</load_address>
         <readonly>true</readonly>
         <executable>true</executable>
         <run_address>0x2000ec3c</run_address>
         <size>0x2a</size>
         <alignment>0x2</alignment>
         <input_file_ref idref="fl-29"/>
      </object_component>
      <object_component id="oc-112">
         <name>.text.PRCMPeripheralClkDisable</name>
         <load_address>0x2000ec66</load_address>
         <readonly>true</readonly>
         <executable>true</executable>
         <run_address>0x2000ec66</run_address>
         <size>0x2a</size>
         <alignment>0x2</alignment>
         <input_file_ref idref="fl-29"/>
      </object_component>
      <object_component id="oc-237">
         <name>.text.List_remove</name>
         <load_address>0x2000ec90</load_address>
         <readonly>true</readonly>
         <executable>true</executable>
         <run_address>0x2000ec90</run_address>
         <size>0x28</size>
         <alignment>0x2</alignment>
         <input_file_ref idref="fl-1a"/>
      </object_component>
      <object_component id="oc-1df">
         <name>.text.PRCMSRAMRetentionEnable</name>
         <load_address>0x2000ecb8</load_address>
         <readonly>true</readonly>
         <executable>true</executable>
         <run_address>0x2000ecb8</run_address>
         <size>0x28</size>
         <alignment>0x2</alignment>
         <input_file_ref idref="fl-29"/>
      </object_component>
      <object_component id="oc-1b4">
         <name>.text.free_list_insert</name>
         <load_address>0x2000ece0</load_address>
         <readonly>true</readonly>
         <executable>true</executable>
         <run_address>0x2000ece0</run_address>
         <size>0x28</size>
         <alignment>0x4</alignment>
         <input_file_ref idref="fl-3d"/>
      </object_component>
      <object_component id="oc-18e">
         <name>.text.sleepTicks</name>
         <load_address>0x2000ed08</load_address>
         <readonly>true</readonly>
         <executable>true</executable>
         <run_address>0x2000ed08</run_address>
         <size>0x28</size>
         <alignment>0x2</alignment>
         <input_file_ref idref="fl-1f"/>
      </object_component>
      <object_component id="oc-17b">
         <name>.text.List_put</name>
         <load_address>0x2000ed30</load_address>
         <readonly>true</readonly>
         <executable>true</executable>
         <run_address>0x2000ed30</run_address>
         <size>0x24</size>
         <alignment>0x2</alignment>
         <input_file_ref idref="fl-1a"/>
      </object_component>
      <object_component id="oc-151">
         <name>.text.PRCMLPDSWakeupSourceEnable</name>
         <load_address>0x2000ed54</load_address>
         <readonly>true</readonly>
         <executable>true</executable>
         <run_address>0x2000ed54</run_address>
         <size>0x24</size>
         <alignment>0x2</alignment>
         <input_file_ref idref="fl-29"/>
      </object_component>
      <object_component id="oc-1ea">
         <name>.text.PowerCC32XX_restoreParkedPin</name>
         <load_address>0x2000ed78</load_address>
         <readonly>true</readonly>
         <executable>true</executable>
         <run_address>0x2000ed78</run_address>
         <size>0x24</size>
         <alignment>0x2</alignment>
         <input_file_ref idref="fl-15"/>
      </object_component>
      <object_component id="oc-12c">
         <name>.text.Power_registerNotify</name>
         <load_address>0x2000ed9c</load_address>
         <readonly>true</readonly>
         <executable>true</executable>
         <run_address>0x2000ed9c</run_address>
         <size>0x24</size>
         <alignment>0x4</alignment>
         <input_file_ref idref="fl-15"/>
      </object_component>
      <object_component id="oc-76">
         <name>.text:_c_int00_noargs</name>
         <load_address>0x2000edc0</load_address>
         <readonly>true</readonly>
         <executable>true</executable>
         <run_address>0x2000edc0</run_address>
         <size>0x24</size>
         <alignment>0x4</alignment>
         <input_file_ref idref="fl-3e"/>
      </object_component>
      <object_component id="oc-174">
         <name>.text.GPIOPinWrite</name>
         <load_address>0x2000ede4</load_address>
         <readonly>true</readonly>
         <executable>true</executable>
         <run_address>0x2000ede4</run_address>
         <size>0x22</size>
         <alignment>0x2</alignment>
         <input_file_ref idref="fl-25"/>
      </object_component>
      <object_component id="oc-1e9">
         <name>.text.PinUnlock</name>
         <load_address>0x2000ee06</load_address>
         <readonly>true</readonly>
         <executable>true</executable>
         <run_address>0x2000ee06</run_address>
         <size>0x22</size>
         <alignment>0x2</alignment>
         <input_file_ref idref="fl-28"/>
      </object_component>
      <object_component id="oc-1f4">
         <name>.text.IntRegister</name>
         <load_address>0x2000ee28</load_address>
         <readonly>true</readonly>
         <executable>true</executable>
         <run_address>0x2000ee28</run_address>
         <size>0x20</size>
         <alignment>0x2</alignment>
         <input_file_ref idref="fl-27"/>
      </object_component>
      <object_component id="oc-202">
         <name>.text.Power_unregisterNotify</name>
         <load_address>0x2000ee48</load_address>
         <readonly>true</readonly>
         <executable>true</executable>
         <run_address>0x2000ee48</run_address>
         <size>0x20</size>
         <alignment>0x4</alignment>
         <input_file_ref idref="fl-15"/>
      </object_component>
      <object_component id="oc-121">
         <name>.text.SemaphoreP_createBinary</name>
         <load_address>0x2000ee68</load_address>
         <readonly>true</readonly>
         <executable>true</executable>
         <run_address>0x2000ee68</run_address>
         <size>0x20</size>
         <alignment>0x4</alignment>
         <input_file_ref idref="fl-1e"/>
      </object_component>
      <object_component id="oc-212">
         <name>.text.TimerDisable</name>
         <load_address>0x2000ee88</load_address>
         <readonly>true</readonly>
         <executable>true</executable>
         <run_address>0x2000ee88</run_address>
         <size>0x20</size>
         <alignment>0x2</alignment>
         <input_file_ref idref="fl-2c"/>
      </object_component>
      <object_component id="oc-219">
         <name>.text.PinTypeTimer</name>
         <load_address>0x2000eea8</load_address>
         <readonly>true</readonly>
         <executable>true</executable>
         <run_address>0x2000eea8</run_address>
         <size>0x1e</size>
         <alignment>0x2</alignment>
         <input_file_ref idref="fl-28"/>
      </object_component>
      <object_component id="oc-54">
         <name>.text.nmiISR</name>
         <load_address>0x2000eec6</load_address>
         <readonly>true</readonly>
         <executable>true</executable>
         <run_address>0x2000eec6</run_address>
         <size>0x2</size>
         <alignment>0x2</alignment>
         <input_file_ref idref="fl-22"/>
      </object_component>
      <object_component id="oc-1f8">
         <name>.text.HwiP_dispatch</name>
         <load_address>0x2000eec8</load_address>
         <readonly>true</readonly>
         <executable>true</executable>
         <run_address>0x2000eec8</run_address>
         <size>0x1c</size>
         <alignment>0x4</alignment>
         <input_file_ref idref="fl-20"/>
      </object_component>
      <object_component id="oc-193">
         <name>.text.SwiP_disable</name>
         <load_address>0x2000eee4</load_address>
         <readonly>true</readonly>
         <executable>true</executable>
         <run_address>0x2000eee4</run_address>
         <size>0x1c</size>
         <alignment>0x4</alignment>
         <input_file_ref idref="fl-23"/>
      </object_component>
      <object_component id="oc-1b3">
         <name>.text.free_list_remove</name>
         <load_address>0x2000ef00</load_address>
         <readonly>true</readonly>
         <executable>true</executable>
         <run_address>0x2000ef00</run_address>
         <size>0x1c</size>
         <alignment>0x4</alignment>
         <input_file_ref idref="fl-3d"/>
      </object_component>
      <object_component id="oc-233">
         <name>.text.getPowerMgrId</name>
         <load_address>0x2000ef1c</load_address>
         <readonly>true</readonly>
         <executable>true</executable>
         <run_address>0x2000ef1c</run_address>
         <size>0x1c</size>
         <alignment>0x4</alignment>
         <input_file_ref idref="fl-19"/>
      </object_component>
      <object_component id="oc-21">
         <name>.text.resetISR</name>
         <load_address>0x2000ef38</load_address>
         <readonly>true</readonly>
         <executable>true</executable>
         <run_address>0x2000ef38</run_address>
         <size>0x1c</size>
         <alignment>0x2</alignment>
         <input_file_ref idref="fl-22"/>
      </object_component>
      <object_component id="oc-1f9">
         <name>.text.GPIOIntDisable</name>
         <load_address>0x2000ef54</load_address>
         <readonly>true</readonly>
         <executable>true</executable>
         <run_address>0x2000ef54</run_address>
         <size>0x1a</size>
         <alignment>0x2</alignment>
         <input_file_ref idref="fl-25"/>
      </object_component>
      <object_component id="oc-10f">
         <name>.text.PRCMHIBRegRead</name>
         <load_address>0x2000ef6e</load_address>
         <readonly>true</readonly>
         <executable>true</executable>
         <run_address>0x2000ef6e</run_address>
         <size>0x1a</size>
         <alignment>0x2</alignment>
         <input_file_ref idref="fl-29"/>
      </object_component>
      <object_component id="oc-10e">
         <name>.text.PRCMHIBRegWrite</name>
         <load_address>0x2000ef88</load_address>
         <readonly>true</readonly>
         <executable>true</executable>
         <run_address>0x2000ef88</run_address>
         <size>0x1a</size>
         <alignment>0x2</alignment>
         <input_file_ref idref="fl-29"/>
      </object_component>
      <object_component id="oc-152">
         <name>.text.PRCMLPDSWakeupSourceDisable</name>
         <load_address>0x2000efa2</load_address>
         <readonly>true</readonly>
         <executable>true</executable>
         <run_address>0x2000efa2</run_address>
         <size>0x1a</size>
         <alignment>0x2</alignment>
         <input_file_ref idref="fl-29"/>
      </object_component>
      <object_component id="oc-1e2">
         <name>.text.PinToPadGet</name>
         <load_address>0x2000efbc</load_address>
         <readonly>true</readonly>
         <executable>true</executable>
         <run_address>0x2000efbc</run_address>
         <size>0x1a</size>
         <alignment>0x2</alignment>
         <input_file_ref idref="fl-28"/>
      </object_component>
      <object_component id="oc-217">
         <name>.text.TimerEnable</name>
         <load_address>0x2000efd6</load_address>
         <readonly>true</readonly>
         <executable>true</executable>
         <run_address>0x2000efd6</run_address>
         <size>0x1a</size>
         <alignment>0x2</alignment>
         <input_file_ref idref="fl-2c"/>
      </object_component>
      <object_component id="oc-1bd">
         <name>.text.GPIOIntEnable</name>
         <load_address>0x2000eff0</load_address>
         <readonly>true</readonly>
         <executable>true</executable>
         <run_address>0x2000eff0</run_address>
         <size>0x18</size>
         <alignment>0x2</alignment>
         <input_file_ref idref="fl-25"/>
      </object_component>
      <object_component id="oc-15f">
         <name>.text.SemaphoreP_create</name>
         <load_address>0x2000f008</load_address>
         <readonly>true</readonly>
         <executable>true</executable>
         <run_address>0x2000f008</run_address>
         <size>0x18</size>
         <alignment>0x2</alignment>
         <input_file_ref idref="fl-1e"/>
      </object_component>
      <object_component id="oc-a6">
         <name>.text.Board_init</name>
         <load_address>0x2000f020</load_address>
         <readonly>true</readonly>
         <executable>true</executable>
         <run_address>0x2000f020</run_address>
         <size>0x16</size>
         <alignment>0x2</alignment>
         <input_file_ref idref="fl-3"/>
      </object_component>
      <object_component id="oc-1aa">
         <name>.text.SysTickPeriodSet</name>
         <load_address>0x2000f036</load_address>
         <readonly>true</readonly>
         <executable>true</executable>
         <run_address>0x2000f036</run_address>
         <size>0x16</size>
         <alignment>0x2</alignment>
         <input_file_ref idref="fl-2b"/>
      </object_component>
      <object_component id="oc-6c">
         <name>.text.CPUcpsid</name>
         <load_address>0x2000f04c</load_address>
         <readonly>true</readonly>
         <executable>true</executable>
         <run_address>0x2000f04c</run_address>
         <size>0x14</size>
         <alignment>0x2</alignment>
         <input_file_ref idref="fl-24"/>
      </object_component>
      <object_component id="oc-187">
         <name>.text.CPUcpsie</name>
         <load_address>0x2000f060</load_address>
         <readonly>true</readonly>
         <executable>true</executable>
         <run_address>0x2000f060</run_address>
         <size>0x14</size>
         <alignment>0x2</alignment>
         <input_file_ref idref="fl-24"/>
      </object_component>
      <object_component id="oc-73">
         <name>.text.IntVTableBaseSet</name>
         <load_address>0x2000f074</load_address>
         <readonly>true</readonly>
         <executable>true</executable>
         <run_address>0x2000f074</run_address>
         <size>0x14</size>
         <alignment>0x2</alignment>
         <input_file_ref idref="fl-27"/>
      </object_component>
      <object_component id="oc-182">
         <name>.text.Power_disablePolicy</name>
         <load_address>0x2000f088</load_address>
         <readonly>true</readonly>
         <executable>true</executable>
         <run_address>0x2000f088</run_address>
         <size>0x14</size>
         <alignment>0x4</alignment>
         <input_file_ref idref="fl-15"/>
      </object_component>
      <object_component id="oc-19b">
         <name>.text.Power_getTransitionLatency</name>
         <load_address>0x2000f09c</load_address>
         <readonly>true</readonly>
         <executable>true</executable>
         <run_address>0x2000f09c</run_address>
         <size>0x14</size>
         <alignment>0x4</alignment>
         <input_file_ref idref="fl-15"/>
      </object_component>
      <object_component id="oc-1b2">
         <name>.text.Power_idleFunc</name>
         <load_address>0x2000f0b0</load_address>
         <readonly>true</readonly>
         <executable>true</executable>
         <run_address>0x2000f0b0</run_address>
         <size>0x14</size>
         <alignment>0x4</alignment>
         <input_file_ref idref="fl-15"/>
      </object_component>
      <object_component id="oc-19e">
         <name>.text.__aeabi_uldivmod</name>
         <load_address>0x2000f0c4</load_address>
         <readonly>true</readonly>
         <executable>true</executable>
         <run_address>0x2000f0c4</run_address>
         <size>0x14</size>
         <alignment>0x4</alignment>
         <input_file_ref idref="fl-b0"/>
      </object_component>
      <object_component id="oc-165">
         <name>.text.ClockP_add</name>
         <load_address>0x2000f0d8</load_address>
         <readonly>true</readonly>
         <executable>true</executable>
         <run_address>0x2000f0d8</run_address>
         <size>0x12</size>
         <alignment>0x2</alignment>
         <input_file_ref idref="fl-1f"/>
      </object_component>
      <object_component id="oc-1bc">
         <name>.text.GPIOIntClear</name>
         <load_address>0x2000f0ea</load_address>
         <readonly>true</readonly>
         <executable>true</executable>
         <run_address>0x2000f0ea</run_address>
         <size>0x12</size>
         <alignment>0x2</alignment>
         <input_file_ref idref="fl-25"/>
      </object_component>
      <object_component id="oc-16d">
         <name>.text.HwiP_Params_init</name>
         <load_address>0x2000f0fc</load_address>
         <readonly>true</readonly>
         <executable>true</executable>
         <run_address>0x2000f0fc</run_address>
         <size>0x12</size>
         <alignment>0x2</alignment>
         <input_file_ref idref="fl-20"/>
      </object_component>
      <object_component id="oc-213">
         <name>.text.OUTLINED_FUNCTION_0</name>
         <load_address>0x2000f10e</load_address>
         <readonly>true</readonly>
         <executable>true</executable>
         <run_address>0x2000f10e</run_address>
         <size>0x12</size>
         <alignment>0x2</alignment>
         <input_file_ref idref="fl-18"/>
      </object_component>
      <object_component id="oc-1ab">
         <name>.text.SysTickEnable</name>
         <load_address>0x2000f120</load_address>
         <readonly>true</readonly>
         <executable>true</executable>
         <run_address>0x2000f120</run_address>
         <size>0x12</size>
         <alignment>0x2</alignment>
         <input_file_ref idref="fl-2b"/>
      </object_component>
      <object_component id="oc-1a2">
         <name>.text.SysTickIntDisable</name>
         <load_address>0x2000f132</load_address>
         <readonly>true</readonly>
         <executable>true</executable>
         <run_address>0x2000f132</run_address>
         <size>0x12</size>
         <alignment>0x2</alignment>
         <input_file_ref idref="fl-2b"/>
      </object_component>
      <object_component id="oc-1ac">
         <name>.text.SysTickIntEnable</name>
         <load_address>0x2000f144</load_address>
         <readonly>true</readonly>
         <executable>true</executable>
         <run_address>0x2000f144</run_address>
         <size>0x12</size>
         <alignment>0x2</alignment>
         <input_file_ref idref="fl-2b"/>
      </object_component>
      <object_component id="oc-206">
         <name>.text.postNotifyFxn</name>
         <load_address>0x2000f156</load_address>
         <readonly>true</readonly>
         <executable>true</executable>
         <run_address>0x2000f156</run_address>
         <size>0x12</size>
         <alignment>0x2</alignment>
         <input_file_ref idref="fl-18"/>
      </object_component>
      <object_component id="oc-81">
         <name>.text:TI_memcpy_small</name>
         <load_address>0x2000f168</load_address>
         <readonly>true</readonly>
         <executable>true</executable>
         <run_address>0x2000f168</run_address>
         <size>0x12</size>
         <alignment>0x1</alignment>
         <input_file_ref idref="fl-b3"/>
      </object_component>
      <object_component id="oc-43">
         <name>.text:decompress:ZI:__TI_zero_init_nomemset</name>
         <load_address>0x2000f17a</load_address>
         <readonly>true</readonly>
         <executable>true</executable>
         <run_address>0x2000f17a</run_address>
         <size>0x12</size>
         <alignment>0x2</alignment>
         <input_file_ref idref="fl-43"/>
      </object_component>
      <object_component id="oc-192">
         <name>.text.ClockP_getCpuFreq</name>
         <load_address>0x2000f18c</load_address>
         <readonly>true</readonly>
         <executable>true</executable>
         <run_address>0x2000f18c</run_address>
         <size>0x10</size>
         <alignment>0x4</alignment>
         <input_file_ref idref="fl-1f"/>
      </object_component>
      <object_component id="oc-19c">
         <name>.text.ClockP_getSystemTicks</name>
         <load_address>0x2000f19c</load_address>
         <readonly>true</readonly>
         <executable>true</executable>
         <run_address>0x2000f19c</run_address>
         <size>0x10</size>
         <alignment>0x4</alignment>
         <input_file_ref idref="fl-1f"/>
      </object_component>
      <object_component id="oc-1a9">
         <name>.text.ClockP_setTicks</name>
         <load_address>0x2000f1ac</load_address>
         <readonly>true</readonly>
         <executable>true</executable>
         <run_address>0x2000f1ac</run_address>
         <size>0x10</size>
         <alignment>0x4</alignment>
         <input_file_ref idref="fl-1f"/>
      </object_component>
      <object_component id="oc-181">
         <name>.text.HwiP_inISR</name>
         <load_address>0x2000f1bc</load_address>
         <readonly>true</readonly>
         <executable>true</executable>
         <run_address>0x2000f1bc</run_address>
         <size>0x10</size>
         <alignment>0x4</alignment>
         <input_file_ref idref="fl-20"/>
      </object_component>
      <object_component id="oc-f1">
         <name>.text.PWM_Params_init</name>
         <load_address>0x2000f1cc</load_address>
         <readonly>true</readonly>
         <executable>true</executable>
         <run_address>0x2000f1cc</run_address>
         <size>0x10</size>
         <alignment>0x4</alignment>
         <input_file_ref idref="fl-17"/>
      </object_component>
      <object_component id="oc-168">
         <name>.text.Power_enablePolicy</name>
         <load_address>0x2000f1dc</load_address>
         <readonly>true</readonly>
         <executable>true</executable>
         <run_address>0x2000f1dc</run_address>
         <size>0x10</size>
         <alignment>0x4</alignment>
         <input_file_ref idref="fl-15"/>
      </object_component>
      <object_component id="oc-8f">
         <name>.text.main</name>
         <load_address>0x2000f1ec</load_address>
         <readonly>true</readonly>
         <executable>true</executable>
         <run_address>0x2000f1ec</run_address>
         <size>0x10</size>
         <alignment>0x2</alignment>
         <input_file_ref idref="fl-1"/>
      </object_component>
      <object_component id="oc-216">
         <name>.text.OUTLINED_FUNCTION_1</name>
         <load_address>0x2000f1fc</load_address>
         <readonly>true</readonly>
         <executable>true</executable>
         <run_address>0x2000f1fc</run_address>
         <size>0xe</size>
         <alignment>0x2</alignment>
         <input_file_ref idref="fl-18"/>
      </object_component>
      <object_component id="oc-215">
         <name>.text.OUTLINED_FUNCTION_2</name>
         <load_address>0x2000f20a</load_address>
         <readonly>true</readonly>
         <executable>true</executable>
         <run_address>0x2000f20a</run_address>
         <size>0xe</size>
         <alignment>0x2</alignment>
         <input_file_ref idref="fl-18"/>
      </object_component>
      <object_component id="oc-214">
         <name>.text.OUTLINED_FUNCTION_3</name>
         <load_address>0x2000f218</load_address>
         <readonly>true</readonly>
         <executable>true</executable>
         <run_address>0x2000f218</run_address>
         <size>0xe</size>
         <alignment>0x2</alignment>
         <input_file_ref idref="fl-18"/>
      </object_component>
      <object_component id="oc-1c">
         <name>.text:decompress:none</name>
         <load_address>0x2000f226</load_address>
         <readonly>true</readonly>
         <executable>true</executable>
         <run_address>0x2000f226</run_address>
         <size>0xe</size>
         <alignment>0x2</alignment>
         <input_file_ref idref="fl-44"/>
      </object_component>
      <object_component id="oc-1ef">
         <name>.text.CPUwfi</name>
         <load_address>0x2000f234</load_address>
         <readonly>true</readonly>
         <executable>true</executable>
         <run_address>0x2000f234</run_address>
         <size>0xc</size>
         <alignment>0x2</alignment>
         <input_file_ref idref="fl-24"/>
      </object_component>
      <object_component id="oc-1eb">
         <name>.text.PRCMLPDSWakeupCauseGet</name>
         <load_address>0x2000f240</load_address>
         <readonly>true</readonly>
         <executable>true</executable>
         <run_address>0x2000f240</run_address>
         <size>0xc</size>
         <alignment>0x2</alignment>
         <input_file_ref idref="fl-29"/>
      </object_component>
      <object_component id="oc-199">
         <name>.text.Power_getConstraintMask</name>
         <load_address>0x2000f24c</load_address>
         <readonly>true</readonly>
         <executable>true</executable>
         <run_address>0x2000f24c</run_address>
         <size>0xc</size>
         <alignment>0x4</alignment>
         <input_file_ref idref="fl-15"/>
      </object_component>
      <object_component id="oc-1d1">
         <name>.text.SysTickValueGet</name>
         <load_address>0x2000f258</load_address>
         <readonly>true</readonly>
         <executable>true</executable>
         <run_address>0x2000f258</run_address>
         <size>0xc</size>
         <alignment>0x2</alignment>
         <input_file_ref idref="fl-2b"/>
      </object_component>
      <object_component id="oc-167">
         <name>.text.ClockP_isActive</name>
         <load_address>0x2000f264</load_address>
         <readonly>true</readonly>
         <executable>true</executable>
         <run_address>0x2000f264</run_address>
         <size>0xa</size>
         <alignment>0x2</alignment>
         <input_file_ref idref="fl-1f"/>
      </object_component>
      <object_component id="oc-4a">
         <name>.text.IntMasterDisable</name>
         <load_address>0x2000f26e</load_address>
         <readonly>true</readonly>
         <executable>true</executable>
         <run_address>0x2000f26e</run_address>
         <size>0xa</size>
         <alignment>0x2</alignment>
         <input_file_ref idref="fl-27"/>
      </object_component>
      <object_component id="oc-135">
         <name>.text.IntMasterEnable</name>
         <load_address>0x2000f278</load_address>
         <readonly>true</readonly>
         <executable>true</executable>
         <run_address>0x2000f278</run_address>
         <size>0xa</size>
         <alignment>0x2</alignment>
[...]
         <object_component_ref idref="oc-165"/>
      </symbol>
      <symbol id="sm-1f1">
         <name>ClockP_startup</name>
         <value>0x2000de35</value>
         <object_component_ref idref="oc-18c"/>
      </symbol>
      <symbol id="sm-1f2">
         <name>ClockP_start</name>
         <value>0x2000e8f9</value>
         <object_component_ref idref="oc-166"/>
      </symbol>
      <symbol id="sm-1f3">
         <name>ClockP_stop</name>
         <value>0x2000e769</value>
         <object_component_ref idref="oc-1b5"/>
      </symbol>
      <symbol id="sm-1f4">
         <name>ClockP_destruct</name>
         <value>0x2000e7e1</value>
         <object_component_ref idref="oc-169"/>
      </symbol>
      <symbol id="sm-1f5">
         <name>ClockP_doTick</name>
         <value>0x2000f2b5</value>
         <object_component_ref idref="oc-1af"/>
      </symbol>
      <symbol id="sm-1f6">
         <name>ClockP_getCpuFreq</name>
         <value>0x2000f18d</value>
         <object_component_ref idref="oc-192"/>
      </symbol>
      <symbol id="sm-1f7">
         <name>ClockP_getSystemTicks</name>
         <value>0x2000f19d</value>
         <object_component_ref idref="oc-19c"/>
      </symbol>
      <symbol id="sm-1f8">
         <name>ClockP_getTicksUntilInterrupt</name>
         <value>0x2000ea65</value>
         <object_component_ref idref="oc-19a"/>
      </symbol>
      <symbol id="sm-1f9">
         <name>ClockP_isActive</name>
         <value>0x2000f265</value>
         <object_component_ref idref="oc-167"/>
      </symbol>
      <symbol id="sm-1fa">
         <name>ClockP_setTicks</name>
         <value>0x2000f1ad</value>
         <object_component_ref idref="oc-1a9"/>
      </symbol>
      <symbol id="sm-1fb">
         <name>ClockP_usleep</name>
         <value>0x2000e92d</value>
         <object_component_ref idref="oc-13f"/>
      </symbol>
      <symbol id="sm-1fc">
         <name>ClockP_tickPeriod</name>
         <value>0x2000f944</value>
         <object_component_ref idref="oc-18f"/>
      </symbol>
      <symbol id="sm-21b">
         <name>HwiP_enable</name>
         <value>0x2000f2b9</value>
         <object_component_ref idref="oc-e3"/>
      </symbol>
      <symbol id="sm-21c">
         <name>HwiP_disable</name>
         <value>0x2000d489</value>
         <object_component_ref idref="oc-127"/>
      </symbol>
      <symbol id="sm-21d">
         <name>HwiP_restore</name>
         <value>0x2000f283</value>
         <object_component_ref idref="oc-128"/>
      </symbol>
      <symbol id="sm-21e">
         <name>HwiP_dispatch</name>
         <value>0x2000eec9</value>
         <object_component_ref idref="oc-1f8"/>
      </symbol>
      <symbol id="sm-21f">
         <name>HwiP_construct</name>
         <value>0x2000d951</value>
         <object_component_ref idref="oc-1b7"/>
      </symbol>
      <symbol id="sm-220">
         <name>HwiP_swiPIntNum</name>
         <value>0x2000f948</value>
         <object_component_ref idref="oc-1f1"/>
      </symbol>
      <symbol id="sm-221">
         <name>HwiP_Params_init</name>
         <value>0x2000f0fd</value>
         <object_component_ref idref="oc-16d"/>
      </symbol>
      <symbol id="sm-222">
         <name>HwiP_create</name>
         <value>0x2000ec13</value>
         <object_component_ref idref="oc-16e"/>
      </symbol>
      <symbol id="sm-223">
         <name>HwiP_post</name>
         <value>0x2000f2bd</value>
         <object_component_ref idref="oc-1f0"/>
      </symbol>
      <symbol id="sm-224">
         <name>HwiP_inISR</name>
         <value>0x2000f1bd</value>
         <object_component_ref idref="oc-181"/>
      </symbol>
      <symbol id="sm-234">
         <name>PowerCC32XX_initPolicy</name>
         <value>0x2000d647</value>
         <object_component_ref idref="oc-157"/>
      </symbol>
      <symbol id="sm-235">
         <name>PowerCC32XX_sleepPolicy</name>
         <value>0x2000c8dd</value>
         <object_component_ref idref="oc-15c"/>
      </symbol>
      <symbol id="sm-252">
         <name>resetISR</name>
         <value>0x2000ef39</value>
         <object_component_ref idref="oc-21"/>
      </symbol>
      <symbol id="sm-253">
         <name>initVectors</name>
         <value>0x2000ea31</value>
         <object_component_ref idref="oc-4f"/>
      </symbol>
      <symbol id="sm-268">
         <name>SwiP_disable</name>
         <value>0x2000eee5</value>
         <object_component_ref idref="oc-193"/>
      </symbol>
      <symbol id="sm-269">
         <name>SwiP_restore</name>
         <value>0x2000e851</value>
         <object_component_ref idref="oc-1ae"/>
      </symbol>
      <symbol id="sm-280">
         <name>CPUcpsid</name>
         <value>0x2000f04d</value>
         <object_component_ref idref="oc-6c"/>
      </symbol>
      <symbol id="sm-281">
         <name>CPUcpsie</name>
         <value>0x2000f061</value>
         <object_component_ref idref="oc-187"/>
      </symbol>
      <symbol id="sm-282">
         <name>CPUwfi</name>
         <value>0x2000f235</value>
         <object_component_ref idref="oc-1ef"/>
      </symbol>
      <symbol id="sm-2bb">
         <name>GPIODirModeSet</name>
         <value>0x2000e403</value>
         <object_component_ref idref="oc-16f"/>
      </symbol>
      <symbol id="sm-2bc">
         <name>GPIOIntClear</name>
         <value>0x2000f0eb</value>
         <object_component_ref idref="oc-1bc"/>
      </symbol>
      <symbol id="sm-2bd">
         <name>GPIOIntDisable</name>
         <value>0x2000ef55</value>
         <object_component_ref idref="oc-1f9"/>
      </symbol>
      <symbol id="sm-2be">
         <name>GPIOIntEnable</name>
         <value>0x2000eff1</value>
         <object_component_ref idref="oc-1bd"/>
      </symbol>
      <symbol id="sm-2bf">
         <name>GPIOIntStatus</name>
         <value>0x2000ebe5</value>
         <object_component_ref idref="oc-1be"/>
      </symbol>
      <symbol id="sm-2c0">
         <name>GPIOIntTypeSet</name>
         <value>0x2000d0b5</value>
         <object_component_ref idref="oc-1ba"/>
      </symbol>
      <symbol id="sm-2c1">
         <name>GPIOPinWrite</name>
         <value>0x2000ede5</value>
         <object_component_ref idref="oc-174"/>
      </symbol>
      <symbol id="sm-304">
         <name>IntEnable</name>
         <value>0x2000cf3d</value>
         <object_component_ref idref="oc-1f6"/>
      </symbol>
      <symbol id="sm-305">
         <name>IntMasterDisable</name>
         <value>0x2000f26f</value>
         <object_component_ref idref="oc-4a"/>
      </symbol>
      <symbol id="sm-306">
         <name>IntMasterEnable</name>
         <value>0x2000f279</value>
         <object_component_ref idref="oc-135"/>
      </symbol>
      <symbol id="sm-307">
         <name>IntPendSet</name>
         <value>0x2000d209</value>
         <object_component_ref idref="oc-22e"/>
      </symbol>
      <symbol id="sm-308">
         <name>IntPrioritySet</name>
         <value>0x2000de8d</value>
         <object_component_ref idref="oc-1f5"/>
      </symbol>
      <symbol id="sm-309">
         <name>IntRegister</name>
         <value>0x2000ee29</value>
         <object_component_ref idref="oc-1f4"/>
      </symbol>
      <symbol id="sm-30a">
         <name>IntVTableBaseSet</name>
         <value>0x2000f075</value>
         <object_component_ref idref="oc-73"/>
      </symbol>
      <symbol id="sm-354">
         <name>PinConfigGet</name>
         <value>0x2000e29d</value>
         <object_component_ref idref="oc-224"/>
      </symbol>
      <symbol id="sm-355">
         <name>PinConfigSet</name>
         <value>0x2000d2ad</value>
         <object_component_ref idref="oc-16b"/>
      </symbol>
      <symbol id="sm-356">
         <name>PinDirModeGet</name>
         <value>0x2000e961</value>
         <object_component_ref idref="oc-225"/>
      </symbol>
      <symbol id="sm-357">
         <name>PinDirModeSet</name>
         <value>0x2000e729</value>
         <object_component_ref idref="oc-226"/>
      </symbol>
      <symbol id="sm-358">
         <name>PinLock</name>
         <value>0x2000e8c1</value>
         <object_component_ref idref="oc-1e3"/>
      </symbol>
      <symbol id="sm-359">
         <name>PinLockLevelSet</name>
         <value>0x2000daa9</value>
         <object_component_ref idref="oc-1e1"/>
      </symbol>
      <symbol id="sm-35a">
         <name>PinModeGet</name>
         <value>0x2000e995</value>
         <object_component_ref idref="oc-113"/>
      </symbol>
      <symbol id="sm-35b">
         <name>PinModeSet</name>
         <value>0x2000e5e1</value>
         <object_component_ref idref="oc-118"/>
      </symbol>
      <symbol id="sm-35c">
         <name>PinToPadGet</name>
         <value>0x2000efbd</value>
         <object_component_ref idref="oc-1e2"/>
      </symbol>
      <symbol id="sm-35d">
         <name>PinTypeGPIO</name>
         <value>0x2000e7a5</value>
         <object_component_ref idref="oc-21b"/>
      </symbol>
      <symbol id="sm-35e">
         <name>PinTypeTimer</name>
         <value>0x2000eea9</value>
         <object_component_ref idref="oc-219"/>
      </symbol>
      <symbol id="sm-35f">
         <name>PinUnlock</name>
         <value>0x2000ee07</value>
         <object_component_ref idref="oc-1e9"/>
      </symbol>
      <symbol id="sm-411">
         <name>PRCMCC3200MCUInit</name>
         <value>0x2000c041</value>
         <object_component_ref idref="oc-d0"/>
      </symbol>
      <symbol id="sm-412">
         <name>PRCMHIBRegRead</name>
         <value>0x2000ef6f</value>
         <object_component_ref idref="oc-10f"/>
      </symbol>
      <symbol id="sm-413">
         <name>PRCMHIBRegWrite</name>
         <value>0x2000ef89</value>
         <object_component_ref idref="oc-10e"/>
      </symbol>
      <symbol id="sm-414">
         <name>PRCMHibernateWakeUpGPIOSelect</name>
         <value>0x2000d9c5</value>
         <object_component_ref idref="oc-154"/>
      </symbol>
      <symbol id="sm-415">
         <name>PRCMHibernateWakeupSourceDisable</name>
         <value>0x2000dd1f</value>
         <object_component_ref idref="oc-156"/>
      </symbol>
      <symbol id="sm-416">
         <name>PRCMHibernateWakeupSourceEnable</name>
         <value>0x2000e08d</value>
         <object_component_ref idref="oc-155"/>
      </symbol>
      <symbol id="sm-417">
         <name>PRCMIntEnable</name>
         <value>0x2000e20d</value>
         <object_component_ref idref="oc-1e8"/>
      </symbol>
      <symbol id="sm-418">
         <name>PRCMLPDSEnter</name>
         <value>0x2000df3d</value>
         <object_component_ref idref="oc-1ee"/>
      </symbol>
      <symbol id="sm-419">
         <name>PRCMLPDSEnterKeepDebugIf</name>
         <value>0x2000e3bd</value>
         <object_component_ref idref="oc-1ed"/>
      </symbol>
      <symbol id="sm-41a">
         <name>PRCMLPDSIntervalSet</name>
         <value>0x2000ea95</value>
         <object_component_ref idref="oc-1a7"/>
      </symbol>
      <symbol id="sm-41b">
         <name>PRCMLPDSRestoreInfoSet</name>
         <value>0x2000e179</value>
         <object_component_ref idref="oc-227"/>
      </symbol>
      <symbol id="sm-41c">
         <name>PRCMLPDSWakeUpGPIOSelect</name>
         <value>0x2000ec3d</value>
         <object_component_ref idref="oc-153"/>
      </symbol>
      <symbol id="sm-41d">
         <name>PRCMLPDSWakeupCauseGet</name>
         <value>0x2000f241</value>
         <object_component_ref idref="oc-1eb"/>
      </symbol>
      <symbol id="sm-41e">
         <name>PRCMLPDSWakeupSourceDisable</name>
         <value>0x2000efa3</value>
         <object_component_ref idref="oc-152"/>
      </symbol>
      <symbol id="sm-41f">
         <name>PRCMLPDSWakeupSourceEnable</name>
         <value>0x2000ed55</value>
         <object_component_ref idref="oc-151"/>
      </symbol>
      <symbol id="sm-420">
         <name>PRCMPeripheralClkDisable</name>
         <value>0x2000ec67</value>
         <object_component_ref idref="oc-112"/>
      </symbol>
      <symbol id="sm-421">
         <name>PRCMPeripheralClkEnable</name>
         <value>0x2000ddd9</value>
         <object_component_ref idref="oc-110"/>
      </symbol>
      <symbol id="sm-422">
         <name>PRCMPeripheralReset</name>
         <value>0x2000dc59</value>
         <object_component_ref idref="oc-111"/>
      </symbol>
      <symbol id="sm-423">
         <name>PRCMPeripheralStatusGet</name>
         <value>0x2000e255</value>
         <object_component_ref idref="oc-1b6"/>
      </symbol>
      <symbol id="sm-424">
         <name>PRCMSRAMRetentionEnable</name>
         <value>0x2000ecb9</value>
         <object_component_ref idref="oc-1df"/>
      </symbol>
      <symbol id="sm-425">
         <name>PRCMSleepEnter</name>
         <value>0x2000f28b</value>
         <object_component_ref idref="oc-1ad"/>
      </symbol>
      <symbol id="sm-426">
         <name>PRCMSlowClkCtrFastGet</name>
         <value>0x2000eac5</value>
         <object_component_ref idref="oc-1d6"/>
      </symbol>
      <symbol id="sm-427">
         <name>PRCMSysResetCauseGet</name>
         <value>0x2000d5b9</value>
         <object_component_ref idref="oc-109"/>
      </symbol>
      <symbol id="sm-447">
         <name>SysTickEnable</name>
         <value>0x2000f121</value>
         <object_component_ref idref="oc-1ab"/>
      </symbol>
      <symbol id="sm-448">
         <name>SysTickIntDisable</name>
         <value>0x2000f133</value>
         <object_component_ref idref="oc-1a2"/>
      </symbol>
      <symbol id="sm-449">
         <name>SysTickIntEnable</name>
         <value>0x2000f145</value>
         <object_component_ref idref="oc-1ac"/>
      </symbol>
      <symbol id="sm-44a">
         <name>SysTickPeriodSet</name>
         <value>0x2000f037</value>
         <object_component_ref idref="oc-1aa"/>
      </symbol>
      <symbol id="sm-44b">
         <name>SysTickValueGet</name>
         <value>0x2000f259</value>
         <object_component_ref idref="oc-1d1"/>
      </symbol>
      <symbol id="sm-488">
         <name>TimerControlLevel</name>
         <value>0x2000e623</value>
         <object_component_ref idref="oc-238"/>
      </symbol>
      <symbol id="sm-489">
         <name>TimerDisable</name>
         <value>0x2000ee89</value>
         <object_component_ref idref="oc-212"/>
      </symbol>
      <symbol id="sm-48a">
         <name>TimerEnable</name>
         <value>0x2000efd7</value>
         <object_component_ref idref="oc-217"/>
      </symbol>
      <symbol id="sm-48b">
         <name>TimerLoadSet</name>
         <value>0x2000eaf5</value>
         <object_component_ref idref="oc-211"/>
      </symbol>
      <symbol id="sm-48c">
         <name>TimerMatchSet</name>
         <value>0x2000eb25</value>
         <object_component_ref idref="oc-20d"/>
      </symbol>
      <symbol id="sm-48d">
         <name>TimerPrescaleMatchSet</name>
         <value>0x2000eb55</value>
         <object_component_ref idref="oc-208"/>
      </symbol>
      <symbol id="sm-48e">
         <name>TimerPrescaleSet</name>
         <value>0x2000eb85</value>
         <object_component_ref idref="oc-210"/>
      </symbol>
      <symbol id="sm-499">
         <name>UtilsDelay</name>
         <value>0x2000f293</value>
         <object_component_ref idref="oc-10a"/>
      </symbol>
      <symbol id="sm-4c6">
         <name>FlashDisable</name>
         <value>0x2000dcc3</value>
         <object_component_ref idref="oc-229"/>
      </symbol>
      <symbol id="sm-4e6">
         <name>malloc</name>
         <value>0x2000f29b</value>
         <object_component_ref idref="oc-1b0"/>
      </symbol>
      <symbol id="sm-4e7">
         <name>aligned_alloc</name>
         <value>0x2000cb6d</value>
         <object_component_ref idref="oc-1f2"/>
      </symbol>
      <symbol id="sm-4e8">
         <name>free</name>
         <value>0x2000cc8d</value>
         <object_component_ref idref="oc-163"/>
      </symbol>
      <symbol id="sm-4e9">
         <name>_sys_memory</name>
         <value>0x20004040</value>
         <object_component_ref idref="oc-31"/>
      </symbol>
      <symbol id="sm-4ea">
         <name>memalign</name>
         <value>0x2000cb6d</value>
         <object_component_ref idref="oc-1f2"/>
      </symbol>
      <symbol id="sm-4f5">
         <name>_c_int00_noargs</name>
         <value>0x2000edc1</value>
         <object_component_ref idref="oc-76"/>
      </symbol>
      <symbol id="sm-4f6">
         <name>__stack</name>
         <value>0x20003000</value>
         <object_component_ref idref="oc-16"/>
      </symbol>
      <symbol id="sm-502">
         <name>__TI_auto_init_nobinit_nopinit</name>
         <value>0x2000e889</value>
         <object_component_ref idref="oc-bd"/>
      </symbol>
      <symbol id="sm-50a">
         <name>_system_pre_init</name>
         <value>0x2000f2cd</value>
         <object_component_ref idref="oc-8b"/>
      </symbol>
      <symbol id="sm-515">
         <name>__TI_zero_init_nomemset</name>
         <value>0x2000f17b</value>
         <object_component_ref idref="oc-43"/>
      </symbol>
      <symbol id="sm-51e">
         <name>__TI_decompress_none</name>
         <value>0x2000f227</value>
         <object_component_ref idref="oc-1c"/>
      </symbol>
      <symbol id="sm-528">
         <name>__TI_decompress_lzss</name>
         <value>0x2000da39</value>
         <object_component_ref idref="oc-18"/>
      </symbol>
      <symbol id="sm-532">
         <name>abort</name>
         <value>0x2000f2d5</value>
         <object_component_ref idref="oc-b6"/>
      </symbol>
      <symbol id="sm-533">
         <name>C$$EXIT</name>
         <value>0x2000f2d4</value>
         <object_component_ref idref="oc-b6"/>
      </symbol>
      <symbol id="sm-53c">
         <name>_nop</name>
         <value>0x2000df93</value>
         <object_component_ref idref="oc-142"/>
      </symbol>
      <symbol id="sm-53d">
         <name>_lock</name>
         <value>0x2000f94c</value>
         <object_component_ref idref="oc-ff"/>
      </symbol>
      <symbol id="sm-53e">
         <name>_unlock</name>
         <value>0x2000f950</value>
         <object_component_ref idref="oc-102"/>
      </symbol>
      <symbol id="sm-545">
         <name>__aeabi_memcpy</name>
         <value>0x2000f2c9</value>
         <object_component_ref idref="oc-3c"/>
      </symbol>
      <symbol id="sm-546">
         <name>__aeabi_memcpy4</name>
         <value>0x2000f2c9</value>
         <object_component_ref idref="oc-3c"/>
      </symbol>
      <symbol id="sm-547">
         <name>__aeabi_memcpy8</name>
         <value>0x2000f2c9</value>
         <object_component_ref idref="oc-3c"/>
      </symbol>
      <symbol id="sm-54d">
         <name>__aeabi_uldivmod</name>
         <value>0x2000f0c5</value>
         <object_component_ref idref="oc-19e"/>
      </symbol>
      <symbol id="sm-553">
         <name>__udivmoddi4</name>
         <value>0x2000d005</value>
         <object_component_ref idref="oc-1d7"/>
      </symbol>
      <symbol id="sm-55d">
         <name>__aeabi_ldiv0</name>
         <value>0x2000de33</value>
         <object_component_ref idref="oc-21d"/>
      </symbol>
      <symbol id="sm-565">
         <name>TI_memcpy_small</name>
         <value>0x2000f169</value>
         <object_component_ref idref="oc-81"/>
      </symbol>
      <symbol id="sm-566">
         <name>__TI_static_base__</name>
         <value>0x2000ffe8</value>
      </symbol>
      <symbol id="sm-569">
         <name>ITM_flush</name>
         <value>0x0</value>
      </symbol>
      <symbol id="sm-56a">
         <name>ITM_restore</name>
         <value>0x0</value>
      </symbol>
      <symbol id="sm-56b">
         <name>__mpu_init</name>
         <value>0x0</value>
      </symbol>
      <symbol id="sm-56c">
         <name>_system_post_cinit</name>
         <value>0x0</value>
      </symbol>
   </symbol_table>
   <title>Link successful</title>
</link_info>
