<?xml version="1.0" encoding="ISO-8859-1" ?>
<link_info>
   <banner>TI ARM Clang Linker Unix v3.2.1.LTS</banner>
   <copyright>Copyright (c) 1996-2018 Texas Instruments Incorporated</copyright>
   <link_time>0x66e4b5cb</link_time>
   <link_errors>0x0</link_errors>
   <output_file>/Users/victor/Desktop/CS350/M5/M5 milestone3/gpiointerrupt_CC3220S_LAUNCHXL_nortos_ticlang/MCU+Image/gpiointerrupt_CC3220S_LAUNCHXL_nortos_ticlang.out</output_file>
   <entry_point>
      <name>resetISR</name>
      <address>0x2000ed89</address>
   </entry_point>
   <input_file_list>
      <input_file id="fl-1">
         <path>/Users/victor/Desktop/CS350/M5/M5 milestone3/gpiointerrupt_CC3220S_LAUNCHXL_nortos_ticlang/MCU+Image/./</path>
         <kind>object</kind>
         <file>gpiointerrupt.o</file>
         <name>gpiointerrupt.o</name>
      </input_file>
      <input_file id="fl-2">
         <path>/Users/victor/Desktop/CS350/M5/M5 milestone3/gpiointerrupt_CC3220S_LAUNCHXL_nortos_ticlang/MCU+Image/./syscfg/</path>
         <kind>object</kind>
         <file>ti_drivers_config.o</file>
         <name>ti_drivers_config.o</name>
      </input_file>
      <input_file id="fl-3">
         <path>/Users/victor/Desktop/CS350/M5/M5 milestone3/gpiointerrupt_CC3220S_LAUNCHXL_nortos_ticlang/MCU+Image/./</path>
         <kind>object</kind>
         <file>main_nortos.o</file>
         <name>main_nortos.o</name>
      </input_file>
      <input_file id="fl-13">
         <path>/Users/victor/Desktop/CS350/M5/M5 milestone3/gpiointerrupt_CC3220S_LAUNCHXL_nortos_ticlang/MCU+Image/</path>
         <kind>object</kind>
         <file>&lt;internal&gt;</file>
         <name>&lt;internal&gt;</name>
      </input_file>
      <input_file id="fl-14">
         <path>/Users/victor/ti/simplelink_cc32xx_sdk_7_10_00_13/source/ti/drivers/lib/ticlang/m4/</path>
         <kind>archive</kind>
         <file>drivers_cc32xx.a</file>
         <name>GPIO.c.obj</name>
      </input_file>
      <input_file id="fl-15">
         <path>/Users/victor/ti/simplelink_cc32xx_sdk_7_10_00_13/source/ti/drivers/lib/ticlang/m4/</path>
         <kind>archive</kind>
         <file>drivers_cc32xx.a</file>
         <name>GPIOCC32XX.c.obj</name>
      </input_file>
      <input_file id="fl-16">
         <path>/Users/victor/ti/simplelink_cc32xx_sdk_7_10_00_13/source/ti/drivers/lib/ticlang/m4/</path>
         <kind>archive</kind>
         <file>drivers_cc32xx.a</file>
         <name>PowerCC32XX.c.obj</name>
      </input_file>
      <input_file id="fl-17">
         <path>/Users/victor/ti/simplelink_cc32xx_sdk_7_10_00_13/source/ti/drivers/lib/ticlang/m4/</path>
         <kind>archive</kind>
         <file>drivers_cc32xx.a</file>
         <name>PowerCC32XX_ticlang.asm.obj</name>
      </input_file>
      <input_file id="fl-18">
         <path>/Users/victor/ti/simplelink_cc32xx_sdk_7_10_00_13/source/ti/drivers/lib/ticlang/m4/</path>
         <kind>archive</kind>
         <file>drivers_cc32xx.a</file>
         <name>Timer.c.obj</name>
      </input_file>
      <input_file id="fl-19">
         <path>/Users/victor/ti/simplelink_cc32xx_sdk_7_10_00_13/source/ti/drivers/lib/ticlang/m4/</path>
         <kind>archive</kind>
         <file>drivers_cc32xx.a</file>
         <name>TimerCC32XX.c.obj</name>
      </input_file>
      <input_file id="fl-1a">
         <path>/Users/victor/ti/simplelink_cc32xx_sdk_7_10_00_13/source/ti/drivers/lib/ticlang/m4/</path>
         <kind>archive</kind>
         <file>drivers_cc32xx.a</file>
         <name>List.c.obj</name>
      </input_file>
      <input_file id="fl-1b">
         <path>/Users/victor/ti/simplelink_cc32xx_sdk_7_10_00_13/kernel/nortos/lib/ticlang/m4/</path>
         <kind>archive</kind>
         <file>nortos_cc32xx.a</file>
         <name>NoRTOS.c.obj</name>
      </input_file>
      <input_file id="fl-1c">
         <path>/Users/victor/ti/simplelink_cc32xx_sdk_7_10_00_13/kernel/nortos/lib/ticlang/m4/</path>
         <kind>archive</kind>
         <file>nortos_cc32xx.a</file>
         <name>SemaphoreP_nortos.c.obj</name>
      </input_file>
      <input_file id="fl-1d">
         <path>/Users/victor/ti/simplelink_cc32xx_sdk_7_10_00_13/kernel/nortos/lib/ticlang/m4/</path>
         <kind>archive</kind>
         <file>nortos_cc32xx.a</file>
         <name>ClockPSysTick_nortos.c.obj</name>
      </input_file>
      <input_file id="fl-1e">
         <path>/Users/victor/ti/simplelink_cc32xx_sdk_7_10_00_13/kernel/nortos/lib/ticlang/m4/</path>
         <kind>archive</kind>
         <file>nortos_cc32xx.a</file>
         <name>HwiPCC32XX_nortos.c.obj</name>
      </input_file>
      <input_file id="fl-1f">
         <path>/Users/victor/ti/simplelink_cc32xx_sdk_7_10_00_13/kernel/nortos/lib/ticlang/m4/</path>
         <kind>archive</kind>
         <file>nortos_cc32xx.a</file>
         <name>PowerCC32XX_nortos.c.obj</name>
      </input_file>
      <input_file id="fl-20">
         <path>/Users/victor/ti/simplelink_cc32xx_sdk_7_10_00_13/kernel/nortos/lib/ticlang/m4/</path>
         <kind>archive</kind>
         <file>nortos_cc32xx.a</file>
         <name>startup_cc32xx_ticlang.c.obj</name>
      </input_file>
      <input_file id="fl-21">
         <path>/Users/victor/ti/simplelink_cc32xx_sdk_7_10_00_13/kernel/nortos/lib/ticlang/m4/</path>
         <kind>archive</kind>
         <file>nortos_cc32xx.a</file>
         <name>SwiP_nortos.c.obj</name>
      </input_file>
      <input_file id="fl-22">
         <path>/Users/victor/ti/simplelink_cc32xx_sdk_7_10_00_13/source/ti/devices/cc32xx/driverlib/ticlang/Release/</path>
         <kind>archive</kind>
         <file>driverlib.a</file>
         <name>cpu.obj</name>
      </input_file>
      <input_file id="fl-23">
         <path>/Users/victor/ti/simplelink_cc32xx_sdk_7_10_00_13/source/ti/devices/cc32xx/driverlib/ticlang/Release/</path>
         <kind>archive</kind>
         <file>driverlib.a</file>
         <name>gpio.obj</name>
      </input_file>
      <input_file id="fl-24">
         <path>/Users/victor/ti/simplelink_cc32xx_sdk_7_10_00_13/source/ti/devices/cc32xx/driverlib/ticlang/Release/</path>
         <kind>archive</kind>
         <file>driverlib.a</file>
         <name>hwspinlock.obj</name>
      </input_file>
      <input_file id="fl-25">
         <path>/Users/victor/ti/simplelink_cc32xx_sdk_7_10_00_13/source/ti/devices/cc32xx/driverlib/ticlang/Release/</path>
         <kind>archive</kind>
         <file>driverlib.a</file>
         <name>interrupt.obj</name>
      </input_file>
      <input_file id="fl-26">
         <path>/Users/victor/ti/simplelink_cc32xx_sdk_7_10_00_13/source/ti/devices/cc32xx/driverlib/ticlang/Release/</path>
         <kind>archive</kind>
         <file>driverlib.a</file>
         <name>pin.obj</name>
      </input_file>
      <input_file id="fl-27">
         <path>/Users/victor/ti/simplelink_cc32xx_sdk_7_10_00_13/source/ti/devices/cc32xx/driverlib/ticlang/Release/</path>
         <kind>archive</kind>
         <file>driverlib.a</file>
         <name>prcm.obj</name>
      </input_file>
      <input_file id="fl-28">
         <path>/Users/victor/ti/simplelink_cc32xx_sdk_7_10_00_13/source/ti/devices/cc32xx/driverlib/ticlang/Release/</path>
         <kind>archive</kind>
         <file>driverlib.a</file>
         <name>spi.obj</name>
      </input_file>
      <input_file id="fl-29">
         <path>/Users/victor/ti/simplelink_cc32xx_sdk_7_10_00_13/source/ti/devices/cc32xx/driverlib/ticlang/Release/</path>
         <kind>archive</kind>
         <file>driverlib.a</file>
         <name>systick.obj</name>
      </input_file>
      <input_file id="fl-2a">
         <path>/Users/victor/ti/simplelink_cc32xx_sdk_7_10_00_13/source/ti/devices/cc32xx/driverlib/ticlang/Release/</path>
         <kind>archive</kind>
         <file>driverlib.a</file>
         <name>timer.obj</name>
      </input_file>
      <input_file id="fl-2b">
         <path>/Users/victor/ti/simplelink_cc32xx_sdk_7_10_00_13/source/ti/devices/cc32xx/driverlib/ticlang/Release/</path>
         <kind>archive</kind>
         <file>driverlib.a</file>
         <name>utils.obj</name>
      </input_file>
      <input_file id="fl-2c">
         <path>/Users/victor/ti/simplelink_cc32xx_sdk_7_10_00_13/source/ti/devices/cc32xx/driverlib/ticlang/Release/</path>
         <kind>archive</kind>
         <file>driverlib.a</file>
         <name>flash.obj</name>
      </input_file>
      <input_file id="fl-3b">
         <path>/Applications/ti/ccs1280/ccs/tools/compiler/ti-cgt-armllvm_3.2.1.LTS/lib/armv7em-ti-none-eabi/c/</path>
         <kind>archive</kind>
         <file>libc.a</file>
         <name>memory.c.obj</name>
      </input_file>
      <input_file id="fl-3c">
         <path>/Applications/ti/ccs1280/ccs/tools/compiler/ti-cgt-armllvm_3.2.1.LTS/lib/armv7em-ti-none-eabi/c/</path>
         <kind>archive</kind>
         <file>libc.a</file>
         <name>boot_cortex_m.c.obj</name>
      </input_file>
      <input_file id="fl-3d">
         <path>/Applications/ti/ccs1280/ccs/tools/compiler/ti-cgt-armllvm_3.2.1.LTS/lib/armv7em-ti-none-eabi/c/</path>
         <kind>archive</kind>
         <file>libc.a</file>
         <name>mathacl_init.c.obj</name>
      </input_file>
      <input_file id="fl-3e">
         <path>/Applications/ti/ccs1280/ccs/tools/compiler/ti-cgt-armllvm_3.2.1.LTS/lib/armv7em-ti-none-eabi/c/</path>
         <kind>archive</kind>
         <file>libc.a</file>
         <name>autoinit.c.obj</name>
      </input_file>
      <input_file id="fl-3f">
         <path>/Applications/ti/ccs1280/ccs/tools/compiler/ti-cgt-armllvm_3.2.1.LTS/lib/armv7em-ti-none-eabi/c/</path>
         <kind>archive</kind>
         <file>libc.a</file>
         <name>pre_init.c.obj</name>
      </input_file>
      <input_file id="fl-40">
         <path>/Applications/ti/ccs1280/ccs/tools/compiler/ti-cgt-armllvm_3.2.1.LTS/lib/armv7em-ti-none-eabi/c/</path>
         <kind>archive</kind>
         <file>libc.a</file>
         <name>cpy_tbl.c.obj</name>
      </input_file>
      <input_file id="fl-41">
         <path>/Applications/ti/ccs1280/ccs/tools/compiler/ti-cgt-armllvm_3.2.1.LTS/lib/armv7em-ti-none-eabi/c/</path>
         <kind>archive</kind>
         <file>libc.a</file>
         <name>copy_zero_init.c.obj</name>
      </input_file>
      <input_file id="fl-42">
         <path>/Applications/ti/ccs1280/ccs/tools/compiler/ti-cgt-armllvm_3.2.1.LTS/lib/armv7em-ti-none-eabi/c/</path>
         <kind>archive</kind>
         <file>libc.a</file>
         <name>copy_decompress_none.c.obj</name>
      </input_file>
      <input_file id="fl-43">
         <path>/Applications/ti/ccs1280/ccs/tools/compiler/ti-cgt-armllvm_3.2.1.LTS/lib/armv7em-ti-none-eabi/c/</path>
         <kind>archive</kind>
         <file>libc.a</file>
         <name>copy_decompress_lzss.c.obj</name>
      </input_file>
      <input_file id="fl-44">
         <path>/Applications/ti/ccs1280/ccs/tools/compiler/ti-cgt-armllvm_3.2.1.LTS/lib/armv7em-ti-none-eabi/c/</path>
         <kind>archive</kind>
         <file>libc.a</file>
         <name>exit.c.obj</name>
      </input_file>
      <input_file id="fl-45">
         <path>/Applications/ti/ccs1280/ccs/tools/compiler/ti-cgt-armllvm_3.2.1.LTS/lib/armv7em-ti-none-eabi/c/</path>
         <kind>archive</kind>
         <file>libc.a</file>
         <name>_lock.c.obj</name>
      </input_file>
      <input_file id="fl-46">
         <path>/Applications/ti/ccs1280/ccs/tools/compiler/ti-cgt-armllvm_3.2.1.LTS/lib/armv7em-ti-none-eabi/c/</path>
         <kind>archive</kind>
         <file>libc.a</file>
         <name>args_main.c.obj</name>
      </input_file>
      <input_file id="fl-ac">
         <path>/Applications/ti/ccs1280/ccs/tools/compiler/ti-cgt-armllvm_3.2.1.LTS/lib/clang/15.0.7/lib/armv7em-ti-none-eabi/</path>
         <kind>archive</kind>
         <file>libclang_rt.builtins.a</file>
         <name>aeabi_memcpy.S.obj</name>
      </input_file>
      <input_file id="fl-ad">
         <path>/Applications/ti/ccs1280/ccs/tools/compiler/ti-cgt-armllvm_3.2.1.LTS/lib/clang/15.0.7/lib/armv7em-ti-none-eabi/</path>
         <kind>archive</kind>
         <file>libclang_rt.builtins.a</file>
         <name>aeabi_memset.S.obj</name>
      </input_file>
      <input_file id="fl-ae">
         <path>/Applications/ti/ccs1280/ccs/tools/compiler/ti-cgt-armllvm_3.2.1.LTS/lib/clang/15.0.7/lib/armv7em-ti-none-eabi/</path>
         <kind>archive</kind>
         <file>libclang_rt.builtins.a</file>
         <name>aeabi_uldivmod.S.obj</name>
      </input_file>
      <input_file id="fl-af">
         <path>/Applications/ti/ccs1280/ccs/tools/compiler/ti-cgt-armllvm_3.2.1.LTS/lib/clang/15.0.7/lib/armv7em-ti-none-eabi/</path>
         <kind>archive</kind>
         <file>libclang_rt.builtins.a</file>
         <name>udivmoddi4.S.obj</name>
      </input_file>
      <input_file id="fl-b0">
         <path>/Applications/ti/ccs1280/ccs/tools/compiler/ti-cgt-armllvm_3.2.1.LTS/lib/clang/15.0.7/lib/armv7em-ti-none-eabi/</path>
         <kind>archive</kind>
         <file>libclang_rt.builtins.a</file>
         <name>aeabi_div0.c.obj</name>
      </input_file>
      <input_file id="fl-b1">
         <path>/Applications/ti/ccs1280/ccs/tools/compiler/ti-cgt-armllvm_3.2.1.LTS/lib/armv7em-ti-none-eabi/c/</path>
         <kind>archive</kind>
         <file>libc.a</file>
         <name>memcpy_t2.S.obj</name>
      </input_file>
      <input_file id="fl-b2">
         <path>/Applications/ti/ccs1280/ccs/tools/compiler/ti-cgt-armllvm_3.2.1.LTS/lib/armv7em-ti-none-eabi/c/</path>
         <kind>archive</kind>
         <file>libc.a</file>
         <name>memset_t2.S.obj</name>
      </input_file>
   </input_file_list>
   <object_component_list>
      <object_component id="oc-d2">
         <name>.text.PRCMCC3200MCUInit</name>
         <load_address>0x2000c040</load_address>
         <readonly>true</readonly>
         <executable>true</executable>
         <run_address>0x2000c040</run_address>
         <size>0x4b8</size>
         <alignment>0x2</alignment>
         <input_file_ref idref="fl-27"/>
      </object_component>
      <object_component id="oc-1c2">
         <name>.text.Power_sleep</name>
         <load_address>0x2000c4f8</load_address>
         <readonly>true</readonly>
         <executable>true</executable>
         <run_address>0x2000c4f8</run_address>
         <size>0x3e4</size>
         <alignment>0x4</alignment>
         <input_file_ref idref="fl-16"/>
      </object_component>
      <object_component id="oc-172">
         <name>.text.PowerCC32XX_sleepPolicy</name>
         <load_address>0x2000c8dc</load_address>
         <readonly>true</readonly>
         <executable>true</executable>
         <run_address>0x2000c8dc</run_address>
         <size>0x150</size>
         <alignment>0x4</alignment>
         <input_file_ref idref="fl-1f"/>
      </object_component>
      <object_component id="oc-13d">
         <name>.text.Timer_open</name>
         <load_address>0x2000ca2c</load_address>
         <readonly>true</readonly>
         <executable>true</executable>
         <run_address>0x2000ca2c</run_address>
         <size>0x148</size>
         <alignment>0x4</alignment>
         <input_file_ref idref="fl-19"/>
      </object_component>
      <object_component id="oc-f5">
         <name>.text.GPIO_setConfig</name>
         <load_address>0x2000cb74</load_address>
         <readonly>true</readonly>
         <executable>true</executable>
         <run_address>0x2000cb74</run_address>
         <size>0x140</size>
         <alignment>0x4</alignment>
         <input_file_ref idref="fl-15"/>
      </object_component>
      <object_component id="oc-1ea">
         <name>.text.aligned_alloc</name>
         <load_address>0x2000ccb4</load_address>
         <readonly>true</readonly>
         <executable>true</executable>
         <run_address>0x2000ccb4</run_address>
         <size>0x120</size>
         <alignment>0x4</alignment>
         <input_file_ref idref="fl-3b"/>
      </object_component>
      <object_component id="oc-179">
         <name>.text.free</name>
         <load_address>0x2000cdd4</load_address>
         <readonly>true</readonly>
         <executable>true</executable>
         <run_address>0x2000cdd4</run_address>
         <size>0xf0</size>
         <alignment>0x4</alignment>
         <input_file_ref idref="fl-3b"/>
      </object_component>
      <object_component id="oc-233">
         <name>.text.IntDisable</name>
         <load_address>0x2000cec4</load_address>
         <readonly>true</readonly>
         <executable>true</executable>
         <run_address>0x2000cec4</run_address>
         <size>0xc8</size>
         <alignment>0x2</alignment>
         <input_file_ref idref="fl-25"/>
      </object_component>
      <object_component id="oc-1ed">
         <name>.text.IntEnable</name>
         <load_address>0x2000cf8c</load_address>
         <readonly>true</readonly>
         <executable>true</executable>
         <run_address>0x2000cf8c</run_address>
         <size>0xc8</size>
         <alignment>0x2</alignment>
         <input_file_ref idref="fl-25"/>
      </object_component>
      <object_component id="oc-1f7">
         <name>.text</name>
         <load_address>0x2000d054</load_address>
         <readonly>true</readonly>
         <executable>true</executable>
         <run_address>0x2000d054</run_address>
         <size>0xb0</size>
         <alignment>0x4</alignment>
         <input_file_ref idref="fl-af"/>
      </object_component>
      <object_component id="oc-1a7">
         <name>.text.GPIOIntTypeSet</name>
         <load_address>0x2000d104</load_address>
         <readonly>true</readonly>
         <executable>true</executable>
         <run_address>0x2000d104</run_address>
         <size>0xac</size>
         <alignment>0x2</alignment>
         <input_file_ref idref="fl-23"/>
      </object_component>
      <object_component id="oc-22f">
         <name>.text.IntPendSet</name>
         <load_address>0x2000d1b0</load_address>
         <readonly>true</readonly>
         <executable>true</executable>
         <run_address>0x2000d1b0</run_address>
         <size>0xa4</size>
         <alignment>0x2</alignment>
         <input_file_ref idref="fl-25"/>
      </object_component>
      <object_component id="oc-14f">
         <name>.text.PinConfigSet</name>
         <load_address>0x2000d254</load_address>
         <readonly>true</readonly>
         <executable>true</executable>
         <run_address>0x2000d254</run_address>
         <size>0xa2</size>
         <alignment>0x2</alignment>
         <input_file_ref idref="fl-26"/>
      </object_component>
      <object_component id="oc-e2">
         <name>.text.Board_initHook</name>
         <load_address>0x2000d2f6</load_address>
         <readonly>true</readonly>
         <executable>true</executable>
         <run_address>0x2000d2f6</run_address>
         <size>0x2</size>
         <alignment>0x2</alignment>
         <input_file_ref idref="fl-2"/>
      </object_component>
      <object_component id="oc-128">
         <name>.text.SemaphoreP_pend</name>
         <load_address>0x2000d2f8</load_address>
         <readonly>true</readonly>
         <executable>true</executable>
         <run_address>0x2000d2f8</run_address>
         <size>0x98</size>
         <alignment>0x4</alignment>
         <input_file_ref idref="fl-1c"/>
      </object_component>
      <object_component id="oc-204">
         <name>.text</name>
         <load_address>0x2000d390</load_address>
         <readonly>true</readonly>
         <executable>true</executable>
         <run_address>0x2000d390</run_address>
         <size>0x96</size>
         <alignment>0x10</alignment>
         <input_file_ref idref="fl-17"/>
      </object_component>
      <object_component id="oc-16d">
         <name>.text.PowerCC32XX_initPolicy</name>
         <load_address>0x2000d426</load_address>
         <readonly>true</readonly>
         <executable>true</executable>
         <run_address>0x2000d426</run_address>
         <size>0x2</size>
         <alignment>0x2</alignment>
         <input_file_ref idref="fl-1f"/>
      </object_component>
      <object_component id="oc-dc">
         <name>.text.GPIO_init</name>
         <load_address>0x2000d428</load_address>
         <readonly>true</readonly>
         <executable>true</executable>
         <run_address>0x2000d428</run_address>
         <size>0x90</size>
         <alignment>0x4</alignment>
         <input_file_ref idref="fl-15"/>
      </object_component>
      <object_component id="oc-107">
         <name>.text.PRCMSysResetCauseGet</name>
         <load_address>0x2000d4b8</load_address>
         <readonly>true</readonly>
         <executable>true</executable>
         <run_address>0x2000d4b8</run_address>
         <size>0x8e</size>
         <alignment>0x2</alignment>
         <input_file_ref idref="fl-27"/>
      </object_component>
      <object_component id="oc-1d8">
         <name>.text.SemaphoreP_destruct</name>
         <load_address>0x2000d546</load_address>
         <readonly>true</readonly>
         <executable>true</executable>
         <run_address>0x2000d546</run_address>
         <size>0x2</size>
         <alignment>0x2</alignment>
         <input_file_ref idref="fl-1c"/>
      </object_component>
      <object_component id="oc-119">
         <name>.text.PowerCC32XX_configureWakeup</name>
         <load_address>0x2000d548</load_address>
         <readonly>true</readonly>
         <executable>true</executable>
         <run_address>0x2000d548</run_address>
         <size>0x88</size>
         <alignment>0x4</alignment>
         <input_file_ref idref="fl-16"/>
      </object_component>
      <object_component id="oc-d7">
         <name>.text.Power_init</name>
         <load_address>0x2000d5d0</load_address>
         <readonly>true</readonly>
         <executable>true</executable>
         <run_address>0x2000d5d0</run_address>
         <size>0x78</size>
         <alignment>0x4</alignment>
         <input_file_ref idref="fl-16"/>
      </object_component>
      <object_component id="oc-b0">
         <name>.text.mainThread</name>
         <load_address>0x2000d648</load_address>
         <readonly>true</readonly>
         <executable>true</executable>
         <run_address>0x2000d648</run_address>
         <size>0x78</size>
         <alignment>0x4</alignment>
         <input_file_ref idref="fl-1"/>
      </object_component>
      <object_component id="oc-1a6">
         <name>.text.HwiP_construct</name>
         <load_address>0x2000d6c0</load_address>
         <readonly>true</readonly>
         <executable>true</executable>
         <run_address>0x2000d6c0</run_address>
         <size>0x74</size>
         <alignment>0x4</alignment>
         <input_file_ref idref="fl-1e"/>
      </object_component>
      <object_component id="oc-16a">
         <name>.text.PRCMHibernateWakeUpGPIOSelect</name>
         <load_address>0x2000d734</load_address>
         <readonly>true</readonly>
         <executable>true</executable>
         <run_address>0x2000d734</run_address>
         <size>0x74</size>
         <alignment>0x2</alignment>
         <input_file_ref idref="fl-27"/>
      </object_component>
      <object_component id="oc-18">
         <name>.text:decompress:lzss</name>
         <load_address>0x2000d7a8</load_address>
         <readonly>true</readonly>
         <executable>true</executable>
         <run_address>0x2000d7a8</run_address>
         <size>0x70</size>
         <alignment>0x2</alignment>
         <input_file_ref idref="fl-43"/>
      </object_component>
      <object_component id="oc-201">
         <name>.text.PinLockLevelSet</name>
         <load_address>0x2000d818</load_address>
         <readonly>true</readonly>
         <executable>true</executable>
         <run_address>0x2000d818</run_address>
         <size>0x6c</size>
         <alignment>0x2</alignment>
         <input_file_ref idref="fl-26"/>
      </object_component>
      <object_component id="oc-150">
         <name>.text.Power_setDependency</name>
         <load_address>0x2000d884</load_address>
         <readonly>true</readonly>
         <executable>true</executable>
         <run_address>0x2000d884</run_address>
         <size>0x6c</size>
         <alignment>0x4</alignment>
         <input_file_ref idref="fl-16"/>
      </object_component>
      <object_component id="oc-12f">
         <name>.text.powerNotifyFxn</name>
         <load_address>0x2000d8f0</load_address>
         <readonly>true</readonly>
         <executable>true</executable>
         <run_address>0x2000d8f0</run_address>
         <size>0x6c</size>
         <alignment>0x4</alignment>
         <input_file_ref idref="fl-15"/>
      </object_component>
      <object_component id="oc-219">
         <name>.text.split</name>
         <load_address>0x2000d95c</load_address>
         <readonly>true</readonly>
         <executable>true</executable>
         <run_address>0x2000d95c</run_address>
         <size>0x6c</size>
         <alignment>0x4</alignment>
         <input_file_ref idref="fl-3b"/>
      </object_component>
      <object_component id="oc-10f">
         <name>.text.PRCMPeripheralReset</name>
         <load_address>0x2000d9c8</load_address>
         <readonly>true</readonly>
         <executable>true</executable>
         <run_address>0x2000d9c8</run_address>
         <size>0x6a</size>
         <alignment>0x2</alignment>
         <input_file_ref idref="fl-27"/>
      </object_component>
      <object_component id="oc-214">
         <name>.text.IntPendClear</name>
         <load_address>0x2000da32</load_address>
         <readonly>true</readonly>
         <executable>true</executable>
         <run_address>0x2000da32</run_address>
         <size>0x68</size>
         <alignment>0x2</alignment>
         <input_file_ref idref="fl-25"/>
      </object_component>
      <object_component id="oc-136">
         <name>.text.Timer_init</name>
         <load_address>0x2000da9a</load_address>
         <readonly>true</readonly>
         <executable>true</executable>
         <run_address>0x2000da9a</run_address>
         <size>0x2</size>
         <alignment>0x2</alignment>
         <input_file_ref idref="fl-18"/>
      </object_component>
      <object_component id="oc-ee">
         <name>.text.GPIO_write</name>
         <load_address>0x2000da9c</load_address>
         <readonly>true</readonly>
         <executable>true</executable>
         <run_address>0x2000da9c</run_address>
         <size>0x60</size>
         <alignment>0x4</alignment>
         <input_file_ref idref="fl-15"/>
      </object_component>
      <object_component id="oc-144">
         <name>.text.timerCallback</name>
         <load_address>0x2000dafc</load_address>
         <readonly>true</readonly>
         <executable>true</executable>
         <run_address>0x2000dafc</run_address>
         <size>0x60</size>
         <alignment>0x4</alignment>
         <input_file_ref idref="fl-1"/>
      </object_component>
      <object_component id="oc-22a">
         <name>.text.FlashDisable</name>
         <load_address>0x2000db5c</load_address>
         <readonly>true</readonly>
         <executable>true</executable>
         <run_address>0x2000db5c</run_address>
         <size>0x5c</size>
         <alignment>0x2</alignment>
         <input_file_ref idref="fl-2c"/>
      </object_component>
      <object_component id="oc-16c">
         <name>.text.PRCMHibernateWakeupSourceDisable</name>
         <load_address>0x2000dbb8</load_address>
         <readonly>true</readonly>
         <executable>true</executable>
         <run_address>0x2000dbb8</run_address>
         <size>0x5c</size>
         <alignment>0x2</alignment>
         <input_file_ref idref="fl-27"/>
      </object_component>
      <object_component id="oc-191">
         <name>.text.TimerCC32XX_allocateTimerResource</name>
         <load_address>0x2000dc14</load_address>
         <readonly>true</readonly>
         <executable>true</executable>
         <run_address>0x2000dc14</run_address>
         <size>0x5c</size>
         <alignment>0x4</alignment>
         <input_file_ref idref="fl-19"/>
      </object_component>
      <object_component id="oc-10e">
         <name>.text.PRCMPeripheralClkEnable</name>
         <load_address>0x2000dc70</load_address>
         <readonly>true</readonly>
         <executable>true</executable>
         <run_address>0x2000dc70</run_address>
         <size>0x5a</size>
         <alignment>0x2</alignment>
         <input_file_ref idref="fl-27"/>
      </object_component>
      <object_component id="oc-21e">
         <name>.text.__aeabi_ldiv0</name>
         <load_address>0x2000dcca</load_address>
         <readonly>true</readonly>
         <executable>true</executable>
         <run_address>0x2000dcca</run_address>
         <size>0x2</size>
         <alignment>0x2</alignment>
         <input_file_ref idref="fl-b0"/>
      </object_component>
      <object_component id="oc-1f5">
         <name>.text.ClockP_startup</name>
         <load_address>0x2000dccc</load_address>
         <readonly>true</readonly>
         <executable>true</executable>
         <run_address>0x2000dccc</run_address>
         <size>0x58</size>
         <alignment>0x4</alignment>
         <input_file_ref idref="fl-1d"/>
      </object_component>
      <object_component id="oc-1ec">
         <name>.text.IntPrioritySet</name>
         <load_address>0x2000dd24</load_address>
         <readonly>true</readonly>
         <executable>true</executable>
         <run_address>0x2000dd24</run_address>
         <size>0x58</size>
         <alignment>0x2</alignment>
         <input_file_ref idref="fl-25"/>
      </object_component>
      <object_component id="oc-20e">
         <name>.text.PRCMLPDSEnter</name>
         <load_address>0x2000dd7c</load_address>
         <readonly>true</readonly>
         <executable>true</executable>
         <run_address>0x2000dd7c</run_address>
         <size>0x56</size>
         <alignment>0x2</alignment>
         <input_file_ref idref="fl-27"/>
      </object_component>
      <object_component id="oc-158">
         <name>.text._nop</name>
         <load_address>0x2000ddd2</load_address>
         <readonly>true</readonly>
         <executable>true</executable>
         <run_address>0x2000ddd2</run_address>
         <size>0x2</size>
         <alignment>0x2</alignment>
         <input_file_ref idref="fl-45"/>
      </object_component>
      <object_component id="oc-18c">
         <name>.text.PowerCC32XX_setParkState</name>
         <load_address>0x2000ddd4</load_address>
         <readonly>true</readonly>
         <executable>true</executable>
         <run_address>0x2000ddd4</run_address>
         <size>0x54</size>
         <alignment>0x4</alignment>
         <input_file_ref idref="fl-16"/>
      </object_component>
      <object_component id="oc-216">
         <name>.text.Power_releaseDependency</name>
         <load_address>0x2000de28</load_address>
         <readonly>true</readonly>
         <executable>true</executable>
         <run_address>0x2000de28</run_address>
         <size>0x54</size>
         <alignment>0x4</alignment>
         <input_file_ref idref="fl-16"/>
      </object_component>
      <object_component id="oc-157">
         <name>.text.GPIO_hwiIntFxn</name>
         <load_address>0x2000de7c</load_address>
         <readonly>true</readonly>
         <executable>true</executable>
         <run_address>0x2000de7c</run_address>
         <size>0x50</size>
         <alignment>0x4</alignment>
         <input_file_ref idref="fl-15"/>
      </object_component>
      <object_component id="oc-16b">
         <name>.text.PRCMHibernateWakeupSourceEnable</name>
         <load_address>0x2000decc</load_address>
         <readonly>true</readonly>
         <executable>true</executable>
         <run_address>0x2000decc</run_address>
         <size>0x50</size>
         <alignment>0x2</alignment>
         <input_file_ref idref="fl-27"/>
      </object_component>
      <object_component id="oc-1cb">
         <name>.text.SemaphoreP_construct</name>
         <load_address>0x2000df1c</load_address>
         <readonly>true</readonly>
         <executable>true</executable>
         <run_address>0x2000df1c</run_address>
         <size>0x50</size>
         <alignment>0x4</alignment>
         <input_file_ref idref="fl-1c"/>
      </object_component>
      <object_component id="oc-154">
         <name>.text.GPIO_setInterruptConfig</name>
         <load_address>0x2000df6c</load_address>
         <readonly>true</readonly>
         <executable>true</executable>
         <run_address>0x2000df6c</run_address>
         <size>0x4c</size>
         <alignment>0x4</alignment>
         <input_file_ref idref="fl-15"/>
      </object_component>
      <object_component id="oc-228">
         <name>.text.PRCMLPDSRestoreInfoSet</name>
         <load_address>0x2000dfb8</load_address>
         <readonly>true</readonly>
         <executable>true</executable>
         <run_address>0x2000dfb8</run_address>
         <size>0x4c</size>
         <alignment>0x2</alignment>
         <input_file_ref idref="fl-27"/>
      </object_component>
      <object_component id="oc-196">
         <name>.text.initHw</name>
         <load_address>0x2000e004</load_address>
         <readonly>true</readonly>
         <executable>true</executable>
         <run_address>0x2000e004</run_address>
         <size>0x4c</size>
         <alignment>0x2</alignment>
         <input_file_ref idref="fl-19"/>
      </object_component>
      <object_component id="oc-195">
         <name>.text.getPrescaler</name>
         <load_address>0x2000e050</load_address>
         <readonly>true</readonly>
         <executable>true</executable>
         <run_address>0x2000e050</run_address>
         <size>0x4a</size>
         <alignment>0x2</alignment>
         <input_file_ref idref="fl-19"/>
      </object_component>
      <object_component id="oc-57">
         <name>.text.busFaultHandler</name>
         <load_address>0x2000e09a</load_address>
         <readonly>true</readonly>
         <executable>true</executable>
         <run_address>0x2000e09a</run_address>
         <size>0x2</size>
         <alignment>0x2</alignment>
         <input_file_ref idref="fl-20"/>
      </object_component>
      <object_component id="oc-58">
         <name>.text.ClockP_sysTickHandler</name>
         <load_address>0x2000e09c</load_address>
         <readonly>true</readonly>
         <executable>true</executable>
         <run_address>0x2000e09c</run_address>
         <size>0x48</size>
         <alignment>0x4</alignment>
         <input_file_ref idref="fl-1d"/>
      </object_component>
      <object_component id="oc-208">
         <name>.text.PRCMIntEnable</name>
         <load_address>0x2000e0e4</load_address>
         <readonly>true</readonly>
         <executable>true</executable>
         <run_address>0x2000e0e4</run_address>
         <size>0x48</size>
         <alignment>0x2</alignment>
         <input_file_ref idref="fl-27"/>
      </object_component>
      <object_component id="oc-1a4">
         <name>.text.PRCMPeripheralStatusGet</name>
         <load_address>0x2000e12c</load_address>
         <readonly>true</readonly>
         <executable>true</executable>
         <run_address>0x2000e12c</run_address>
         <size>0x48</size>
         <alignment>0x2</alignment>
         <input_file_ref idref="fl-27"/>
      </object_component>
      <object_component id="oc-225">
         <name>.text.PinConfigGet</name>
         <load_address>0x2000e174</load_address>
         <readonly>true</readonly>
         <executable>true</executable>
         <run_address>0x2000e174</run_address>
         <size>0x48</size>
         <alignment>0x2</alignment>
         <input_file_ref idref="fl-26"/>
      </object_component>
      <object_component id="oc-20d">
         <name>.text.PRCMLPDSEnterKeepDebugIf</name>
         <load_address>0x2000e1bc</load_address>
         <readonly>true</readonly>
         <executable>true</executable>
         <run_address>0x2000e1bc</run_address>
         <size>0x46</size>
         <alignment>0x2</alignment>
         <input_file_ref idref="fl-27"/>
      </object_component>
      <object_component id="oc-153">
         <name>.text.GPIODirModeSet</name>
         <load_address>0x2000e202</load_address>
         <readonly>true</readonly>
         <executable>true</executable>
         <run_address>0x2000e202</run_address>
         <size>0x44</size>
         <alignment>0x2</alignment>
         <input_file_ref idref="fl-23"/>
      </object_component>
      <object_component id="oc-180">
         <name>.text.clkFxn</name>
         <load_address>0x2000e246</load_address>
         <readonly>true</readonly>
         <executable>true</executable>
         <run_address>0x2000e246</run_address>
         <size>0x2</size>
         <alignment>0x2</alignment>
         <input_file_ref idref="fl-1c"/>
      </object_component>
      <object_component id="oc-1a8">
         <name>.text.GPIO_disableInt</name>
         <load_address>0x2000e248</load_address>
         <readonly>true</readonly>
         <executable>true</executable>
         <run_address>0x2000e248</run_address>
         <size>0x44</size>
         <alignment>0x4</alignment>
         <input_file_ref idref="fl-15"/>
      </object_component>
      <object_component id="oc-f4">
         <name>.text.GPIO_enableInt</name>
         <load_address>0x2000e28c</load_address>
         <readonly>true</readonly>
         <executable>true</executable>
         <run_address>0x2000e28c</run_address>
         <size>0x44</size>
         <alignment>0x4</alignment>
         <input_file_ref idref="fl-15"/>
      </object_component>
      <object_component id="oc-231">
         <name>.text.Power_releaseConstraint</name>
         <load_address>0x2000e2d0</load_address>
         <readonly>true</readonly>
         <executable>true</executable>
         <run_address>0x2000e2d0</run_address>
         <size>0x44</size>
         <alignment>0x4</alignment>
         <input_file_ref idref="fl-16"/>
      </object_component>
      <object_component id="oc-143">
         <name>.text.Timer_start</name>
         <load_address>0x2000e314</load_address>
         <readonly>true</readonly>
         <executable>true</executable>
         <run_address>0x2000e314</run_address>
         <size>0x44</size>
         <alignment>0x2</alignment>
         <input_file_ref idref="fl-18"/>
      </object_component>
      <object_component id="oc-7d">
         <name>.text.addToList</name>
         <load_address>0x2000e358</load_address>
         <readonly>true</readonly>
         <executable>true</executable>
         <run_address>0x2000e358</run_address>
         <size>0x44</size>
         <alignment>0x4</alignment>
         <input_file_ref idref="fl-1d"/>
      </object_component>
      <object_component id="oc-116">
         <name>.text.PinModeSet</name>
         <load_address>0x2000e39c</load_address>
         <readonly>true</readonly>
         <executable>true</executable>
         <run_address>0x2000e39c</run_address>
         <size>0x42</size>
         <alignment>0x2</alignment>
         <input_file_ref idref="fl-26"/>
      </object_component>
      <object_component id="oc-1e1">
         <name>.text.TimerControlStall</name>
         <load_address>0x2000e3de</load_address>
         <readonly>true</readonly>
         <executable>true</executable>
         <run_address>0x2000e3de</run_address>
         <size>0x42</size>
         <alignment>0x2</alignment>
         <input_file_ref idref="fl-2a"/>
      </object_component>
      <object_component id="oc-194">
         <name>.text.Timer_close</name>
         <load_address>0x2000e420</load_address>
         <readonly>true</readonly>
         <executable>true</executable>
         <run_address>0x2000e420</run_address>
         <size>0x42</size>
         <alignment>0x2</alignment>
         <input_file_ref idref="fl-19"/>
      </object_component>
      <object_component id="oc-1b7">
         <name>.text.getCountsRTC</name>
         <load_address>0x2000e462</load_address>
         <readonly>true</readonly>
         <executable>true</executable>
         <run_address>0x2000e462</run_address>
         <size>0x42</size>
         <alignment>0x2</alignment>
         <input_file_ref idref="fl-1f"/>
      </object_component>
      <object_component id="oc-12a">
         <name>.text.SemaphoreP_post</name>
         <load_address>0x2000e4a4</load_address>
         <readonly>true</readonly>
         <executable>true</executable>
         <run_address>0x2000e4a4</run_address>
         <size>0x40</size>
         <alignment>0x4</alignment>
         <input_file_ref idref="fl-1c"/>
      </object_component>
      <object_component id="oc-1d4">
         <name>.text.Timer_stop</name>
         <load_address>0x2000e4e4</load_address>
         <readonly>true</readonly>
         <executable>true</executable>
         <run_address>0x2000e4e4</run_address>
         <size>0x40</size>
         <alignment>0x2</alignment>
         <input_file_ref idref="fl-18"/>
      </object_component>
      <object_component id="oc-227">
         <name>.text.PinDirModeSet</name>
         <load_address>0x2000e524</load_address>
         <readonly>true</readonly>
         <executable>true</executable>
         <run_address>0x2000e524</run_address>
         <size>0x3e</size>
         <alignment>0x2</alignment>
         <input_file_ref idref="fl-26"/>
      </object_component>
      <object_component id="oc-56">
         <name>.text.defaultHandler</name>
         <load_address>0x2000e562</load_address>
         <readonly>true</readonly>
         <executable>true</executable>
         <run_address>0x2000e562</run_address>
         <size>0x2</size>
         <alignment>0x2</alignment>
         <input_file_ref idref="fl-20"/>
      </object_component>
      <object_component id="oc-1cf">
         <name>.text.ClockP_stop</name>
         <load_address>0x2000e564</load_address>
         <readonly>true</readonly>
         <executable>true</executable>
         <run_address>0x2000e564</run_address>
         <size>0x3c</size>
         <alignment>0x4</alignment>
         <input_file_ref idref="fl-1d"/>
      </object_component>
      <object_component id="oc-ed">
         <name>.text.initTimer</name>
         <load_address>0x2000e5a0</load_address>
         <readonly>true</readonly>
         <executable>true</executable>
         <run_address>0x2000e5a0</run_address>
         <size>0x3c</size>
         <alignment>0x4</alignment>
         <input_file_ref idref="fl-1"/>
      </object_component>
      <object_component id="oc-19e">
         <name>.text.TimerSupport_timerEnable</name>
         <load_address>0x2000e5dc</load_address>
         <readonly>true</readonly>
         <executable>true</executable>
         <run_address>0x2000e5dc</run_address>
         <size>0x3a</size>
         <alignment>0x2</alignment>
         <input_file_ref idref="fl-19"/>
      </object_component>
      <object_component id="oc-55">
         <name>.text.faultISR</name>
         <load_address>0x2000e616</load_address>
         <readonly>true</readonly>
         <executable>true</executable>
         <run_address>0x2000e616</run_address>
         <size>0x2</size>
         <alignment>0x2</alignment>
         <input_file_ref idref="fl-20"/>
      </object_component>
      <object_component id="oc-17f">
         <name>.text.ClockP_destruct</name>
         <load_address>0x2000e618</load_address>
         <readonly>true</readonly>
         <executable>true</executable>
         <run_address>0x2000e618</run_address>
         <size>0x38</size>
         <alignment>0x4</alignment>
         <input_file_ref idref="fl-1d"/>
      </object_component>
      <object_component id="oc-1e6">
         <name>.text.Power_setConstraint</name>
         <load_address>0x2000e650</load_address>
         <readonly>true</readonly>
         <executable>true</executable>
         <run_address>0x2000e650</run_address>
         <size>0x38</size>
         <alignment>0x4</alignment>
         <input_file_ref idref="fl-16"/>
      </object_component>
      <object_component id="oc-1c8">
         <name>.text.SwiP_restore</name>
         <load_address>0x2000e688</load_address>
         <readonly>true</readonly>
         <executable>true</executable>
         <run_address>0x2000e688</run_address>
         <size>0x38</size>
         <alignment>0x4</alignment>
         <input_file_ref idref="fl-21"/>
      </object_component>
      <object_component id="oc-19f">
         <name>.text.setMorseLEDs</name>
         <load_address>0x2000e6c0</load_address>
         <readonly>true</readonly>
         <executable>true</executable>
         <run_address>0x2000e6c0</run_address>
         <size>0x38</size>
         <alignment>0x4</alignment>
         <input_file_ref idref="fl-1"/>
      </object_component>
      <object_component id="oc-bf">
         <name>.text:__TI_auto_init_nobinit_nopinit</name>
         <load_address>0x2000e6f8</load_address>
         <readonly>true</readonly>
         <executable>true</executable>
         <run_address>0x2000e6f8</run_address>
         <size>0x38</size>
         <alignment>0x4</alignment>
         <input_file_ref idref="fl-3e"/>
      </object_component>
      <object_component id="oc-203">
         <name>.text.PinLock</name>
         <load_address>0x2000e730</load_address>
         <readonly>true</readonly>
         <executable>true</executable>
         <run_address>0x2000e730</run_address>
         <size>0x36</size>
         <alignment>0x2</alignment>
         <input_file_ref idref="fl-26"/>
      </object_component>
      <object_component id="oc-19b">
         <name>.text.TimerCC32XX_hwiIntFunction</name>
         <load_address>0x2000e766</load_address>
         <readonly>true</readonly>
         <executable>true</executable>
         <run_address>0x2000e766</run_address>
         <size>0x36</size>
         <alignment>0x2</alignment>
         <input_file_ref idref="fl-19"/>
      </object_component>
      <object_component id="oc-17c">
         <name>.text.ClockP_start</name>
         <load_address>0x2000e79c</load_address>
         <readonly>true</readonly>
         <executable>true</executable>
         <run_address>0x2000e79c</run_address>
         <size>0x34</size>
         <alignment>0x4</alignment>
         <input_file_ref idref="fl-1d"/>
      </object_component>
      <object_component id="oc-226">
         <name>.text.PinDirModeGet</name>
         <load_address>0x2000e7d0</load_address>
         <readonly>true</readonly>
         <executable>true</executable>
         <run_address>0x2000e7d0</run_address>
         <size>0x34</size>
         <alignment>0x2</alignment>
         <input_file_ref idref="fl-26"/>
      </object_component>
      <object_component id="oc-111">
         <name>.text.PinModeGet</name>
         <load_address>0x2000e804</load_address>
         <readonly>true</readonly>
         <executable>true</executable>
         <run_address>0x2000e804</run_address>
         <size>0x34</size>
         <alignment>0x2</alignment>
         <input_file_ref idref="fl-26"/>
      </object_component>
      <object_component id="oc-200">
         <name>.text.PowerCC32XX_parkPin</name>
         <load_address>0x2000e838</load_address>
         <readonly>true</readonly>
         <executable>true</executable>
         <run_address>0x2000e838</run_address>
         <size>0x34</size>
         <alignment>0x2</alignment>
         <input_file_ref idref="fl-16"/>
      </object_component>
      <object_component id="oc-1d9">
         <name>.text.TimerCC32XX_freeTimerResource</name>
         <load_address>0x2000e86c</load_address>
         <readonly>true</readonly>
         <executable>true</executable>
         <run_address>0x2000e86c</run_address>
         <size>0x34</size>
         <alignment>0x4</alignment>
         <input_file_ref idref="fl-19"/>
      </object_component>
      <object_component id="oc-4f">
         <name>.text.initVectors</name>
         <load_address>0x2000e8a0</load_address>
         <readonly>true</readonly>
         <executable>true</executable>
         <run_address>0x2000e8a0</run_address>
         <size>0x34</size>
         <alignment>0x4</alignment>
         <input_file_ref idref="fl-20"/>
      </object_component>
      <object_component id="oc-1b4">
         <name>.text.ClockP_getTicksUntilInterrupt</name>
         <load_address>0x2000e8d4</load_address>
         <readonly>true</readonly>
         <executable>true</executable>
         <run_address>0x2000e8d4</run_address>
         <size>0x30</size>
         <alignment>0x4</alignment>
         <input_file_ref idref="fl-1d"/>
      </object_component>
      <object_component id="oc-1c1">
         <name>.text.PRCMLPDSIntervalSet</name>
         <load_address>0x2000e904</load_address>
         <readonly>true</readonly>
         <executable>true</executable>
         <run_address>0x2000e904</run_address>
         <size>0x30</size>
         <alignment>0x2</alignment>
         <input_file_ref idref="fl-27"/>
      </object_component>
      <object_component id="oc-1f6">
         <name>.text.PRCMSlowClkCtrFastGet</name>
         <load_address>0x2000e934</load_address>
         <readonly>true</readonly>
         <executable>true</executable>
         <run_address>0x2000e934</run_address>
         <size>0x30</size>
         <alignment>0x2</alignment>
         <input_file_ref idref="fl-27"/>
      </object_component>
      <object_component id="oc-1e0">
         <name>.text.TimerLoadSet</name>
         <load_address>0x2000e964</load_address>
         <readonly>true</readonly>
         <executable>true</executable>
         <run_address>0x2000e964</run_address>
         <size>0x30</size>
         <alignment>0x2</alignment>
         <input_file_ref idref="fl-2a"/>
      </object_component>
      <object_component id="oc-1df">
         <name>.text.TimerPrescaleSet</name>
         <load_address>0x2000e994</load_address>
         <readonly>true</readonly>
         <executable>true</executable>
         <run_address>0x2000e994</run_address>
         <size>0x30</size>
         <alignment>0x2</alignment>
         <input_file_ref idref="fl-2a"/>
      </object_component>
      <object_component id="oc-1fe">
         <name>.text.notify</name>
         <load_address>0x2000e9c4</load_address>
         <readonly>true</readonly>
         <executable>true</executable>
         <run_address>0x2000e9c4</run_address>
         <size>0x30</size>
         <alignment>0x4</alignment>
         <input_file_ref idref="fl-16"/>
      </object_component>
      <object_component id="oc-1aa">
         <name>.text.GPIOIntStatus</name>
         <load_address>0x2000e9f4</load_address>
         <readonly>true</readonly>
         <executable>true</executable>
         <run_address>0x2000e9f4</run_address>
         <size>0x2e</size>
         <alignment>0x2</alignment>
         <input_file_ref idref="fl-23"/>
      </object_component>
      <object_component id="oc-152">
         <name>.text.HwiP_create</name>
         <load_address>0x2000ea22</load_address>
         <readonly>true</readonly>
         <executable>true</executable>
         <run_address>0x2000ea22</run_address>
         <size>0x2a</size>
         <alignment>0x2</alignment>
         <input_file_ref idref="fl-1e"/>
      </object_component>
      <object_component id="oc-169">
         <name>.text.PRCMLPDSWakeUpGPIOSelect</name>
         <load_address>0x2000ea4c</load_address>
         <readonly>true</readonly>
         <executable>true</executable>
         <run_address>0x2000ea4c</run_address>
         <size>0x2a</size>
         <alignment>0x2</alignment>
         <input_file_ref idref="fl-27"/>
      </object_component>
      <object_component id="oc-110">
         <name>.text.PRCMPeripheralClkDisable</name>
         <load_address>0x2000ea76</load_address>
         <readonly>true</readonly>
         <executable>true</executable>
         <run_address>0x2000ea76</run_address>
         <size>0x2a</size>
         <alignment>0x2</alignment>
         <input_file_ref idref="fl-27"/>
      </object_component>
      <object_component id="oc-213">
         <name>.text.List_remove</name>
         <load_address>0x2000eaa0</load_address>
         <readonly>true</readonly>
         <executable>true</executable>
         <run_address>0x2000eaa0</run_address>
         <size>0x28</size>
         <alignment>0x2</alignment>
         <input_file_ref idref="fl-1a"/>
      </object_component>
      <object_component id="oc-1ff">
         <name>.text.PRCMSRAMRetentionEnable</name>
         <load_address>0x2000eac8</load_address>
         <readonly>true</readonly>
         <executable>true</executable>
         <run_address>0x2000eac8</run_address>
         <size>0x28</size>
         <alignment>0x2</alignment>
         <input_file_ref idref="fl-27"/>
      </object_component>
      <object_component id="oc-212">
         <name>.text.TimerSupport_timerDisable</name>
         <load_address>0x2000eaf0</load_address>
         <readonly>true</readonly>
         <executable>true</executable>
         <run_address>0x2000eaf0</run_address>
         <size>0x28</size>
         <alignment>0x2</alignment>
         <input_file_ref idref="fl-19"/>
      </object_component>
      <object_component id="oc-1ce">
         <name>.text.free_list_insert</name>
         <load_address>0x2000eb18</load_address>
         <readonly>true</readonly>
         <executable>true</executable>
         <run_address>0x2000eb18</run_address>
         <size>0x28</size>
         <alignment>0x4</alignment>
         <input_file_ref idref="fl-3b"/>
      </object_component>
      <object_component id="oc-234">
         <name>.text.IntUnregister</name>
         <load_address>0x2000eb40</load_address>
         <readonly>true</readonly>
         <executable>true</executable>
         <run_address>0x2000eb40</run_address>
         <size>0x24</size>
         <alignment>0x2</alignment>
         <input_file_ref idref="fl-25"/>
      </object_component>
      <object_component id="oc-181">
         <name>.text.List_put</name>
         <load_address>0x2000eb64</load_address>
         <readonly>true</readonly>
         <executable>true</executable>
         <run_address>0x2000eb64</run_address>
         <size>0x24</size>
         <alignment>0x2</alignment>
         <input_file_ref idref="fl-1a"/>
      </object_component>
      <object_component id="oc-167">
         <name>.text.PRCMLPDSWakeupSourceEnable</name>
         <load_address>0x2000eb88</load_address>
         <readonly>true</readonly>
         <executable>true</executable>
         <run_address>0x2000eb88</run_address>
         <size>0x24</size>
         <alignment>0x2</alignment>
         <input_file_ref idref="fl-27"/>
      </object_component>
      <object_component id="oc-20a">
         <name>.text.PowerCC32XX_restoreParkedPin</name>
         <load_address>0x2000ebac</load_address>
         <readonly>true</readonly>
         <executable>true</executable>
         <run_address>0x2000ebac</run_address>
         <size>0x24</size>
         <alignment>0x2</alignment>
         <input_file_ref idref="fl-16"/>
      </object_component>
      <object_component id="oc-129">
         <name>.text.Power_registerNotify</name>
         <load_address>0x2000ebd0</load_address>
         <readonly>true</readonly>
         <executable>true</executable>
         <run_address>0x2000ebd0</run_address>
         <size>0x24</size>
         <alignment>0x4</alignment>
         <input_file_ref idref="fl-16"/>
      </object_component>
      <object_component id="oc-76">
         <name>.text:_c_int00_noargs</name>
         <load_address>0x2000ebf4</load_address>
         <readonly>true</readonly>
         <executable>true</executable>
         <run_address>0x2000ebf4</run_address>
         <size>0x24</size>
         <alignment>0x4</alignment>
         <input_file_ref idref="fl-3c"/>
      </object_component>
      <object_component id="oc-145">
         <name>.text.GPIOPinWrite</name>
         <load_address>0x2000ec18</load_address>
         <readonly>true</readonly>
         <executable>true</executable>
         <run_address>0x2000ec18</run_address>
         <size>0x22</size>
         <alignment>0x2</alignment>
         <input_file_ref idref="fl-23"/>
      </object_component>
      <object_component id="oc-209">
         <name>.text.PinUnlock</name>
         <load_address>0x2000ec3a</load_address>
         <readonly>true</readonly>
         <executable>true</executable>
         <run_address>0x2000ec3a</run_address>
         <size>0x22</size>
         <alignment>0x2</alignment>
         <input_file_ref idref="fl-26"/>
      </object_component>
      <object_component id="oc-1eb">
         <name>.text.IntRegister</name>
         <load_address>0x2000ec5c</load_address>
         <readonly>true</readonly>
         <executable>true</executable>
         <run_address>0x2000ec5c</run_address>
         <size>0x20</size>
         <alignment>0x2</alignment>
         <input_file_ref idref="fl-25"/>
      </object_component>
      <object_component id="oc-1d5">
         <name>.text.Power_unregisterNotify</name>
         <load_address>0x2000ec7c</load_address>
         <readonly>true</readonly>
         <executable>true</executable>
         <run_address>0x2000ec7c</run_address>
         <size>0x20</size>
         <alignment>0x4</alignment>
         <input_file_ref idref="fl-16"/>
      </object_component>
      <object_component id="oc-192">
         <name>.text.SemaphoreP_constructBinary</name>
         <load_address>0x2000ec9c</load_address>
         <readonly>true</readonly>
         <executable>true</executable>
         <run_address>0x2000ec9c</run_address>
         <size>0x20</size>
         <alignment>0x4</alignment>
         <input_file_ref idref="fl-1c"/>
      </object_component>
      <object_component id="oc-11f">
         <name>.text.SemaphoreP_createBinary</name>
         <load_address>0x2000ecbc</load_address>
         <readonly>true</readonly>
         <executable>true</executable>
         <run_address>0x2000ecbc</run_address>
         <size>0x20</size>
         <alignment>0x4</alignment>
         <input_file_ref idref="fl-1c"/>
      </object_component>
      <object_component id="oc-1da">
         <name>.text.TimerDisable</name>
         <load_address>0x2000ecdc</load_address>
         <readonly>true</readonly>
         <executable>true</executable>
         <run_address>0x2000ecdc</run_address>
         <size>0x20</size>
         <alignment>0x2</alignment>
         <input_file_ref idref="fl-2a"/>
      </object_component>
      <object_component id="oc-ef">
         <name>.text.GPIO_setCallback</name>
         <load_address>0x2000ecfc</load_address>
         <readonly>true</readonly>
         <executable>true</executable>
         <run_address>0x2000ecfc</run_address>
         <size>0x1c</size>
         <alignment>0x4</alignment>
         <input_file_ref idref="fl-14"/>
      </object_component>
      <object_component id="oc-1f0">
         <name>.text.HwiP_dispatch</name>
         <load_address>0x2000ed18</load_address>
         <readonly>true</readonly>
         <executable>true</executable>
         <run_address>0x2000ed18</run_address>
         <size>0x1c</size>
         <alignment>0x4</alignment>
         <input_file_ref idref="fl-1e"/>
      </object_component>
      <object_component id="oc-1ad">
         <name>.text.SwiP_disable</name>
         <load_address>0x2000ed34</load_address>
         <readonly>true</readonly>
         <executable>true</executable>
         <run_address>0x2000ed34</run_address>
         <size>0x1c</size>
         <alignment>0x4</alignment>
         <input_file_ref idref="fl-21"/>
      </object_component>
      <object_component id="oc-1cd">
         <name>.text.free_list_remove</name>
         <load_address>0x2000ed50</load_address>
         <readonly>true</readonly>
         <executable>true</executable>
         <run_address>0x2000ed50</run_address>
         <size>0x1c</size>
         <alignment>0x4</alignment>
         <input_file_ref idref="fl-3b"/>
      </object_component>
      <object_component id="oc-1d2">
         <name>.text.getPowerMgrId</name>
         <load_address>0x2000ed6c</load_address>
         <readonly>true</readonly>
         <executable>true</executable>
         <run_address>0x2000ed6c</run_address>
         <size>0x1c</size>
         <alignment>0x4</alignment>
         <input_file_ref idref="fl-19"/>
      </object_component>
      <object_component id="oc-21">
         <name>.text.resetISR</name>
         <load_address>0x2000ed88</load_address>
         <readonly>true</readonly>
         <executable>true</executable>
         <run_address>0x2000ed88</run_address>
         <size>0x1c</size>
         <alignment>0x2</alignment>
         <input_file_ref idref="fl-20"/>
      </object_component>
      <object_component id="oc-1f1">
         <name>.text.GPIOIntDisable</name>
         <load_address>0x2000eda4</load_address>
         <readonly>true</readonly>
         <executable>true</executable>
         <run_address>0x2000eda4</run_address>
         <size>0x1a</size>
         <alignment>0x2</alignment>
         <input_file_ref idref="fl-23"/>
      </object_component>
      <object_component id="oc-10d">
         <name>.text.PRCMHIBRegRead</name>
         <load_address>0x2000edbe</load_address>
         <readonly>true</readonly>
         <executable>true</executable>
         <run_address>0x2000edbe</run_address>
         <size>0x1a</size>
         <alignment>0x2</alignment>
         <input_file_ref idref="fl-27"/>
      </object_component>
      <object_component id="oc-10c">
         <name>.text.PRCMHIBRegWrite</name>
         <load_address>0x2000edd8</load_address>
         <readonly>true</readonly>
         <executable>true</executable>
         <run_address>0x2000edd8</run_address>
         <size>0x1a</size>
         <alignment>0x2</alignment>
         <input_file_ref idref="fl-27"/>
      </object_component>
      <object_component id="oc-168">
         <name>.text.PRCMLPDSWakeupSourceDisable</name>
         <load_address>0x2000edf2</load_address>
         <readonly>true</readonly>
         <executable>true</executable>
         <run_address>0x2000edf2</run_address>
         <size>0x1a</size>
         <alignment>0x2</alignment>
         <input_file_ref idref="fl-27"/>
      </object_component>
      <object_component id="oc-202">
         <name>.text.PinToPadGet</name>
         <load_address>0x2000ee0c</load_address>
         <readonly>true</readonly>
         <executable>true</executable>
         <run_address>0x2000ee0c</run_address>
         <size>0x1a</size>
         <alignment>0x2</alignment>
         <input_file_ref idref="fl-26"/>
      </object_component>
      <object_component id="oc-1e7">
         <name>.text.TimerEnable</name>
         <load_address>0x2000ee26</load_address>
         <readonly>true</readonly>
         <executable>true</executable>
         <run_address>0x2000ee26</run_address>
         <size>0x1a</size>
         <alignment>0x2</alignment>
         <input_file_ref idref="fl-2a"/>
      </object_component>
      <object_component id="oc-14e">
         <name>.text.GPIOIntEnable</name>
         <load_address>0x2000ee40</load_address>
         <readonly>true</readonly>
         <executable>true</executable>
         <run_address>0x2000ee40</run_address>
         <size>0x18</size>
         <alignment>0x2</alignment>
         <input_file_ref idref="fl-23"/>
      </object_component>
      <object_component id="oc-175">
         <name>.text.SemaphoreP_create</name>
         <load_address>0x2000ee58</load_address>
         <readonly>true</readonly>
         <executable>true</executable>
         <run_address>0x2000ee58</run_address>
         <size>0x18</size>
         <alignment>0x2</alignment>
         <input_file_ref idref="fl-1c"/>
      </object_component>
      <object_component id="oc-f8">
         <name>.text.gpioButtonCallback</name>
         <load_address>0x2000ee70</load_address>
         <readonly>true</readonly>
         <executable>true</executable>
         <run_address>0x2000ee70</run_address>
         <size>0x18</size>
         <alignment>0x4</alignment>
         <input_file_ref idref="fl-1"/>
      </object_component>
      <object_component id="oc-a6">
         <name>.text.Board_init</name>
         <load_address>0x2000ee88</load_address>
         <readonly>true</readonly>
         <executable>true</executable>
         <run_address>0x2000ee88</run_address>
         <size>0x16</size>
         <alignment>0x2</alignment>
         <input_file_ref idref="fl-2"/>
      </object_component>
      <object_component id="oc-1c4">
         <name>.text.SysTickPeriodSet</name>
         <load_address>0x2000ee9e</load_address>
         <readonly>true</readonly>
         <executable>true</executable>
         <run_address>0x2000ee9e</run_address>
         <size>0x16</size>
         <alignment>0x2</alignment>
         <input_file_ref idref="fl-29"/>
      </object_component>
      <object_component id="oc-230">
         <name>.text.TimerIntDisable</name>
         <load_address>0x2000eeb4</load_address>
         <readonly>true</readonly>
         <executable>true</executable>
         <run_address>0x2000eeb4</run_address>
         <size>0x16</size>
         <alignment>0x2</alignment>
         <input_file_ref idref="fl-2a"/>
      </object_component>
      <object_component id="oc-6c">
         <name>.text.CPUcpsid</name>
         <load_address>0x2000eeca</load_address>
         <readonly>true</readonly>
         <executable>true</executable>
         <run_address>0x2000eeca</run_address>
         <size>0x14</size>
         <alignment>0x2</alignment>
         <input_file_ref idref="fl-22"/>
      </object_component>
      <object_component id="oc-18d">
         <name>.text.CPUcpsie</name>
         <load_address>0x2000eede</load_address>
         <readonly>true</readonly>
         <executable>true</executable>
         <run_address>0x2000eede</run_address>
         <size>0x14</size>
         <alignment>0x2</alignment>
         <input_file_ref idref="fl-22"/>
      </object_component>
      <object_component id="oc-215">
         <name>.text.HwiP_destruct</name>
         <load_address>0x2000eef2</load_address>
         <readonly>true</readonly>
         <executable>true</executable>
         <run_address>0x2000eef2</run_address>
         <size>0x14</size>
         <alignment>0x2</alignment>
         <input_file_ref idref="fl-1e"/>
      </object_component>
      <object_component id="oc-73">
         <name>.text.IntVTableBaseSet</name>
         <load_address>0x2000ef06</load_address>
         <readonly>true</readonly>
         <executable>true</executable>
         <run_address>0x2000ef06</run_address>
         <size>0x14</size>
         <alignment>0x2</alignment>
         <input_file_ref idref="fl-25"/>
      </object_component>
      <object_component id="oc-54">
         <name>.text.nmiISR</name>
         <load_address>0x2000ef1a</load_address>
         <readonly>true</readonly>
         <executable>true</executable>
         <run_address>0x2000ef1a</run_address>
         <size>0x2</size>
         <alignment>0x2</alignment>
         <input_file_ref idref="fl-20"/>
      </object_component>
      <object_component id="oc-188">
         <name>.text.Power_disablePolicy</name>
         <load_address>0x2000ef1c</load_address>
         <readonly>true</readonly>
         <executable>true</executable>
         <run_address>0x2000ef1c</run_address>
         <size>0x14</size>
         <alignment>0x4</alignment>
         <input_file_ref idref="fl-16"/>
      </object_component>
      <object_component id="oc-1b5">
         <name>.text.Power_getTransitionLatency</name>
         <load_address>0x2000ef30</load_address>
         <readonly>true</readonly>
         <executable>true</executable>
         <run_address>0x2000ef30</run_address>
         <size>0x14</size>
         <alignment>0x4</alignment>
         <input_file_ref idref="fl-16"/>
      </object_component>
      <object_component id="oc-1cc">
         <name>.text.Power_idleFunc</name>
         <load_address>0x2000ef44</load_address>
         <readonly>true</readonly>
         <executable>true</executable>
         <run_address>0x2000ef44</run_address>
         <size>0x14</size>
         <alignment>0x4</alignment>
         <input_file_ref idref="fl-16"/>
      </object_component>
      <object_component id="oc-1e5">
         <name>.text.TimerIntEnable</name>
         <load_address>0x2000ef58</load_address>
         <readonly>true</readonly>
         <executable>true</executable>
         <run_address>0x2000ef58</run_address>
         <size>0x14</size>
         <alignment>0x2</alignment>
         <input_file_ref idref="fl-2a"/>
      </object_component>
      <object_component id="oc-1b8">
         <name>.text.__aeabi_uldivmod</name>
         <load_address>0x2000ef6c</load_address>
         <readonly>true</readonly>
         <executable>true</executable>
         <run_address>0x2000ef6c</run_address>
         <size>0x14</size>
         <alignment>0x4</alignment>
         <input_file_ref idref="fl-ae"/>
      </object_component>
      <object_component id="oc-17b">
         <name>.text.ClockP_add</name>
         <load_address>0x2000ef80</load_address>
         <readonly>true</readonly>
         <executable>true</executable>
         <run_address>0x2000ef80</run_address>
         <size>0x12</size>
         <alignment>0x2</alignment>
         <input_file_ref idref="fl-1d"/>
      </object_component>
      <object_component id="oc-1a9">
         <name>.text.GPIOIntClear</name>
         <load_address>0x2000ef92</load_address>
         <readonly>true</readonly>
         <executable>true</executable>
         <run_address>0x2000ef92</run_address>
         <size>0x12</size>
         <alignment>0x2</alignment>
         <input_file_ref idref="fl-23"/>
      </object_component>
      <object_component id="oc-151">
         <name>.text.HwiP_Params_init</name>
         <load_address>0x2000efa4</load_address>
         <readonly>true</readonly>
         <executable>true</executable>
         <run_address>0x2000efa4</run_address>
         <size>0x12</size>
         <alignment>0x2</alignment>
         <input_file_ref idref="fl-1e"/>
      </object_component>
      <object_component id="oc-1d7">
         <name>.text.HwiP_delete</name>
         <load_address>0x2000efb6</load_address>
         <readonly>true</readonly>
         <executable>true</executable>
         <run_address>0x2000efb6</run_address>
         <size>0x12</size>
         <alignment>0x2</alignment>
         <input_file_ref idref="fl-1e"/>
      </object_component>
      <object_component id="oc-1c5">
         <name>.text.SysTickEnable</name>
         <load_address>0x2000efc8</load_address>
         <readonly>true</readonly>
         <executable>true</executable>
         <run_address>0x2000efc8</run_address>
         <size>0x12</size>
         <alignment>0x2</alignment>
         <input_file_ref idref="fl-29"/>
      </object_component>
      <object_component id="oc-1bc">
         <name>.text.SysTickIntDisable</name>
         <load_address>0x2000efda</load_address>
         <readonly>true</readonly>
         <executable>true</executable>
         <run_address>0x2000efda</run_address>
         <size>0x12</size>
         <alignment>0x2</alignment>
         <input_file_ref idref="fl-29"/>
      </object_component>
      <object_component id="oc-1c6">
         <name>.text.SysTickIntEnable</name>
         <load_address>0x2000efec</load_address>
         <readonly>true</readonly>
         <executable>true</executable>
         <run_address>0x2000efec</run_address>
         <size>0x12</size>
         <alignment>0x2</alignment>
         <input_file_ref idref="fl-29"/>
      </object_component>
      <object_component id="oc-81">
         <name>.text:TI_memcpy_small</name>
         <load_address>0x2000effe</load_address>
         <readonly>true</readonly>
         <executable>true</executable>
         <run_address>0x2000effe</run_address>
         <size>0x12</size>
         <alignment>0x1</alignment>
         <input_file_ref idref="fl-b1"/>
      </object_component>
      <object_component id="oc-43">
         <name>.text:decompress:ZI:__TI_zero_init_nomemset</name>
         <load_address>0x2000f010</load_address>
         <readonly>true</readonly>
         <executable>true</executable>
         <run_address>0x2000f010</run_address>
         <size>0x12</size>
         <alignment>0x2</alignment>
         <input_file_ref idref="fl-41"/>
      </object_component>
      <object_component id="oc-193">
         <name>.text.ClockP_getCpuFreq</name>
         <load_address>0x2000f024</load_address>
         <readonly>true</readonly>
         <executable>true</executable>
         <run_address>0x2000f024</run_address>
         <size>0x10</size>
         <alignment>0x4</alignment>
         <input_file_ref idref="fl-1d"/>
      </object_component>
      <object_component id="oc-1b6">
         <name>.text.ClockP_getSystemTicks</name>
         <load_address>0x2000f034</load_address>
         <readonly>true</readonly>
         <executable>true</executable>
         <run_address>0x2000f034</run_address>
         <size>0x10</size>
         <alignment>0x4</alignment>
         <input_file_ref idref="fl-1d"/>
      </object_component>
      <object_component id="oc-1c3">
         <name>.text.ClockP_setTicks</name>
         <load_address>0x2000f044</load_address>
         <readonly>true</readonly>
         <executable>true</executable>
         <run_address>0x2000f044</run_address>
         <size>0x10</size>
         <alignment>0x4</alignment>
         <input_file_ref idref="fl-1d"/>
      </object_component>
      <object_component id="oc-187">
         <name>.text.HwiP_inISR</name>
         <load_address>0x2000f054</load_address>
         <readonly>true</readonly>
         <executable>true</executable>
         <run_address>0x2000f054</run_address>
         <size>0x10</size>
         <alignment>0x4</alignment>
         <input_file_ref idref="fl-1e"/>
      </object_component>
      <object_component id="oc-17e">
         <name>.text.Power_enablePolicy</name>
         <load_address>0x2000f064</load_address>
         <readonly>true</readonly>
         <executable>true</executable>
         <run_address>0x2000f064</run_address>
         <size>0x10</size>
         <alignment>0x4</alignment>
         <input_file_ref idref="fl-16"/>
      </object_component>
      <object_component id="oc-1e4">
         <name>.text.TimerIntClear</name>
         <load_address>0x2000f074</load_address>
         <readonly>true</readonly>
         <executable>true</executable>
         <run_address>0x2000f074</run_address>
         <size>0x10</size>
         <alignment>0x2</alignment>
         <input_file_ref idref="fl-2a"/>
      </object_component>
      <object_component id="oc-13b">
         <name>.text.Timer_Params_init</name>
         <load_address>0x2000f084</load_address>
         <readonly>true</readonly>
         <executable>true</executable>
         <run_address>0x2000f084</run_address>
         <size>0x10</size>
         <alignment>0x4</alignment>
         <input_file_ref idref="fl-18"/>
      </object_component>
      <object_component id="oc-8f">
         <name>.text.main</name>
         <load_address>0x2000f094</load_address>
         <readonly>true</readonly>
         <executable>true</executable>
         <run_address>0x2000f094</run_address>
         <size>0x10</size>
         <alignment>0x2</alignment>
         <input_file_ref idref="fl-3"/>
      </object_component>
      <object_component id="oc-1c">
         <name>.text:decompress:none</name>
         <load_address>0x2000f0a4</load_address>
         <readonly>true</readonly>
         <executable>true</executable>
         <run_address>0x2000f0a4</run_address>
         <size>0xe</size>
         <alignment>0x2</alignment>
         <input_file_ref idref="fl-42"/>
      </object_component>
      <object_component id="oc-20f">
         <name>.text.CPUwfi</name>
         <load_address>0x2000f0b2</load_address>
         <readonly>true</readonly>
         <executable>true</executable>
         <run_address>0x2000f0b2</run_address>
         <size>0xc</size>
         <alignment>0x2</alignment>
         <input_file_ref idref="fl-22"/>
      </object_component>
      <object_component id="oc-20b">
         <name>.text.PRCMLPDSWakeupCauseGet</name>
         <load_address>0x2000f0be</load_address>
         <readonly>true</readonly>
         <executable>true</executable>
         <run_address>0x2000f0be</run_address>
         <size>0xc</size>
         <alignment>0x2</alignment>
         <input_file_ref idref="fl-27"/>
      </object_component>
      <object_component id="oc-1b3">
         <name>.text.Power_getConstraintMask</name>
         <load_address>0x2000f0cc</load_address>
         <readonly>true</readonly>
         <executable>true</executable>
         <run_address>0x2000f0cc</run_address>
         <size>0xc</size>
         <alignment>0x4</alignment>
         <input_file_ref idref="fl-16"/>
      </object_component>
      <object_component id="oc-19a">
         <name>.text.postNotifyFxn</name>
         <load_address>0x2000f0d8</load_address>
         <readonly>true</readonly>
         <executable>true</executable>
         <run_address>0x2000f0d8</run_address>
         <size>0xc</size>
         <alignment>0x2</alignment>
         <input_file_ref idref="fl-19"/>
      </object_component>
      <object_component id="oc-17d">
         <name>.text.ClockP_isActive</name>
         <load_address>0x2000f0e4</load_address>
         <readonly>true</readonly>
         <executable>true</executable>
         <run_address>0x2000f0e4</run_address>
         <size>0xa</size>
         <alignment>0x2</alignment>
         <input_file_ref idref="fl-1d"/>
      </object_component>
      <object_component id="oc-4a">
         <name>.text.IntMasterDisable</name>
         <load_address>0x2000f0ee</load_address>
         <readonly>true</readonly>
         <executable>true</executable>
         <run_address>0x2000f0ee</run_address>
         <size>0xa</size>
         <alignment>0x2</alignment>
         <input_file_ref idref="fl-25"/>
      </object_component>
      <object_component id="oc-132">
         <name>.text.IntMasterEnable</name>
         <load_address>0x2000f0f8</load_address>
         <readonly>true</readonly>
         <executable>true</executable>
         <run_address>0x2000f0f8</run_address>
         <size>0xa</size>
         <alignment>0x2</alignment>
         <input_file_ref idref="fl-25"/>
      </object_component>
      <object_component id="oc-125">
         <name>.text.HwiP_disable</name>
         <load_address>0x2000f102</load_address>
         <readonly>true</readonly>
         <executable>true</executable>
         <run_address>0x2000f102</run_address>
         <size>0x8</size>
         <alignment>0x2</alignment>
         <input_file_ref idref="fl-1e"/>
      </object_component>
      <object_component id="oc-126">
         <name>.text.HwiP_restore</name>
         <load_address>0x2000f10a</load_address>
         <readonly>true</readonly>
         <executable>true</executable>
         <run_address>0x2000f10a</run_address>
         <size>0x8</size>
         <alignment>0x2</alignment>
         <input_file_ref idref="fl-1e"/>
      </object_component>
      <object_component id="oc-1c7">
         <name>.text.PRCMSleepEnter</name>
         <load_address>0x2000f112</load_address>
         <readonly>true</readonly>
         <executable>true</executable>
         <run_address>0x2000f112</run_address>
         <size>0x8</size>
         <alignment>0x2</alignment>
         <input_file_ref idref="fl-27"/>
      </object_component>
      <object_component id="oc-108">
[...]
         <object_component_ref idref="oc-1cf"/>
      </symbol>
      <symbol id="sm-1d2">
         <name>ClockP_destruct</name>
         <value>0x2000e619</value>
         <object_component_ref idref="oc-17f"/>
      </symbol>
      <symbol id="sm-1d3">
         <name>ClockP_doTick</name>
         <value>0x2000f12b</value>
         <object_component_ref idref="oc-1c9"/>
      </symbol>
      <symbol id="sm-1d4">
         <name>ClockP_getCpuFreq</name>
         <value>0x2000f025</value>
         <object_component_ref idref="oc-193"/>
      </symbol>
      <symbol id="sm-1d5">
         <name>ClockP_getSystemTicks</name>
         <value>0x2000f035</value>
         <object_component_ref idref="oc-1b6"/>
      </symbol>
      <symbol id="sm-1d6">
         <name>ClockP_getTicksUntilInterrupt</name>
         <value>0x2000e8d5</value>
         <object_component_ref idref="oc-1b4"/>
      </symbol>
      <symbol id="sm-1d7">
         <name>ClockP_isActive</name>
         <value>0x2000f0e5</value>
         <object_component_ref idref="oc-17d"/>
      </symbol>
      <symbol id="sm-1d8">
         <name>ClockP_setTicks</name>
         <value>0x2000f045</value>
         <object_component_ref idref="oc-1c3"/>
      </symbol>
      <symbol id="sm-1d9">
         <name>ClockP_tickPeriod</name>
         <value>0x2000f80c</value>
         <object_component_ref idref="oc-1ca"/>
      </symbol>
      <symbol id="sm-1fe">
         <name>HwiP_enable</name>
         <value>0x2000f133</value>
         <object_component_ref idref="oc-e5"/>
      </symbol>
      <symbol id="sm-1ff">
         <name>HwiP_disable</name>
         <value>0x2000f103</value>
         <object_component_ref idref="oc-125"/>
      </symbol>
      <symbol id="sm-200">
         <name>HwiP_restore</name>
         <value>0x2000f10b</value>
         <object_component_ref idref="oc-126"/>
      </symbol>
      <symbol id="sm-201">
         <name>HwiP_clearInterrupt</name>
         <value>0x2000f12f</value>
         <object_component_ref idref="oc-1d6"/>
      </symbol>
      <symbol id="sm-202">
         <name>HwiP_destruct</name>
         <value>0x2000eef3</value>
         <object_component_ref idref="oc-215"/>
      </symbol>
      <symbol id="sm-203">
         <name>HwiP_delete</name>
         <value>0x2000efb7</value>
         <object_component_ref idref="oc-1d7"/>
      </symbol>
      <symbol id="sm-204">
         <name>HwiP_dispatch</name>
         <value>0x2000ed19</value>
         <object_component_ref idref="oc-1f0"/>
      </symbol>
      <symbol id="sm-205">
         <name>HwiP_construct</name>
         <value>0x2000d6c1</value>
         <object_component_ref idref="oc-1a6"/>
      </symbol>
      <symbol id="sm-206">
         <name>HwiP_swiPIntNum</name>
         <value>0x2000f7f4</value>
         <object_component_ref idref="oc-1ee"/>
      </symbol>
      <symbol id="sm-207">
         <name>HwiP_Params_init</name>
         <value>0x2000efa5</value>
         <object_component_ref idref="oc-151"/>
      </symbol>
      <symbol id="sm-208">
         <name>HwiP_create</name>
         <value>0x2000ea23</value>
         <object_component_ref idref="oc-152"/>
      </symbol>
      <symbol id="sm-209">
         <name>HwiP_post</name>
         <value>0x2000f137</value>
         <object_component_ref idref="oc-210"/>
      </symbol>
      <symbol id="sm-20a">
         <name>HwiP_inISR</name>
         <value>0x2000f055</value>
         <object_component_ref idref="oc-187"/>
      </symbol>
      <symbol id="sm-21a">
         <name>PowerCC32XX_initPolicy</name>
         <value>0x2000d427</value>
         <object_component_ref idref="oc-16d"/>
      </symbol>
      <symbol id="sm-21b">
         <name>PowerCC32XX_sleepPolicy</name>
         <value>0x2000c8dd</value>
         <object_component_ref idref="oc-172"/>
      </symbol>
      <symbol id="sm-238">
         <name>resetISR</name>
         <value>0x2000ed89</value>
         <object_component_ref idref="oc-21"/>
      </symbol>
      <symbol id="sm-239">
         <name>initVectors</name>
         <value>0x2000e8a1</value>
         <object_component_ref idref="oc-4f"/>
      </symbol>
      <symbol id="sm-24e">
         <name>SwiP_disable</name>
         <value>0x2000ed35</value>
         <object_component_ref idref="oc-1ad"/>
      </symbol>
      <symbol id="sm-24f">
         <name>SwiP_restore</name>
         <value>0x2000e689</value>
         <object_component_ref idref="oc-1c8"/>
      </symbol>
      <symbol id="sm-266">
         <name>CPUcpsid</name>
         <value>0x2000eecb</value>
         <object_component_ref idref="oc-6c"/>
      </symbol>
      <symbol id="sm-267">
         <name>CPUcpsie</name>
         <value>0x2000eedf</value>
         <object_component_ref idref="oc-18d"/>
      </symbol>
      <symbol id="sm-268">
         <name>CPUwfi</name>
         <value>0x2000f0b3</value>
         <object_component_ref idref="oc-20f"/>
      </symbol>
      <symbol id="sm-2a1">
         <name>GPIODirModeSet</name>
         <value>0x2000e203</value>
         <object_component_ref idref="oc-153"/>
      </symbol>
      <symbol id="sm-2a2">
         <name>GPIOIntClear</name>
         <value>0x2000ef93</value>
         <object_component_ref idref="oc-1a9"/>
      </symbol>
      <symbol id="sm-2a3">
         <name>GPIOIntDisable</name>
         <value>0x2000eda5</value>
         <object_component_ref idref="oc-1f1"/>
      </symbol>
      <symbol id="sm-2a4">
         <name>GPIOIntEnable</name>
         <value>0x2000ee41</value>
         <object_component_ref idref="oc-14e"/>
      </symbol>
      <symbol id="sm-2a5">
         <name>GPIOIntStatus</name>
         <value>0x2000e9f5</value>
         <object_component_ref idref="oc-1aa"/>
      </symbol>
      <symbol id="sm-2a6">
         <name>GPIOIntTypeSet</name>
         <value>0x2000d105</value>
         <object_component_ref idref="oc-1a7"/>
      </symbol>
      <symbol id="sm-2a7">
         <name>GPIOPinWrite</name>
         <value>0x2000ec19</value>
         <object_component_ref idref="oc-145"/>
      </symbol>
      <symbol id="sm-2f7">
         <name>IntDisable</name>
         <value>0x2000cec5</value>
         <object_component_ref idref="oc-233"/>
      </symbol>
      <symbol id="sm-2f8">
         <name>IntEnable</name>
         <value>0x2000cf8d</value>
         <object_component_ref idref="oc-1ed"/>
      </symbol>
      <symbol id="sm-2f9">
         <name>IntMasterDisable</name>
         <value>0x2000f0ef</value>
         <object_component_ref idref="oc-4a"/>
      </symbol>
      <symbol id="sm-2fa">
         <name>IntMasterEnable</name>
         <value>0x2000f0f9</value>
         <object_component_ref idref="oc-132"/>
      </symbol>
      <symbol id="sm-2fb">
         <name>IntPendClear</name>
         <value>0x2000da33</value>
         <object_component_ref idref="oc-214"/>
      </symbol>
      <symbol id="sm-2fc">
         <name>IntPendSet</name>
         <value>0x2000d1b1</value>
         <object_component_ref idref="oc-22f"/>
      </symbol>
      <symbol id="sm-2fd">
         <name>IntPrioritySet</name>
         <value>0x2000dd25</value>
         <object_component_ref idref="oc-1ec"/>
      </symbol>
      <symbol id="sm-2fe">
         <name>IntRegister</name>
         <value>0x2000ec5d</value>
         <object_component_ref idref="oc-1eb"/>
      </symbol>
      <symbol id="sm-2ff">
         <name>IntUnregister</name>
         <value>0x2000eb41</value>
         <object_component_ref idref="oc-234"/>
      </symbol>
      <symbol id="sm-300">
         <name>IntVTableBaseSet</name>
         <value>0x2000ef07</value>
         <object_component_ref idref="oc-73"/>
      </symbol>
      <symbol id="sm-346">
         <name>PinConfigGet</name>
         <value>0x2000e175</value>
         <object_component_ref idref="oc-225"/>
      </symbol>
      <symbol id="sm-347">
         <name>PinConfigSet</name>
         <value>0x2000d255</value>
         <object_component_ref idref="oc-14f"/>
      </symbol>
      <symbol id="sm-348">
         <name>PinDirModeGet</name>
         <value>0x2000e7d1</value>
         <object_component_ref idref="oc-226"/>
      </symbol>
      <symbol id="sm-349">
         <name>PinDirModeSet</name>
         <value>0x2000e525</value>
         <object_component_ref idref="oc-227"/>
      </symbol>
      <symbol id="sm-34a">
         <name>PinLock</name>
         <value>0x2000e731</value>
         <object_component_ref idref="oc-203"/>
      </symbol>
      <symbol id="sm-34b">
         <name>PinLockLevelSet</name>
         <value>0x2000d819</value>
         <object_component_ref idref="oc-201"/>
      </symbol>
      <symbol id="sm-34c">
         <name>PinModeGet</name>
         <value>0x2000e805</value>
         <object_component_ref idref="oc-111"/>
      </symbol>
      <symbol id="sm-34d">
         <name>PinModeSet</name>
         <value>0x2000e39d</value>
         <object_component_ref idref="oc-116"/>
      </symbol>
      <symbol id="sm-34e">
         <name>PinToPadGet</name>
         <value>0x2000ee0d</value>
         <object_component_ref idref="oc-202"/>
      </symbol>
      <symbol id="sm-34f">
         <name>PinUnlock</name>
         <value>0x2000ec3b</value>
         <object_component_ref idref="oc-209"/>
      </symbol>
      <symbol id="sm-401">
         <name>PRCMCC3200MCUInit</name>
         <value>0x2000c041</value>
         <object_component_ref idref="oc-d2"/>
      </symbol>
      <symbol id="sm-402">
         <name>PRCMHIBRegRead</name>
         <value>0x2000edbf</value>
         <object_component_ref idref="oc-10d"/>
      </symbol>
      <symbol id="sm-403">
         <name>PRCMHIBRegWrite</name>
         <value>0x2000edd9</value>
         <object_component_ref idref="oc-10c"/>
      </symbol>
      <symbol id="sm-404">
         <name>PRCMHibernateWakeUpGPIOSelect</name>
         <value>0x2000d735</value>
         <object_component_ref idref="oc-16a"/>
      </symbol>
      <symbol id="sm-405">
         <name>PRCMHibernateWakeupSourceDisable</name>
         <value>0x2000dbb9</value>
         <object_component_ref idref="oc-16c"/>
      </symbol>
      <symbol id="sm-406">
         <name>PRCMHibernateWakeupSourceEnable</name>
         <value>0x2000decd</value>
         <object_component_ref idref="oc-16b"/>
      </symbol>
      <symbol id="sm-407">
         <name>PRCMIntEnable</name>
         <value>0x2000e0e5</value>
         <object_component_ref idref="oc-208"/>
      </symbol>
      <symbol id="sm-408">
         <name>PRCMLPDSEnter</name>
         <value>0x2000dd7d</value>
         <object_component_ref idref="oc-20e"/>
      </symbol>
      <symbol id="sm-409">
         <name>PRCMLPDSEnterKeepDebugIf</name>
         <value>0x2000e1bd</value>
         <object_component_ref idref="oc-20d"/>
      </symbol>
      <symbol id="sm-40a">
         <name>PRCMLPDSIntervalSet</name>
         <value>0x2000e905</value>
         <object_component_ref idref="oc-1c1"/>
      </symbol>
      <symbol id="sm-40b">
         <name>PRCMLPDSRestoreInfoSet</name>
         <value>0x2000dfb9</value>
         <object_component_ref idref="oc-228"/>
      </symbol>
      <symbol id="sm-40c">
         <name>PRCMLPDSWakeUpGPIOSelect</name>
         <value>0x2000ea4d</value>
         <object_component_ref idref="oc-169"/>
      </symbol>
      <symbol id="sm-40d">
         <name>PRCMLPDSWakeupCauseGet</name>
         <value>0x2000f0bf</value>
         <object_component_ref idref="oc-20b"/>
      </symbol>
      <symbol id="sm-40e">
         <name>PRCMLPDSWakeupSourceDisable</name>
         <value>0x2000edf3</value>
         <object_component_ref idref="oc-168"/>
      </symbol>
      <symbol id="sm-40f">
         <name>PRCMLPDSWakeupSourceEnable</name>
         <value>0x2000eb89</value>
         <object_component_ref idref="oc-167"/>
      </symbol>
      <symbol id="sm-410">
         <name>PRCMPeripheralClkDisable</name>
         <value>0x2000ea77</value>
         <object_component_ref idref="oc-110"/>
      </symbol>
      <symbol id="sm-411">
         <name>PRCMPeripheralClkEnable</name>
         <value>0x2000dc71</value>
         <object_component_ref idref="oc-10e"/>
      </symbol>
      <symbol id="sm-412">
         <name>PRCMPeripheralReset</name>
         <value>0x2000d9c9</value>
         <object_component_ref idref="oc-10f"/>
      </symbol>
      <symbol id="sm-413">
         <name>PRCMPeripheralStatusGet</name>
         <value>0x2000e12d</value>
         <object_component_ref idref="oc-1a4"/>
      </symbol>
      <symbol id="sm-414">
         <name>PRCMSRAMRetentionEnable</name>
         <value>0x2000eac9</value>
         <object_component_ref idref="oc-1ff"/>
      </symbol>
      <symbol id="sm-415">
         <name>PRCMSleepEnter</name>
         <value>0x2000f113</value>
         <object_component_ref idref="oc-1c7"/>
      </symbol>
      <symbol id="sm-416">
         <name>PRCMSlowClkCtrFastGet</name>
         <value>0x2000e935</value>
         <object_component_ref idref="oc-1f6"/>
      </symbol>
      <symbol id="sm-417">
         <name>PRCMSysResetCauseGet</name>
         <value>0x2000d4b9</value>
         <object_component_ref idref="oc-107"/>
      </symbol>
      <symbol id="sm-435">
         <name>SysTickEnable</name>
         <value>0x2000efc9</value>
         <object_component_ref idref="oc-1c5"/>
      </symbol>
      <symbol id="sm-436">
         <name>SysTickIntDisable</name>
         <value>0x2000efdb</value>
         <object_component_ref idref="oc-1bc"/>
      </symbol>
      <symbol id="sm-437">
         <name>SysTickIntEnable</name>
         <value>0x2000efed</value>
         <object_component_ref idref="oc-1c6"/>
      </symbol>
      <symbol id="sm-438">
         <name>SysTickPeriodSet</name>
         <value>0x2000ee9f</value>
         <object_component_ref idref="oc-1c4"/>
      </symbol>
      <symbol id="sm-477">
         <name>TimerControlStall</name>
         <value>0x2000e3df</value>
         <object_component_ref idref="oc-1e1"/>
      </symbol>
      <symbol id="sm-478">
         <name>TimerDisable</name>
         <value>0x2000ecdd</value>
         <object_component_ref idref="oc-1da"/>
      </symbol>
      <symbol id="sm-479">
         <name>TimerEnable</name>
         <value>0x2000ee27</value>
         <object_component_ref idref="oc-1e7"/>
      </symbol>
      <symbol id="sm-47a">
         <name>TimerIntClear</name>
         <value>0x2000f075</value>
         <object_component_ref idref="oc-1e4"/>
      </symbol>
      <symbol id="sm-47b">
         <name>TimerIntDisable</name>
         <value>0x2000eeb5</value>
         <object_component_ref idref="oc-230"/>
      </symbol>
      <symbol id="sm-47c">
         <name>TimerIntEnable</name>
         <value>0x2000ef59</value>
         <object_component_ref idref="oc-1e5"/>
      </symbol>
      <symbol id="sm-47d">
         <name>TimerLoadSet</name>
         <value>0x2000e965</value>
         <object_component_ref idref="oc-1e0"/>
      </symbol>
      <symbol id="sm-47e">
         <name>TimerPrescaleSet</name>
         <value>0x2000e995</value>
         <object_component_ref idref="oc-1df"/>
      </symbol>
      <symbol id="sm-489">
         <name>UtilsDelay</name>
         <value>0x2000f11b</value>
         <object_component_ref idref="oc-108"/>
      </symbol>
      <symbol id="sm-4b6">
         <name>FlashDisable</name>
         <value>0x2000db5d</value>
         <object_component_ref idref="oc-22a"/>
      </symbol>
      <symbol id="sm-4d6">
         <name>malloc</name>
         <value>0x2000f123</value>
         <object_component_ref idref="oc-1a5"/>
      </symbol>
      <symbol id="sm-4d7">
         <name>aligned_alloc</name>
         <value>0x2000ccb5</value>
         <object_component_ref idref="oc-1ea"/>
      </symbol>
      <symbol id="sm-4d8">
         <name>free</name>
         <value>0x2000cdd5</value>
         <object_component_ref idref="oc-179"/>
      </symbol>
      <symbol id="sm-4d9">
         <name>_sys_memory</name>
         <value>0x20004040</value>
         <object_component_ref idref="oc-31"/>
      </symbol>
      <symbol id="sm-4da">
         <name>memalign</name>
         <value>0x2000ccb5</value>
         <object_component_ref idref="oc-1ea"/>
      </symbol>
      <symbol id="sm-4e5">
         <name>_c_int00_noargs</name>
         <value>0x2000ebf5</value>
         <object_component_ref idref="oc-76"/>
      </symbol>
      <symbol id="sm-4e6">
         <name>__stack</name>
         <value>0x20003000</value>
         <object_component_ref idref="oc-16"/>
      </symbol>
      <symbol id="sm-4f2">
         <name>__TI_auto_init_nobinit_nopinit</name>
         <value>0x2000e6f9</value>
         <object_component_ref idref="oc-bf"/>
      </symbol>
      <symbol id="sm-4fa">
         <name>_system_pre_init</name>
         <value>0x2000f14d</value>
         <object_component_ref idref="oc-8b"/>
      </symbol>
      <symbol id="sm-505">
         <name>__TI_zero_init_nomemset</name>
         <value>0x2000f011</value>
         <object_component_ref idref="oc-43"/>
      </symbol>
      <symbol id="sm-50e">
         <name>__TI_decompress_none</name>
         <value>0x2000f0a5</value>
         <object_component_ref idref="oc-1c"/>
      </symbol>
      <symbol id="sm-518">
         <name>__TI_decompress_lzss</name>
         <value>0x2000d7a9</value>
         <object_component_ref idref="oc-18"/>
      </symbol>
      <symbol id="sm-522">
         <name>abort</name>
         <value>0x2000f151</value>
         <object_component_ref idref="oc-b8"/>
      </symbol>
      <symbol id="sm-523">
         <name>C$$EXIT</name>
         <value>0x2000f150</value>
         <object_component_ref idref="oc-b8"/>
      </symbol>
      <symbol id="sm-52c">
         <name>_nop</name>
         <value>0x2000ddd3</value>
         <object_component_ref idref="oc-158"/>
      </symbol>
      <symbol id="sm-52d">
         <name>_lock</name>
         <value>0x2000f810</value>
         <object_component_ref idref="oc-fd"/>
      </symbol>
      <symbol id="sm-52e">
         <name>_unlock</name>
         <value>0x2000f814</value>
         <object_component_ref idref="oc-100"/>
      </symbol>
      <symbol id="sm-535">
         <name>__aeabi_memcpy</name>
         <value>0x2000f149</value>
         <object_component_ref idref="oc-3c"/>
      </symbol>
      <symbol id="sm-536">
         <name>__aeabi_memcpy4</name>
         <value>0x2000f149</value>
         <object_component_ref idref="oc-3c"/>
      </symbol>
      <symbol id="sm-537">
         <name>__aeabi_memcpy8</name>
         <value>0x2000f149</value>
         <object_component_ref idref="oc-3c"/>
      </symbol>
      <symbol id="sm-53d">
         <name>__aeabi_uldivmod</name>
         <value>0x2000ef6d</value>
         <object_component_ref idref="oc-1b8"/>
      </symbol>
      <symbol id="sm-543">
         <name>__udivmoddi4</name>
         <value>0x2000d055</value>
         <object_component_ref idref="oc-1f7"/>
      </symbol>
      <symbol id="sm-54d">
         <name>__aeabi_ldiv0</name>
         <value>0x2000dccb</value>
         <object_component_ref idref="oc-21e"/>
      </symbol>
      <symbol id="sm-555">
         <name>TI_memcpy_small</name>
         <value>0x2000efff</value>
         <object_component_ref idref="oc-81"/>
      </symbol>
      <symbol id="sm-556">
         <name>__TI_static_base__</name>
         <value>0x2000fec0</value>
      </symbol>
      <symbol id="sm-559">
         <name>ITM_flush</name>
         <value>0x0</value>
      </symbol>
      <symbol id="sm-55a">
         <name>ITM_restore</name>
         <value>0x0</value>
      </symbol>
      <symbol id="sm-55b">
         <name>__mpu_init</name>
         <value>0x0</value>
      </symbol>
      <symbol id="sm-55c">
         <name>_system_post_cinit</name>
         <value>0x0</value>
      </symbol>
   </symbol_table>
   <title>Link successful</title>
</link_info>
